Archive member included to satisfy reference by file (symbol)

C:/Users/travi/.pico-sdk/toolchain/14_2_Rel1/bin/../lib/gcc/arm-none-eabi/14.2.1/thumb/v6-m/nofp\libgcc.a(_dvmd_tls.o)
                              CMakeFiles/Controller.dir/C_/Users/travi/.pico-sdk/sdk/2.2.0/src/rp2_common/pico_divider/divider_hardware.S.obj (__aeabi_idiv0)
C:/Users/travi/.pico-sdk/toolchain/14_2_Rel1/bin/../lib/gcc/arm-none-eabi/14.2.1/thumb/v6-m/nofp\libg.a(libc_a-calloc.o)
                              CMakeFiles/Controller.dir/C_/Users/travi/.pico-sdk/sdk/2.2.0/src/rp2_common/pico_malloc/malloc.c.obj (calloc)
C:/Users/travi/.pico-sdk/toolchain/14_2_Rel1/bin/../lib/gcc/arm-none-eabi/14.2.1/thumb/v6-m/nofp\libg.a(libc_a-callocr.o)
                              C:/Users/travi/.pico-sdk/toolchain/14_2_Rel1/bin/../lib/gcc/arm-none-eabi/14.2.1/thumb/v6-m/nofp\libg.a(libc_a-calloc.o) (_calloc_r)
C:/Users/travi/.pico-sdk/toolchain/14_2_Rel1/bin/../lib/gcc/arm-none-eabi/14.2.1/thumb/v6-m/nofp\libg.a(libc_a-malloc.o)
                              CMakeFiles/Controller.dir/C_/Users/travi/.pico-sdk/sdk/2.2.0/src/rp2_common/pico_malloc/malloc.c.obj (malloc)
C:/Users/travi/.pico-sdk/toolchain/14_2_Rel1/bin/../lib/gcc/arm-none-eabi/14.2.1/thumb/v6-m/nofp\libg.a(libc_a-mallocr.o)
                              C:/Users/travi/.pico-sdk/toolchain/14_2_Rel1/bin/../lib/gcc/arm-none-eabi/14.2.1/thumb/v6-m/nofp\libg.a(libc_a-callocr.o) (_malloc_r)
C:/Users/travi/.pico-sdk/toolchain/14_2_Rel1/bin/../lib/gcc/arm-none-eabi/14.2.1/thumb/v6-m/nofp\libg.a(libc_a-mlock.o)
                              C:/Users/travi/.pico-sdk/toolchain/14_2_Rel1/bin/../lib/gcc/arm-none-eabi/14.2.1/thumb/v6-m/nofp\libg.a(libc_a-mallocr.o) (__malloc_lock)
C:/Users/travi/.pico-sdk/toolchain/14_2_Rel1/bin/../lib/gcc/arm-none-eabi/14.2.1/thumb/v6-m/nofp\libg.a(libc_a-realloc.o)
                              CMakeFiles/Controller.dir/C_/Users/travi/.pico-sdk/sdk/2.2.0/src/rp2_common/pico_malloc/malloc.c.obj (realloc)
C:/Users/travi/.pico-sdk/toolchain/14_2_Rel1/bin/../lib/gcc/arm-none-eabi/14.2.1/thumb/v6-m/nofp\libg.a(libc_a-reallocr.o)
                              C:/Users/travi/.pico-sdk/toolchain/14_2_Rel1/bin/../lib/gcc/arm-none-eabi/14.2.1/thumb/v6-m/nofp\libg.a(libc_a-realloc.o) (_realloc_r)
C:/Users/travi/.pico-sdk/toolchain/14_2_Rel1/bin/../lib/gcc/arm-none-eabi/14.2.1/thumb/v6-m/nofp\libg.a(libc_a-ctype_.o)
                              CMakeFiles/Controller.dir/C_/Users/travi/.pico-sdk/sdk/2.2.0/lib/tinyusb/src/tusb.c.obj (_ctype_)
C:/Users/travi/.pico-sdk/toolchain/14_2_Rel1/bin/../lib/gcc/arm-none-eabi/14.2.1/thumb/v6-m/nofp\libg.a(libc_a-memcmp.o)
                              CMakeFiles/Controller.dir/Controller.c.obj (memcmp)
C:/Users/travi/.pico-sdk/toolchain/14_2_Rel1/bin/../lib/gcc/arm-none-eabi/14.2.1/thumb/v6-m/nofp\libg.a(libc_a-memmove.o)
                              C:/Users/travi/.pico-sdk/toolchain/14_2_Rel1/bin/../lib/gcc/arm-none-eabi/14.2.1/thumb/v6-m/nofp\libg.a(libc_a-reallocr.o) (memmove)
C:/Users/travi/.pico-sdk/toolchain/14_2_Rel1/bin/../lib/gcc/arm-none-eabi/14.2.1/thumb/v6-m/nofp\libg.a(libc_a-lcltime_r.o)
                              CMakeFiles/Controller.dir/C_/Users/travi/.pico-sdk/sdk/2.2.0/src/common/pico_util/datetime.c.obj (localtime_r)
C:/Users/travi/.pico-sdk/toolchain/14_2_Rel1/bin/../lib/gcc/arm-none-eabi/14.2.1/thumb/v6-m/nofp\libg.a(libc_a-mktime.o)
                              CMakeFiles/Controller.dir/C_/Users/travi/.pico-sdk/sdk/2.2.0/src/common/pico_util/datetime.c.obj (mktime)
C:/Users/travi/.pico-sdk/toolchain/14_2_Rel1/bin/../lib/gcc/arm-none-eabi/14.2.1/thumb/v6-m/nofp\libg.a(libc_a-month_lengths.o)
                              C:/Users/travi/.pico-sdk/toolchain/14_2_Rel1/bin/../lib/gcc/arm-none-eabi/14.2.1/thumb/v6-m/nofp\libg.a(libc_a-lcltime_r.o) (__month_lengths)
C:/Users/travi/.pico-sdk/toolchain/14_2_Rel1/bin/../lib/gcc/arm-none-eabi/14.2.1/thumb/v6-m/nofp\libg.a(libc_a-tzcalc_limits.o)
                              C:/Users/travi/.pico-sdk/toolchain/14_2_Rel1/bin/../lib/gcc/arm-none-eabi/14.2.1/thumb/v6-m/nofp\libg.a(libc_a-lcltime_r.o) (__tzcalc_limits)
C:/Users/travi/.pico-sdk/toolchain/14_2_Rel1/bin/../lib/gcc/arm-none-eabi/14.2.1/thumb/v6-m/nofp\libg.a(libc_a-tzlock.o)
                              C:/Users/travi/.pico-sdk/toolchain/14_2_Rel1/bin/../lib/gcc/arm-none-eabi/14.2.1/thumb/v6-m/nofp\libg.a(libc_a-lcltime_r.o) (__tz_lock)
C:/Users/travi/.pico-sdk/toolchain/14_2_Rel1/bin/../lib/gcc/arm-none-eabi/14.2.1/thumb/v6-m/nofp\libg.a(libc_a-tzset.o)
                              C:/Users/travi/.pico-sdk/toolchain/14_2_Rel1/bin/../lib/gcc/arm-none-eabi/14.2.1/thumb/v6-m/nofp\libg.a(libc_a-lcltime_r.o) (_tzset_unlocked)
C:/Users/travi/.pico-sdk/toolchain/14_2_Rel1/bin/../lib/gcc/arm-none-eabi/14.2.1/thumb/v6-m/nofp\libg.a(libc_a-tzset_r.o)
[...]
Memory Configuration

Name             Origin             Length             Attributes
FLASH            0x10000000         0x00200000         xr
RAM              0x20000000         0x00040000         xrw
SCRATCH_X        0x20040000         0x00001000         xrw
SCRATCH_Y        0x20041000         0x00001000         xrw
*default*        0x00000000         0xffffffff

Linker script and memory map

LOAD C:/Users/travi/.pico-sdk/toolchain/14_2_Rel1/bin/../lib/gcc/arm-none-eabi/14.2.1/thumb/v6-m/nofp/crti.o
LOAD C:/Users/travi/.pico-sdk/toolchain/14_2_Rel1/bin/../lib/gcc/arm-none-eabi/14.2.1/thumb/v6-m/nofp/crtbegin.o
LOAD C:/Users/travi/.pico-sdk/toolchain/14_2_Rel1/bin/../lib/gcc/arm-none-eabi/14.2.1/thumb/v6-m/nofp/crt0.o

.flash_begin    0x10000000        0x0
                0x10000000                        __flash_binary_start = .

.boot2          0x10000000      0x100
                0x10000000                        __boot2_start__ = .
 *(.boot2)
 .boot2         0x10000000      0x100 pico-sdk/src/rp2040/boot_stage2/CMakeFiles/bs2_default_library.dir/./bs2_default_padded_checksummed.S.obj
                0x10000100                        __boot2_end__ = .
                0x00000001                        ASSERT (((__boot2_end__ - __boot2_start__) == 0x100), ERROR: Pico second stage bootloader must be 256 bytes in size)

.text           0x10000100     0x6e8c
                0x10000100                        __logical_binary_start = .
 *(.vectors)
 .vectors       0x10000100       0xd4 CMakeFiles/Controller.dir/C_/Users/travi/.pico-sdk/sdk/2.2.0/src/rp2_common/pico_crt0/crt0.S.obj
                0x10000100                __VECTOR_TABLE
                0x10000100                __vectors
                0x100001c0                isr_irq13
                0x100001c0                isr_irq27
                0x100001c0                isr_irq31
                0x100001c0                isr_irq12
                0x100001c0                isr_irq5
                0x100001c0                isr_irq11
                0x100001c0                isr_irq3
                0x100001c0                isr_irq23
                0x100001c0                __unhandled_user_irq
                0x100001c0                isr_irq26
                0x100001c0                isr_irq28
                0x100001c0                isr_irq19
                0x100001c0                isr_irq0
                0x100001c0                isr_irq6
                0x100001c0                isr_irq29
                0x100001c0                isr_irq16
                0x100001c0                isr_irq22
                0x100001c0                isr_irq18
                0x100001c0                isr_irq17
                0x100001c0                isr_irq14
                0x100001c0                __vectors_end
                0x100001c0                __default_isrs_start
                0x100001c0                isr_irq2
                0x100001c0                isr_irq10
                0x100001c0                isr_irq8
                0x100001c0                isr_irq24
                0x100001c0                isr_irq1
                0x100001c0                isr_irq7
                0x100001c0                isr_irq21
                0x100001c0                isr_irq20
                0x100001c0                isr_irq15
                0x100001c0                isr_irq25
                0x100001c0                isr_irq4
                0x100001c0                isr_irq30
                0x100001c0                isr_irq9
                0x100001c6                unhandled_user_irq_num_in_r0
                0x100001c8                isr_invalid
                0x100001ca                isr_nmi
                0x100001cc                isr_hardfault
                0x100001ce                isr_svcall
                0x100001d0                isr_pendsv
                0x100001d2                isr_systick
                0x100001d4                __default_isrs_end
 *(.binary_info_header)
 .binary_info_header
                0x100001d4       0x14 CMakeFiles/Controller.dir/C_/Users/travi/.pico-sdk/sdk/2.2.0/src/rp2_common/pico_crt0/crt0.S.obj
                0x100001e8                        __binary_info_header_end = .
 *(.embedded_block)
                0x100001e8                        __embedded_block_end = .
 *(.reset)
 .reset         0x100001e8       0x9c CMakeFiles/Controller.dir/C_/Users/travi/.pico-sdk/sdk/2.2.0/src/rp2_common/pico_crt0/crt0.S.obj
                0x100001e8                _entry_point
 *(.init)
 .init          0x10000284        0x4 C:/Users/travi/.pico-sdk/toolchain/14_2_Rel1/bin/../lib/gcc/arm-none-eabi/14.2.1/thumb/v6-m/nofp/crti.o
                0x10000284                _init
 *(EXCLUDE_FILE(*libm.a: *libc.a:*lib_a-mem*.o *libgcc.a:) .text*)
 .text.register_tm_clones
                0x10000288       0x28 C:/Users/travi/.pico-sdk/toolchain/14_2_Rel1/bin/../lib/gcc/arm-none-eabi/14.2.1/thumb/v6-m/nofp/crtbegin.o
 .text.frame_dummy
                0x100002b0       0x24 C:/Users/travi/.pico-sdk/toolchain/14_2_Rel1/bin/../lib/gcc/arm-none-eabi/14.2.1/thumb/v6-m/nofp/crtbegin.o
 .text.makeOwnerCard
                0x100002d4       0x48 CMakeFiles/Controller.dir/Controller.c.obj
                0x100002d4                makeOwnerCard
 .text.main     0x1000031c       0x40 CMakeFiles/Controller.dir/Controller.c.obj
                0x1000031c                main
 .text.MFRC522_Init
                0x1000035c       0x4c CMakeFiles/Controller.dir/mfrc522.c.obj
                0x1000035c                MFRC522_Init
 .text.PCD_WriteRegister
                0x100003a8       0x46 CMakeFiles/Controller.dir/mfrc522.c.obj
                0x100003a8                PCD_WriteRegister
 .text.PCD_WriteNRegister
                0x100003ee       0x70 CMakeFiles/Controller.dir/mfrc522.c.obj
                0x100003ee                PCD_WriteNRegister
 .text.PCD_ReadRegister
                0x1000045e       0x62 CMakeFiles/Controller.dir/mfrc522.c.obj
                0x1000045e                PCD_ReadRegister
 .text.PCD_ReadNRegister
                0x100004c0       0x68 CMakeFiles/Controller.dir/mfrc522.c.obj
                0x100004c0                PCD_ReadNRegister
 .text.PCD_SetRegisterBitMask
                0x10000528       0x1c CMakeFiles/Controller.dir/mfrc522.c.obj
                0x10000528                PCD_SetRegisterBitMask
 .text.PCD_ClearRegisterBitMask
                0x10000544       0x1e CMakeFiles/Controller.dir/mfrc522.c.obj
                0x10000544                PCD_ClearRegisterBitMask
 *fill*         0x10000562        0x2 
 .text.PCD_CalculateCRC
                0x10000564       0x7c CMakeFiles/Controller.dir/mfrc522.c.obj
                0x10000564                PCD_CalculateCRC
 .text.PCD_AntennaOn
                0x100005e0       0x24 CMakeFiles/Controller.dir/mfrc522.c.obj
                0x100005e0                PCD_AntennaOn
 .text.PCD_Init
                0x10000604       0xd0 CMakeFiles/Controller.dir/mfrc522.c.obj
                0x10000604                PCD_Init
 .text.PCD_CommunicateWithPICC
                0x100006d4      0x1a0 CMakeFiles/Controller.dir/mfrc522.c.obj
                0x100006d4                PCD_CommunicateWithPICC
 .text.PCD_TransceiveData
                0x10000874       0x2a CMakeFiles/Controller.dir/mfrc522.c.obj
                0x10000874                PCD_TransceiveData
 .text.PICC_REQA_or_WUPA
                0x1000089e       0x68 CMakeFiles/Controller.dir/mfrc522.c.obj
                0x1000089e                PICC_REQA_or_WUPA
 .text.PICC_RequestA
                0x10000906        0xe CMakeFiles/Controller.dir/mfrc522.c.obj
                0x10000906                PICC_RequestA
 .text.PICC_Select
                0x10000914      0x2fe CMakeFiles/Controller.dir/mfrc522.c.obj
                0x10000914                PICC_Select
 .text.PICC_IsNewCardPresent
                0x10000c12       0x28 CMakeFiles/Controller.dir/mfrc522.c.obj
                0x10000c12                PICC_IsNewCardPresent
 *fill*         0x10000c3a        0x2 
 .text.gpio_set_function
                0x10000c3c       0x34 CMakeFiles/Controller.dir/C_/Users/travi/.pico-sdk/sdk/2.2.0/src/rp2_common/hardware_gpio/gpio.c.obj
                0x10000c3c                gpio_set_function
 .text.gpio_init
                0x10000c70       0x16 CMakeFiles/Controller.dir/C_/Users/travi/.pico-sdk/sdk/2.2.0/src/rp2_common/hardware_gpio/gpio.c.obj
                0x10000c70                gpio_init
 *fill*         0x10000c86        0x2 
 .text.rp2040_chip_version
                0x10000c88       0x54 CMakeFiles/Controller.dir/C_/Users/travi/.pico-sdk/sdk/2.2.0/src/rp2040/pico_platform/platform.c.obj
                0x10000c88                rp2040_chip_version
 .text.panic    0x10000cdc       0x30 CMakeFiles/Controller.dir/C_/Users/travi/.pico-sdk/sdk/2.2.0/src/rp2_common/pico_platform_panic/panic.c.obj
                0x10000cdc                panic
 .text.hw_claim_lock
                0x10000d0c       0x18 CMakeFiles/Controller.dir/C_/Users/travi/.pico-sdk/sdk/2.2.0/src/common/hardware_claim/claim.c.obj
                0x10000d0c                hw_claim_lock
 .text.hw_claim_unlock
                0x10000d24       0x14 CMakeFiles/Controller.dir/C_/Users/travi/.pico-sdk/sdk/2.2.0/src/common/hardware_claim/claim.c.obj
                0x10000d24                hw_claim_unlock
 .text.hw_claim_or_assert
                0x10000d38       0x32 CMakeFiles/Controller.dir/C_/Users/travi/.pico-sdk/sdk/2.2.0/src/common/hardware_claim/claim.c.obj
                0x10000d38                hw_claim_or_assert
 .text.hw_claim_unused_from_range
                0x10000d6a       0x50 CMakeFiles/Controller.dir/C_/Users/travi/.pico-sdk/sdk/2.2.0/src/common/hardware_claim/claim.c.obj
                0x10000d6a                hw_claim_unused_from_range
 *fill*         0x10000dba        0x2 
 .text.next_striped_spin_lock_num
                0x10000dbc       0x1c CMakeFiles/Controller.dir/C_/Users/travi/.pico-sdk/sdk/2.2.0/src/rp2_common/hardware_sync/sync.c.obj
                0x10000dbc                next_striped_spin_lock_num
 .text.spin_lock_claim_unused
                0x10000dd8       0x24 CMakeFiles/Controller.dir/C_/Users/travi/.pico-sdk/sdk/2.2.0/src/rp2_common/hardware_sync/sync.c.obj
                0x10000dd8                spin_lock_claim_unused
 .text.spin_locks_reset
                0x10000dfc       0x20 CMakeFiles/Controller.dir/C_/Users/travi/.pico-sdk/sdk/2.2.0/src/rp2_common/hardware_sync_spin_lock/sync_spin_lock.c.obj
                0x10000dfc                spin_locks_reset
 .text.set_raw_irq_handler_and_unlock
                0x10000e1c       0x28 CMakeFiles/Controller.dir/C_/Users/travi/.pico-sdk/sdk/2.2.0/src/rp2_common/hardware_irq/irq.c.obj
 .text.nvic_ipr0
                0x10000e44        0x8 CMakeFiles/Controller.dir/C_/Users/travi/.pico-sdk/sdk/2.2.0/src/rp2_common/hardware_irq/irq.c.obj
 .text.runtime_init_per_core_irq_priorities
                0x10000e4c       0x1c CMakeFiles/Controller.dir/C_/Users/travi/.pico-sdk/sdk/2.2.0/src/rp2_common/hardware_irq/irq.c.obj
                0x10000e4c                runtime_init_per_core_irq_priorities
 .text.resolve_j_16
                0x10000e68       0x30 CMakeFiles/Controller.dir/C_/Users/travi/.pico-sdk/sdk/2.2.0/src/rp2_common/hardware_irq/irq.c.obj
 .text.make_j_16
                0x10000e98       0x48 CMakeFiles/Controller.dir/C_/Users/travi/.pico-sdk/sdk/2.2.0/src/rp2_common/hardware_irq/irq.c.obj
 .text.irq_is_enabled
                0x10000ee0       0x18 CMakeFiles/Controller.dir/C_/Users/travi/.pico-sdk/sdk/2.2.0/src/rp2_common/hardware_irq/irq.c.obj
                0x10000ee0                irq_is_enabled
 .text.irq_set_mask_n_enabled
                0x10000ef8       0x1c CMakeFiles/Controller.dir/C_/Users/travi/.pico-sdk/sdk/2.2.0/src/rp2_common/hardware_irq/irq.c.obj
                0x10000ef8                irq_set_mask_n_enabled
 .text.irq_set_enabled
                0x10000f14       0x14 CMakeFiles/Controller.dir/C_/Users/travi/.pico-sdk/sdk/2.2.0/src/rp2_common/hardware_irq/irq.c.obj
                0x10000f14                irq_set_enabled
 .text.irq_set_pending
                0x10000f28       0x10 CMakeFiles/Controller.dir/C_/Users/travi/.pico-sdk/sdk/2.2.0/src/rp2_common/hardware_irq/irq.c.obj
                0x10000f28                irq_set_pending
 .text.irq_get_vtable_handler
                0x10000f38       0x10 CMakeFiles/Controller.dir/C_/Users/travi/.pico-sdk/sdk/2.2.0/src/rp2_common/hardware_irq/irq.c.obj
                0x10000f38                irq_get_vtable_handler
 .text.irq_has_shared_handler
                0x10000f48       0x1c CMakeFiles/Controller.dir/C_/Users/travi/.pico-sdk/sdk/2.2.0/src/rp2_common/hardware_irq/irq.c.obj
                0x10000f48                irq_has_shared_handler
 .text.irq_set_exclusive_handler
                0x10000f64       0x54 CMakeFiles/Controller.dir/C_/Users/travi/.pico-sdk/sdk/2.2.0/src/rp2_common/hardware_irq/irq.c.obj
                0x10000f64                irq_set_exclusive_handler
 .text.irq_add_shared_handler
                0x10000fb8      0x218 CMakeFiles/Controller.dir/C_/Users/travi/.pico-sdk/sdk/2.2.0/src/rp2_common/hardware_irq/irq.c.obj
                0x10000fb8                irq_add_shared_handler
 .text.irq_add_tail_to_free_list
                0x100011d0       0xf4 CMakeFiles/Controller.dir/C_/Users/travi/.pico-sdk/sdk/2.2.0/src/rp2_common/hardware_irq/irq.c.obj
                0x100011d0                irq_add_tail_to_free_list
 .text.user_irq_claim_unused
                0x100012c4       0x2c CMakeFiles/Controller.dir/C_/Users/travi/.pico-sdk/sdk/2.2.0/src/rp2_common/hardware_irq/irq.c.obj
                0x100012c4                user_irq_claim_unused
 .text.lock_init
                0x100012f0       0x10 CMakeFiles/Controller.dir/C_/Users/travi/.pico-sdk/sdk/2.2.0/src/common/pico_sync/lock_core.c.obj
                0x100012f0                lock_init
 .text.mutex_init
                0x10001300       0x1a CMakeFiles/Controller.dir/C_/Users/travi/.pico-sdk/sdk/2.2.0/src/common/pico_sync/mutex.c.obj
                0x10001300                mutex_init
 .text.recursive_mutex_init
                0x1000131a       0x1e CMakeFiles/Controller.dir/C_/Users/travi/.pico-sdk/sdk/2.2.0/src/common/pico_sync/mutex.c.obj
                0x1000131a                recursive_mutex_init
 .text.runtime_init_mutex
                0x10001338       0x4c CMakeFiles/Controller.dir/C_/Users/travi/.pico-sdk/sdk/2.2.0/src/common/pico_sync/mutex.c.obj
                0x10001338                runtime_init_mutex
 .text.critical_section_init_with_lock_num
                0x10001384       0x14 CMakeFiles/Controller.dir/C_/Users/travi/.pico-sdk/sdk/2.2.0/src/common/pico_sync/critical_section.c.obj
                0x10001384                critical_section_init_with_lock_num
 .text.critical_section_init
                0x10001398       0x14 CMakeFiles/Controller.dir/C_/Users/travi/.pico-sdk/sdk/2.2.0/src/common/pico_sync/critical_section.c.obj
                0x10001398                critical_section_init
 .text.ta_set_timeout
                0x100013ac       0x24 CMakeFiles/Controller.dir/C_/Users/travi/.pico-sdk/sdk/2.2.0/src/common/pico_time/time.c.obj
 .text.make_alarm_id
                0x100013d0        0x6 CMakeFiles/Controller.dir/C_/Users/travi/.pico-sdk/sdk/2.2.0/src/common/pico_time/time.c.obj
 *fill*         0x100013d6        0x2 
 .text.sleep_until_callback
                0x100013d8       0x30 CMakeFiles/Controller.dir/C_/Users/travi/.pico-sdk/sdk/2.2.0/src/common/pico_time/time.c.obj
 .text.alarm_pool_irq_handler
                0x10001408      0x2f0 CMakeFiles/Controller.dir/C_/Users/travi/.pico-sdk/sdk/2.2.0/src/common/pico_time/time.c.obj
 .text.ta_enable_irq_handler
                0x100016f8       0x2c CMakeFiles/Controller.dir/C_/Users/travi/.pico-sdk/sdk/2.2.0/src/common/pico_time/time.c.obj
 .text.alarm_pool_post_alloc_init
                0x10001724       0x78 CMakeFiles/Controller.dir/C_/Users/travi/.pico-sdk/sdk/2.2.0/src/common/pico_time/time.c.obj
 .text.alarm_pool_get_default
                0x1000179c       0x2c CMakeFiles/Controller.dir/C_/Users/travi/.pico-sdk/sdk/2.2.0/src/common/pico_time/time.c.obj
                0x1000179c                alarm_pool_get_default
 .text.alarm_pool_add_alarm_at_force_in_context
                0x100017c8       0xa4 CMakeFiles/Controller.dir/C_/Users/travi/.pico-sdk/sdk/2.2.0/src/common/pico_time/time.c.obj
                0x100017c8                alarm_pool_add_alarm_at_force_in_context
 .text.alarm_pool_add_alarm_at
                0x1000186c       0x3c CMakeFiles/Controller.dir/C_/Users/travi/.pico-sdk/sdk/2.2.0/src/common/pico_time/time.c.obj
                0x1000186c                alarm_pool_add_alarm_at
 .text.add_alarm_at
                0x100018a8       0x2e CMakeFiles/Controller.dir/C_/Users/travi/.pico-sdk/sdk/2.2.0/src/common/pico_time/time.c.obj
 *fill*         0x100018d6        0x2 
 .text.alarm_pool_cancel_alarm
                0x100018d8       0x78 CMakeFiles/Controller.dir/C_/Users/travi/.pico-sdk/sdk/2.2.0/src/common/pico_time/time.c.obj
                0x100018d8                alarm_pool_cancel_alarm
 .text.cancel_alarm
                0x10001950       0x10 CMakeFiles/Controller.dir/C_/Users/travi/.pico-sdk/sdk/2.2.0/src/common/pico_time/time.c.obj
 .text.alarm_pool_core_num
                0x10001960        0x4 CMakeFiles/Controller.dir/C_/Users/travi/.pico-sdk/sdk/2.2.0/src/common/pico_time/time.c.obj
                0x10001960                alarm_pool_core_num
 .text.sleep_until
                0x10001964       0xb0 CMakeFiles/Controller.dir/C_/Users/travi/.pico-sdk/sdk/2.2.0/src/common/pico_time/time.c.obj
                0x10001964                sleep_until
 .text.sleep_us
                0x10001a14       0x24 CMakeFiles/Controller.dir/C_/Users/travi/.pico-sdk/sdk/2.2.0/src/common/pico_time/time.c.obj
                0x10001a14                sleep_us
 .text.sleep_ms
                0x10001a38       0x14 CMakeFiles/Controller.dir/C_/Users/travi/.pico-sdk/sdk/2.2.0/src/common/pico_time/time.c.obj
                0x10001a38                sleep_ms
 .text.best_effort_wfe_or_timeout
                0x10001a4c      0x11c CMakeFiles/Controller.dir/C_/Users/travi/.pico-sdk/sdk/2.2.0/src/common/pico_time/time.c.obj
                0x10001a4c                best_effort_wfe_or_timeout
 .text.alarm_pool_get_default_timer
                0x10001b68        0x8 CMakeFiles/Controller.dir/C_/Users/travi/.pico-sdk/sdk/2.2.0/src/common/pico_time/time.c.obj
                0x10001b68                alarm_pool_get_default_timer
 .text.runtime_init_default_alarm_pool
                0x10001b70       0x38 CMakeFiles/Controller.dir/C_/Users/travi/.pico-sdk/sdk/2.2.0/src/common/pico_time/time.c.obj
                0x10001b70                runtime_init_default_alarm_pool
 .text.timer_hardware_alarm_claim
                0x10001ba8       0x14 CMakeFiles/Controller.dir/C_/Users/travi/.pico-sdk/sdk/2.2.0/src/rp2_common/hardware_timer/timer.c.obj
                0x10001ba8                timer_hardware_alarm_claim
 .text.timer_time_us_64
                0x10001bbc       0x10 CMakeFiles/Controller.dir/C_/Users/travi/.pico-sdk/sdk/2.2.0/src/rp2_common/hardware_timer/timer.c.obj
                0x10001bbc                timer_time_us_64
 .text.timer_busy_wait_until
                0x10001bcc       0x1a CMakeFiles/Controller.dir/C_/Users/travi/.pico-sdk/sdk/2.2.0/src/rp2_common/hardware_timer/timer.c.obj
                0x10001bcc                timer_busy_wait_until
 *fill*         0x10001be6        0x2 
 .text.time_us_64
                0x10001be8       0x10 CMakeFiles/Controller.dir/C_/Users/travi/.pico-sdk/sdk/2.2.0/src/rp2_common/hardware_timer/timer.c.obj
                0x10001be8                time_us_64
 .text.busy_wait_until
                0x10001bf8       0x14 CMakeFiles/Controller.dir/C_/Users/travi/.pico-sdk/sdk/2.2.0/src/rp2_common/hardware_timer/timer.c.obj
                0x10001bf8                busy_wait_until
 .text.clock_configure_internal
                0x10001c0c       0xc4 CMakeFiles/Controller.dir/C_/Users/travi/.pico-sdk/sdk/2.2.0/src/rp2_common/hardware_clocks/clocks.c.obj
 .text.clock_configure_int_divider
                0x10001cd0       0x28 CMakeFiles/Controller.dir/C_/Users/travi/.pico-sdk/sdk/2.2.0/src/rp2_common/hardware_clocks/clocks.c.obj
                0x10001cd0                clock_configure_int_divider
 .text.clock_configure_undivided
                0x10001cf8       0x12 CMakeFiles/Controller.dir/C_/Users/travi/.pico-sdk/sdk/2.2.0/src/rp2_common/hardware_clocks/clocks.c.obj
                0x10001cf8                clock_configure_undivided
 *fill*         0x10001d0a        0x2 
 .text.clock_get_hz
                0x10001d0c        0xc CMakeFiles/Controller.dir/C_/Users/travi/.pico-sdk/sdk/2.2.0/src/rp2_common/hardware_clocks/clocks.c.obj
                0x10001d0c                clock_get_hz
 .text.pll_init
                0x10001d18      0x124 CMakeFiles/Controller.dir/C_/Users/travi/.pico-sdk/sdk/2.2.0/src/rp2_common/hardware_pll/pll.c.obj
                0x10001d18                pll_init
 .text.watchdog_update
                0x10001e3c       0x14 CMakeFiles/Controller.dir/C_/Users/travi/.pico-sdk/sdk/2.2.0/src/rp2_common/hardware_watchdog/watchdog.c.obj
                0x10001e3c                watchdog_update
 .text._watchdog_enable
                0x10001e50       0x78 CMakeFiles/Controller.dir/C_/Users/travi/.pico-sdk/sdk/2.2.0/src/rp2_common/hardware_watchdog/watchdog.c.obj
                0x10001e50                _watchdog_enable
 .text.watchdog_reboot
                0x10001ec8       0x48 CMakeFiles/Controller.dir/C_/Users/travi/.pico-sdk/sdk/2.2.0/src/rp2_common/hardware_watchdog/watchdog.c.obj
                0x10001ec8                watchdog_reboot
 .text.tick_start
                0x10001f10       0x10 CMakeFiles/Controller.dir/C_/Users/travi/.pico-sdk/sdk/2.2.0/src/rp2_common/hardware_ticks/ticks.c.obj
                0x10001f10                tick_start
 .text.rom_func_lookup
                0x10001f20       0x10 CMakeFiles/Controller.dir/C_/Users/travi/.pico-sdk/sdk/2.2.0/src/rp2_common/pico_bootrom/bootrom.c.obj
                0x10001f20                rom_func_lookup
 .text.rom_data_lookup
                0x10001f30       0x10 CMakeFiles/Controller.dir/C_/Users/travi/.pico-sdk/sdk/2.2.0/src/rp2_common/pico_bootrom/bootrom.c.obj
                0x10001f30                rom_data_lookup
 .text.rom_funcs_lookup
                0x10001f40       0x36 CMakeFiles/Controller.dir/C_/Users/travi/.pico-sdk/sdk/2.2.0/src/rp2_common/pico_bootrom/bootrom.c.obj
                0x10001f40                rom_funcs_lookup
 *fill*         0x10001f76        0x2 
 .text.rom_reset_usb_boot_extra
                0x10001f78       0x24 CMakeFiles/Controller.dir/C_/Users/travi/.pico-sdk/sdk/2.2.0/src/rp2_common/pico_bootrom/bootrom.c.obj
                0x10001f78                rom_reset_usb_boot_extra
 .text.xosc_init
                0x10001f9c       0x2c CMakeFiles/Controller.dir/C_/Users/travi/.pico-sdk/sdk/2.2.0/src/rp2_common/hardware_xosc/xosc.c.obj
                0x10001f9c                xosc_init
 .text.runtime_run_initializers_from
                0x10001fc8       0x18 CMakeFiles/Controller.dir/C_/Users/travi/.pico-sdk/sdk/2.2.0/src/rp2_common/pico_runtime/runtime.c.obj
 .text.first_per_core_initializer
                0x10001fe0        0x2 CMakeFiles/Controller.dir/C_/Users/travi/.pico-sdk/sdk/2.2.0/src/rp2_common/pico_runtime/runtime.c.obj
 *fill*         0x10001fe2        0x2 
 .text.runtime_run_initializers
                0x10001fe4       0x10 CMakeFiles/Controller.dir/C_/Users/travi/.pico-sdk/sdk/2.2.0/src/rp2_common/pico_runtime/runtime.c.obj
                0x10001fe4                runtime_run_initializers
 .text.runtime_init_early_resets
                0x10001ff4       0x2c CMakeFiles/Controller.dir/C_/Users/travi/.pico-sdk/sdk/2.2.0/src/rp2_common/pico_runtime_init/runtime_init.c.obj
                0x10001ff4                runtime_init_early_resets
 .text.runtime_init_usb_power_down
                0x10002020       0x1c CMakeFiles/Controller.dir/C_/Users/travi/.pico-sdk/sdk/2.2.0/src/rp2_common/pico_runtime_init/runtime_init.c.obj
                0x10002020                runtime_init_usb_power_down
 .text.runtime_init_post_clock_resets
                0x1000203c       0x20 CMakeFiles/Controller.dir/C_/Users/travi/.pico-sdk/sdk/2.2.0/src/rp2_common/pico_runtime_init/runtime_init.c.obj
                0x1000203c                runtime_init_post_clock_resets
 .text.runtime_init_rp2040_gpio_ie_disable
                0x1000205c       0x14 CMakeFiles/Controller.dir/C_/Users/travi/.pico-sdk/sdk/2.2.0/src/rp2_common/pico_runtime_init/runtime_init.c.obj
                0x1000205c                runtime_init_rp2040_gpio_ie_disable
 .text.runtime_init_spin_locks_reset
                0x10002070        0x8 CMakeFiles/Controller.dir/C_/Users/travi/.pico-sdk/sdk/2.2.0/src/rp2_common/pico_runtime_init/runtime_init.c.obj
                0x10002070                runtime_init_spin_locks_reset
 .text.runtime_init_install_ram_vector_table
                0x10002078       0x48 CMakeFiles/Controller.dir/C_/Users/travi/.pico-sdk/sdk/2.2.0/src/rp2_common/pico_runtime_init/runtime_init.c.obj
                0x10002078                runtime_init_install_ram_vector_table
 .text.start_all_ticks
                0x100020c0       0x28 CMakeFiles/Controller.dir/C_/Users/travi/.pico-sdk/sdk/2.2.0/src/rp2_common/pico_runtime_init/runtime_init_clocks.c.obj
 .text.runtime_init_clocks
                0x100020e8       0xcc CMakeFiles/Controller.dir/C_/Users/travi/.pico-sdk/sdk/2.2.0/src/rp2_common/pico_runtime_init/runtime_init_clocks.c.obj
                0x100020e8                runtime_init_clocks
 .text          0x100021b4       0x10 CMakeFiles/Controller.dir/C_/Users/travi/.pico-sdk/sdk/2.2.0/src/rp2_common/pico_bit_ops/bit_ops_aeabi.S.obj
 .text.__wrap___aeabi_idiv
                0x100021c4       0x50 CMakeFiles/Controller.dir/C_/Users/travi/.pico-sdk/sdk/2.2.0/src/rp2_common/pico_divider/divider_hardware.S.obj
                0x100021c4                __wrap___aeabi_idivmod
                0x100021c4                divmod_s32s32
                0x100021c4                div_s32s32
                0x100021c4                __wrap___aeabi_idiv
                0x100021cc                divmod_s32s32_unsafe
                0x100021f8                divmod_s32s32_savestate
 .text.__wrap___aeabi_uidiv
                0x10002214       0x4c CMakeFiles/Controller.dir/C_/Users/travi/.pico-sdk/sdk/2.2.0/src/rp2_common/pico_divider/divider_hardware.S.obj
                0x10002214                __wrap___aeabi_uidiv
                0x10002214                __wrap___aeabi_uidivmod
                0x10002214                div_u32u32
                0x10002214                divmod_u32u32
                0x1000221c                divmod_u32u32_unsafe
                0x10002244                divmod_u32u32_savestate
 .text.__wrap___aeabi_ldiv
                0x10002260      0x424 CMakeFiles/Controller.dir/C_/Users/travi/.pico-sdk/sdk/2.2.0/src/rp2_common/pico_divider/divider_hardware.S.obj
                0x10002260                div_s64s64
                0x10002260                divmod_s64s64
                0x10002260                __wrap___aeabi_ldivmod
                0x10002290                divmod_u64u64
                0x10002290                div_u64u64
                0x10002290                __wrap___aeabi_uldivmod
                0x100022a0                divmod_u64u64_savestate
                0x100022c0                divmod_s64s64_unsafe
                0x10002348                divmod_u64u64_unsafe
 .text.__wrap___aeabi_darithmetic
                0x10002684       0x60 CMakeFiles/Controller.dir/C_/Users/travi/.pico-sdk/sdk/2.2.0/src/rp2_common/pico_double/double_aeabi_rp2040.S.obj
                0x10002684                __wrap___aeabi_drsub
                0x1000268a                __wrap___aeabi_dsub
                0x10002694                __wrap___aeabi_dadd
                0x1000269e                __wrap___aeabi_ddiv
                0x100026d2                __wrap___aeabi_dmul
 .text.__wrap___aeabi_cdcmple
                0x100026e4       0x6c CMakeFiles/Controller.dir/C_/Users/travi/.pico-sdk/sdk/2.2.0/src/rp2_common/pico_double/double_aeabi_rp2040.S.obj
                0x100026e4                __wrap___aeabi_cdrcmple
                0x100026f4                __wrap___aeabi_cdcmpeq
                0x100026f4                __wrap___aeabi_cdcmple
 .text.__wrap___aeabi_dcmplt
                0x10002750        0xc CMakeFiles/Controller.dir/C_/Users/travi/.pico-sdk/sdk/2.2.0/src/rp2_common/pico_double/double_aeabi_rp2040.S.obj
                0x10002750                __wrap___aeabi_dcmplt
 .text.__wrap___aeabi_dcmple
                0x1000275c       0x10 CMakeFiles/Controller.dir/C_/Users/travi/.pico-sdk/sdk/2.2.0/src/rp2_common/pico_double/double_aeabi_rp2040.S.obj
                0x1000275c                __wrap___aeabi_dcmple
 .text.__wrap___aeabi_dcmpge
                0x1000276c       0x10 CMakeFiles/Controller.dir/C_/Users/travi/.pico-sdk/sdk/2.2.0/src/rp2_common/pico_double/double_aeabi_rp2040.S.obj
                0x1000276c                __wrap___aeabi_dcmpge
 .text.__wrap___aeabi_dcmpgt
                0x1000277c        0xa CMakeFiles/Controller.dir/C_/Users/travi/.pico-sdk/sdk/2.2.0/src/rp2_common/pico_double/double_aeabi_rp2040.S.obj
                0x1000277c                __wrap___aeabi_dcmpgt
 .text.__wrap___aeabi_dcmpun
                0x10002786       0x18 CMakeFiles/Controller.dir/C_/Users/travi/.pico-sdk/sdk/2.2.0/src/rp2_common/pico_double/double_aeabi_rp2040.S.obj
                0x10002786                __wrap___aeabi_dcmpun
 *fill*         0x1000279e        0x2 
 .text.__wrap___aeabi_i2d
                0x100027a0       0x38 CMakeFiles/Controller.dir/C_/Users/travi/.pico-sdk/sdk/2.2.0/src/rp2_common/pico_double/double_aeabi_rp2040.S.obj
                0x100027a0                uint2double
                0x100027a0                __wrap___aeabi_ui2d
                0x100027a8                int2double
                0x100027a8                __wrap___aeabi_i2d
 .text.__wrap___aeabi_d2iz
                0x100027d8       0x48 CMakeFiles/Controller.dir/C_/Users/travi/.pico-sdk/sdk/2.2.0/src/rp2_common/pico_double/double_aeabi_rp2040.S.obj
                0x100027d8                double2int_z
                0x100027d8                __wrap___aeabi_d2iz
 .text.__wrap___aeabi_d2uiz
                0x10002820       0x10 CMakeFiles/Controller.dir/C_/Users/travi/.pico-sdk/sdk/2.2.0/src/rp2_common/pico_double/double_aeabi_rp2040.S.obj
                0x10002820                double2uint
                0x10002820                __wrap___aeabi_d2uiz
                0x10002820                double2uint_z
 .text.missing_double_func_shim
                0x10002830        0xc CMakeFiles/Controller.dir/C_/Users/travi/.pico-sdk/sdk/2.2.0/src/rp2_common/pico_double/double_init_rom_rp2040.c.obj
 .text.__aeabi_double_init
                0x1000283c       0xd0 CMakeFiles/Controller.dir/C_/Users/travi/.pico-sdk/sdk/2.2.0/src/rp2_common/pico_double/double_init_rom_rp2040.c.obj
                0x1000283c                __aeabi_double_init
 .text.double_table_shim_on_use_helper
                0x1000290c       0x34 CMakeFiles/Controller.dir/C_/Users/travi/.pico-sdk/sdk/2.2.0/src/rp2_common/pico_double/double_v1_rom_shim_rp2040.S.obj
                0x1000290c                double_table_shim_on_use_helper
 .text.__aeabi_lmul
                0x10002940       0x32 CMakeFiles/Controller.dir/C_/Users/travi/.pico-sdk/sdk/2.2.0/src/rp2_common/pico_int64_ops/pico_int64_ops_aeabi.S.obj
                0x10002940                __wrap___aeabi_lmul
 *fill*         0x10002972        0x2 
 .text.missing_float_func_shim
                0x10002974        0xc CMakeFiles/Controller.dir/C_/Users/travi/.pico-sdk/sdk/2.2.0/src/rp2_common/pico_float/float_init_rom_rp2040.c.obj
 .text.__aeabi_float_init
                0x10002980       0x88 CMakeFiles/Controller.dir/C_/Users/travi/.pico-sdk/sdk/2.2.0/src/rp2_common/pico_float/float_init_rom_rp2040.c.obj
                0x10002980                __aeabi_float_init
 .text          0x10002a08       0x10 CMakeFiles/Controller.dir/C_/Users/travi/.pico-sdk/sdk/2.2.0/src/rp2_common/pico_mem_ops/mem_ops_aeabi.S.obj
                0x10002a08                __aeabi_mem_init
 .text.memset   0x10002a18        0xc CMakeFiles/Controller.dir/C_/Users/travi/.pico-sdk/sdk/2.2.0/src/rp2_common/pico_mem_ops/mem_ops_aeabi.S.obj
                0x10002a18                __wrap_memset
 .text.memcpy   0x10002a24        0xc CMakeFiles/Controller.dir/C_/Users/travi/.pico-sdk/sdk/2.2.0/src/rp2_common/pico_mem_ops/mem_ops_aeabi.S.obj
                0x10002a24                __wrap_memcpy
                0x10002a24                __wrap___aeabi_memcpy
 .text._out_null
                0x10002a30        0x2 CMakeFiles/Controller.dir/C_/Users/travi/.pico-sdk/sdk/2.2.0/src/rp2_common/pico_printf/printf.c.obj
 .text._out_fct
                0x10002a32        0xe CMakeFiles/Controller.dir/C_/Users/travi/.pico-sdk/sdk/2.2.0/src/rp2_common/pico_printf/printf.c.obj
 .text._atoi    0x10002a40       0x24 CMakeFiles/Controller.dir/C_/Users/travi/.pico-sdk/sdk/2.2.0/src/rp2_common/pico_printf/printf.c.obj
 .text._out_rev
                0x10002a64       0xb0 CMakeFiles/Controller.dir/C_/Users/travi/.pico-sdk/sdk/2.2.0/src/rp2_common/pico_printf/printf.c.obj
 .text._ntoa_format
                0x10002b14      0x10e CMakeFiles/Controller.dir/C_/Users/travi/.pico-sdk/sdk/2.2.0/src/rp2_common/pico_printf/printf.c.obj
 .text._ntoa_long
                0x10002c22       0xbc CMakeFiles/Controller.dir/C_/Users/travi/.pico-sdk/sdk/2.2.0/src/rp2_common/pico_printf/printf.c.obj
 .text._ntoa_long_long
                0x10002cde      0x10e CMakeFiles/Controller.dir/C_/Users/travi/.pico-sdk/sdk/2.2.0/src/rp2_common/pico_printf/printf.c.obj
 .text._etoa    0x10002dec      0x424 CMakeFiles/Controller.dir/C_/Users/travi/.pico-sdk/sdk/2.2.0/src/rp2_common/pico_printf/printf.c.obj
 .text._ftoa    0x10003210      0x348 CMakeFiles/Controller.dir/C_/Users/travi/.pico-sdk/sdk/2.2.0/src/rp2_common/pico_printf/printf.c.obj
 .text._vsnprintf
                0x10003558      0x6a4 CMakeFiles/Controller.dir/C_/Users/travi/.pico-sdk/sdk/2.2.0/src/rp2_common/pico_printf/printf.c.obj
 .text.vfctprintf
                0x10003bfc       0x24 CMakeFiles/Controller.dir/C_/Users/travi/.pico-sdk/sdk/2.2.0/src/rp2_common/pico_printf/printf.c.obj
                0x10003bfc                vfctprintf
 .text._exit    0x10003c20        0x4 CMakeFiles/Controller.dir/C_/Users/travi/.pico-sdk/sdk/2.2.0/src/rp2_common/pico_clib_interface/newlib_interface.c.obj
                0x10003c20                _exit
 .text.exit     0x10003c24        0x6 CMakeFiles/Controller.dir/C_/Users/travi/.pico-sdk/sdk/2.2.0/src/rp2_common/pico_clib_interface/newlib_interface.c.obj
                0x10003c24                exit
 *fill*         0x10003c2a        0x2 
 .text.__assert_func
                0x10003c2c       0x38 CMakeFiles/Controller.dir/C_/Users/travi/.pico-sdk/sdk/2.2.0/src/rp2_common/pico_clib_interface/newlib_interface.c.obj
                0x10003c2c                __assert_func
 .text.runtime_init
                0x10003c64       0x28 CMakeFiles/Controller.dir/C_/Users/travi/.pico-sdk/sdk/2.2.0/src/rp2_common/pico_clib_interface/newlib_interface.c.obj
                0x10003c64                runtime_init
 .text.stdio_out_chars_no_crlf
                0x10003c8c        0xe CMakeFiles/Controller.dir/C_/Users/travi/.pico-sdk/sdk/2.2.0/src/rp2_common/pico_stdio/stdio.c.obj
 *fill*         0x10003c9a        0x2 
 .text.stdio_out_chars_crlf
                0x10003c9c       0x80 CMakeFiles/Controller.dir/C_/Users/travi/.pico-sdk/sdk/2.2.0/src/rp2_common/pico_stdio/stdio.c.obj
 .text.stdio_stack_buffer_flush
                0x10003d1c       0x44 CMakeFiles/Controller.dir/C_/Users/travi/.pico-sdk/sdk/2.2.0/src/rp2_common/pico_stdio/stdio.c.obj
 .text.stdio_buffered_printer
                0x10003d60       0x20 CMakeFiles/Controller.dir/C_/Users/travi/.pico-sdk/sdk/2.2.0/src/rp2_common/pico_stdio/stdio.c.obj
 .text.stdout_serialize_begin
                0x10003d80       0x30 CMakeFiles/Controller.dir/C_/Users/travi/.pico-sdk/sdk/2.2.0/src/rp2_common/pico_stdio/stdio.c.obj
                0x10003d80                stdout_serialize_begin
 .text.stdout_serialize_end
                0x10003db0       0x10 CMakeFiles/Controller.dir/C_/Users/travi/.pico-sdk/sdk/2.2.0/src/rp2_common/pico_stdio/stdio.c.obj
                0x10003db0                stdout_serialize_end
 .text.stdio_put_string
                0x10003dc0       0x94 CMakeFiles/Controller.dir/C_/Users/travi/.pico-sdk/sdk/2.2.0/src/rp2_common/pico_stdio/stdio.c.obj
                0x10003dc0                stdio_put_string
 .text.stdio_set_driver_enabled
                0x10003e54       0x30 CMakeFiles/Controller.dir/C_/Users/travi/.pico-sdk/sdk/2.2.0/src/rp2_common/pico_stdio/stdio.c.obj
                0x10003e54                stdio_set_driver_enabled
 .text.stdio_flush
                0x10003e84       0x20 CMakeFiles/Controller.dir/C_/Users/travi/.pico-sdk/sdk/2.2.0/src/rp2_common/pico_stdio/stdio.c.obj
                0x10003e84                stdio_flush
 .text.stdio_init_all
                0x10003ea4        0x8 CMakeFiles/Controller.dir/C_/Users/travi/.pico-sdk/sdk/2.2.0/src/rp2_common/pico_stdio/stdio.c.obj
                0x10003ea4                stdio_init_all
 .text.__wrap_puts
                0x10003eac       0x1e CMakeFiles/Controller.dir/C_/Users/travi/.pico-sdk/sdk/2.2.0/src/rp2_common/pico_stdio/stdio.c.obj
                0x10003eac                stdio_puts
                0x10003eac                __wrap_puts
 *fill*         0x10003eca        0x2 
 .text.__wrap_vprintf
                0x10003ecc       0x40 CMakeFiles/Controller.dir/C_/Users/travi/.pico-sdk/sdk/2.2.0/src/rp2_common/pico_stdio/stdio.c.obj
                0x10003ecc                stdio_vprintf
                0x10003ecc                __wrap_vprintf
 .text.__wrap_printf
                0x10003f0c       0x18 CMakeFiles/Controller.dir/C_/Users/travi/.pico-sdk/sdk/2.2.0/src/rp2_common/pico_stdio/stdio.c.obj
                0x10003f0c                __wrap_printf
                0x10003f0c                stdio_printf
 .text.resetd_init
                0x10003f24        0x2 CMakeFiles/Controller.dir/C_/Users/travi/.pico-sdk/sdk/2.2.0/src/rp2_common/pico_stdio_usb/reset_interface.c.obj
 *fill*         0x10003f26        0x2 
 .text.resetd_reset
                0x10003f28        0xc CMakeFiles/Controller.dir/C_/Users/travi/.pico-sdk/sdk/2.2.0/src/rp2_common/pico_stdio_usb/reset_interface.c.obj
 .text.resetd_open
                0x10003f34       0x34 CMakeFiles/Controller.dir/C_/Users/travi/.pico-sdk/sdk/2.2.0/src/rp2_common/pico_stdio_usb/reset_interface.c.obj
 .text.resetd_xfer_cb
                0x10003f68        0x4 CMakeFiles/Controller.dir/C_/Users/travi/.pico-sdk/sdk/2.2.0/src/rp2_common/pico_stdio_usb/reset_interface.c.obj
 .text.resetd_control_xfer_cb
                0x10003f6c       0x60 CMakeFiles/Controller.dir/C_/Users/travi/.pico-sdk/sdk/2.2.0/src/rp2_common/pico_stdio_usb/reset_interface.c.obj
 .text.tud_descriptor_bos_cb
                0x10003fcc        0x8 CMakeFiles/Controller.dir/C_/Users/travi/.pico-sdk/sdk/2.2.0/src/rp2_common/pico_stdio_usb/reset_interface.c.obj
                0x10003fcc                tud_descriptor_bos_cb
 .text.tud_vendor_control_xfer_cb
                0x10003fd4       0x38 CMakeFiles/Controller.dir/C_/Users/travi/.pico-sdk/sdk/2.2.0/src/rp2_common/pico_stdio_usb/reset_interface.c.obj
                0x10003fd4                tud_vendor_control_xfer_cb
 .text.usbd_app_driver_get_cb
                0x1000400c        0xc CMakeFiles/Controller.dir/C_/Users/travi/.pico-sdk/sdk/2.2.0/src/rp2_common/pico_stdio_usb/reset_interface.c.obj
                0x1000400c                usbd_app_driver_get_cb
 .text.tud_cdc_line_coding_cb
                0x10004018       0x2c CMakeFiles/Controller.dir/C_/Users/travi/.pico-sdk/sdk/2.2.0/src/rp2_common/pico_stdio_usb/reset_interface.c.obj
                0x10004018                tud_cdc_line_coding_cb
 .text.stdio_usb_set_chars_available_callback
                0x10004044       0x14 CMakeFiles/Controller.dir/C_/Users/travi/.pico-sdk/sdk/2.2.0/src/rp2_common/pico_stdio_usb/stdio_usb.c.obj
                0x10004044                stdio_usb_set_chars_available_callback
 .text.stdio_usb_out_flush
                0x10004058       0x4c CMakeFiles/Controller.dir/C_/Users/travi/.pico-sdk/sdk/2.2.0/src/rp2_common/pico_stdio_usb/stdio_usb.c.obj
 .text.usb_irq  0x100040a4       0x10 CMakeFiles/Controller.dir/C_/Users/travi/.pico-sdk/sdk/2.2.0/src/rp2_common/pico_stdio_usb/stdio_usb.c.obj
 .text.timer_task
                0x100040b4       0x6c CMakeFiles/Controller.dir/C_/Users/travi/.pico-sdk/sdk/2.2.0/src/rp2_common/pico_stdio_usb/stdio_usb.c.obj
 .text.alarm_pool_add_alarm_in_us
                0x10004120       0x40 CMakeFiles/Controller.dir/C_/Users/travi/.pico-sdk/sdk/2.2.0/src/rp2_common/pico_stdio_usb/stdio_usb.c.obj
 .text.add_alarm_in_us
                0x10004160       0x2e CMakeFiles/Controller.dir/C_/Users/travi/.pico-sdk/sdk/2.2.0/src/rp2_common/pico_stdio_usb/stdio_usb.c.obj
 *fill*         0x1000418e        0x2 
 .text.low_priority_worker_irq
                0x10004190       0xa8 CMakeFiles/Controller.dir/C_/Users/travi/.pico-sdk/sdk/2.2.0/src/rp2_common/pico_stdio_usb/stdio_usb.c.obj
 .text.stdio_usb_init
                0x10004238       0xe0 CMakeFiles/Controller.dir/C_/Users/travi/.pico-sdk/sdk/2.2.0/src/rp2_common/pico_stdio_usb/stdio_usb.c.obj
                0x10004238                stdio_usb_init
 .text.stdio_usb_connected
                0x10004318        0xa CMakeFiles/Controller.dir/C_/Users/travi/.pico-sdk/sdk/2.2.0/src/rp2_common/pico_stdio_usb/stdio_usb.c.obj
                0x10004318                stdio_usb_connected
 *fill*         0x10004322        0x2 
 .text.stdio_usb_in_chars
                0x10004324       0x98 CMakeFiles/Controller.dir/C_/Users/travi/.pico-sdk/sdk/2.2.0/src/rp2_common/pico_stdio_usb/stdio_usb.c.obj
                0x10004324                stdio_usb_in_chars
 .text.stdio_usb_out_chars
                0x100043bc       0xe8 CMakeFiles/Controller.dir/C_/Users/travi/.pico-sdk/sdk/2.2.0/src/rp2_common/pico_stdio_usb/stdio_usb.c.obj
 .text.tud_descriptor_device_cb
                0x100044a4        0x8 CMakeFiles/Controller.dir/C_/Users/travi/.pico-sdk/sdk/2.2.0/src/rp2_common/pico_stdio_usb/stdio_usb_descriptors.c.obj
                0x100044a4                tud_descriptor_device_cb
 .text.tud_descriptor_configuration_cb
                0x100044ac        0x8 CMakeFiles/Controller.dir/C_/Users/travi/.pico-sdk/sdk/2.2.0/src/rp2_common/pico_stdio_usb/stdio_usb_descriptors.c.obj
                0x100044ac                tud_descriptor_configuration_cb
 .text.tud_descriptor_string_cb
                0x100044b4       0x6c CMakeFiles/Controller.dir/C_/Users/travi/.pico-sdk/sdk/2.2.0/src/rp2_common/pico_stdio_usb/stdio_usb_descriptors.c.obj
                0x100044b4                tud_descriptor_string_cb
 .text._retrieve_unique_id_on_boot
                0x10004520       0x10 CMakeFiles/Controller.dir/C_/Users/travi/.pico-sdk/sdk/2.2.0/src/rp2_common/pico_unique_id/unique_id.c.obj
 .text.pico_get_unique_board_id_string
                0x10004530       0x58 CMakeFiles/Controller.dir/C_/Users/travi/.pico-sdk/sdk/2.2.0/src/rp2_common/pico_unique_id/unique_id.c.obj
                0x10004530                pico_get_unique_board_id_string
 .text.flash_get_unique_id
                0x10004588       0x40 CMakeFiles/Controller.dir/C_/Users/travi/.pico-sdk/sdk/2.2.0/src/rp2_common/hardware_flash/flash.c.obj
                0x10004588                flash_get_unique_id
 .text.hw_endpoint_init
                0x100045c8       0xc0 CMakeFiles/Controller.dir/C_/Users/travi/.pico-sdk/sdk/2.2.0/lib/tinyusb/src/portable/raspberrypi/rp2040/dcd_rp2040.c.obj
 .text.hw_endpoint_alloc
                0x10004688       0x48 CMakeFiles/Controller.dir/C_/Users/travi/.pico-sdk/sdk/2.2.0/lib/tinyusb/src/portable/raspberrypi/rp2040/dcd_rp2040.c.obj
 .text.hw_endpoint_open
                0x100046d0       0x50 CMakeFiles/Controller.dir/C_/Users/travi/.pico-sdk/sdk/2.2.0/lib/tinyusb/src/portable/raspberrypi/rp2040/dcd_rp2040.c.obj
 .text.hw_endpoint_xfer
                0x10004720       0x20 CMakeFiles/Controller.dir/C_/Users/travi/.pico-sdk/sdk/2.2.0/lib/tinyusb/src/portable/raspberrypi/rp2040/dcd_rp2040.c.obj
 .text.dcd_int_enable
                0x10004740       0x2c CMakeFiles/Controller.dir/C_/Users/travi/.pico-sdk/sdk/2.2.0/lib/tinyusb/src/portable/raspberrypi/rp2040/dcd_rp2040.c.obj
                0x10004740                dcd_int_enable
 .text.dcd_set_address
                0x1000476c       0x2c CMakeFiles/Controller.dir/C_/Users/travi/.pico-sdk/sdk/2.2.0/lib/tinyusb/src/portable/raspberrypi/rp2040/dcd_rp2040.c.obj
                0x1000476c                dcd_set_address
 .text.dcd_connect
                0x10004798       0x10 CMakeFiles/Controller.dir/C_/Users/travi/.pico-sdk/sdk/2.2.0/lib/tinyusb/src/portable/raspberrypi/rp2040/dcd_rp2040.c.obj
                0x10004798                dcd_connect
 .text.dcd_init
                0x100047a8       0x80 CMakeFiles/Controller.dir/C_/Users/travi/.pico-sdk/sdk/2.2.0/lib/tinyusb/src/portable/raspberrypi/rp2040/dcd_rp2040.c.obj
                0x100047a8                dcd_init
 .text.dcd_sof_enable
                0x10004828       0x1c CMakeFiles/Controller.dir/C_/Users/travi/.pico-sdk/sdk/2.2.0/lib/tinyusb/src/portable/raspberrypi/rp2040/dcd_rp2040.c.obj
                0x10004828                dcd_sof_enable
 .text.dcd_edpt0_status_complete
                0x10004844       0x1c CMakeFiles/Controller.dir/C_/Users/travi/.pico-sdk/sdk/2.2.0/lib/tinyusb/src/portable/raspberrypi/rp2040/dcd_rp2040.c.obj
                0x10004844                dcd_edpt0_status_complete
 .text.dcd_edpt_open
                0x10004860       0x26 CMakeFiles/Controller.dir/C_/Users/travi/.pico-sdk/sdk/2.2.0/lib/tinyusb/src/portable/raspberrypi/rp2040/dcd_rp2040.c.obj
                0x10004860                dcd_edpt_open
 .text.dcd_edpt_close_all
                0x10004886        0x8 CMakeFiles/Controller.dir/C_/Users/travi/.pico-sdk/sdk/2.2.0/lib/tinyusb/src/portable/raspberrypi/rp2040/dcd_rp2040.c.obj
                0x10004886                dcd_edpt_close_all
 *fill*         0x1000488e        0x2 
 .text.dcd_edpt_xfer
                0x10004890       0x30 CMakeFiles/Controller.dir/C_/Users/travi/.pico-sdk/sdk/2.2.0/lib/tinyusb/src/portable/raspberrypi/rp2040/dcd_rp2040.c.obj
                0x10004890                dcd_edpt_xfer
 .text.dcd_edpt_stall
                0x100048c0       0x3c CMakeFiles/Controller.dir/C_/Users/travi/.pico-sdk/sdk/2.2.0/lib/tinyusb/src/portable/raspberrypi/rp2040/dcd_rp2040.c.obj
                0x100048c0                dcd_edpt_stall
 .text.dcd_edpt_clear_stall
                0x100048fc       0x30 CMakeFiles/Controller.dir/C_/Users/travi/.pico-sdk/sdk/2.2.0/lib/tinyusb/src/portable/raspberrypi/rp2040/dcd_rp2040.c.obj
                0x100048fc                dcd_edpt_clear_stall
 .text.unaligned_memcpy
                0x1000492c       0x14 CMakeFiles/Controller.dir/C_/Users/travi/.pico-sdk/sdk/2.2.0/lib/tinyusb/src/portable/raspberrypi/rp2040/rp2040_usb.c.obj
 .text.rp2040_usb_init
                0x10004940       0x44 CMakeFiles/Controller.dir/C_/Users/travi/.pico-sdk/sdk/2.2.0/lib/tinyusb/src/portable/raspberrypi/rp2040/rp2040_usb.c.obj
                0x10004940                rp2040_usb_init
 .text.hw_endpoint_xfer_start
                0x10004984       0x60 CMakeFiles/Controller.dir/C_/Users/travi/.pico-sdk/sdk/2.2.0/lib/tinyusb/src/portable/raspberrypi/rp2040/rp2040_usb.c.obj
                0x10004984                hw_endpoint_xfer_start
 .text.configuration_reset
                0x100049e4       0x84 CMakeFiles/Controller.dir/C_/Users/travi/.pico-sdk/sdk/2.2.0/lib/tinyusb/src/device/usbd.c.obj
 .text.usbd_reset
                0x10004a68        0xc CMakeFiles/Controller.dir/C_/Users/travi/.pico-sdk/sdk/2.2.0/lib/tinyusb/src/device/usbd.c.obj
 .text.invoke_class_control
                0x10004a74       0x1a CMakeFiles/Controller.dir/C_/Users/travi/.pico-sdk/sdk/2.2.0/lib/tinyusb/src/device/usbd.c.obj
 *fill*         0x10004a8e        0x2 
 .text.process_set_config
                0x10004a90      0x1b0 CMakeFiles/Controller.dir/C_/Users/travi/.pico-sdk/sdk/2.2.0/lib/tinyusb/src/device/usbd.c.obj
 .text.tud_event_hook_cb
                0x10004c40        0x2 CMakeFiles/Controller.dir/C_/Users/travi/.pico-sdk/sdk/2.2.0/lib/tinyusb/src/device/usbd.c.obj
                0x10004c40                tud_event_hook_cb
 .text.tud_sof_cb
                0x10004c42        0x2 CMakeFiles/Controller.dir/C_/Users/travi/.pico-sdk/sdk/2.2.0/lib/tinyusb/src/device/usbd.c.obj
                0x10004c42                tud_sof_cb
 .text.tud_descriptor_device_qualifier_cb
                0x10004c44        0x4 CMakeFiles/Controller.dir/C_/Users/travi/.pico-sdk/sdk/2.2.0/lib/tinyusb/src/device/usbd.c.obj
                0x10004c44                tud_descriptor_device_qualifier_cb
 .text.tud_descriptor_other_speed_configuration_cb
                0x10004c48        0x4 CMakeFiles/Controller.dir/C_/Users/travi/.pico-sdk/sdk/2.2.0/lib/tinyusb/src/device/usbd.c.obj
                0x10004c48                tud_descriptor_other_speed_configuration_cb
 .text.process_get_descriptor
                0x10004c4c       0xe0 CMakeFiles/Controller.dir/C_/Users/travi/.pico-sdk/sdk/2.2.0/lib/tinyusb/src/device/usbd.c.obj
 .text.tud_mount_cb
                0x10004d2c        0x2 CMakeFiles/Controller.dir/C_/Users/travi/.pico-sdk/sdk/2.2.0/lib/tinyusb/src/device/usbd.c.obj
                0x10004d2c                tud_mount_cb
 .text.tud_umount_cb
                0x10004d2e        0x2 CMakeFiles/Controller.dir/C_/Users/travi/.pico-sdk/sdk/2.2.0/lib/tinyusb/src/device/usbd.c.obj
                0x10004d2e                tud_umount_cb
 .text.tud_suspend_cb
                0x10004d30        0x2 CMakeFiles/Controller.dir/C_/Users/travi/.pico-sdk/sdk/2.2.0/lib/tinyusb/src/device/usbd.c.obj
                0x10004d30                tud_suspend_cb
 .text.tud_resume_cb
                0x10004d32        0x2 CMakeFiles/Controller.dir/C_/Users/travi/.pico-sdk/sdk/2.2.0/lib/tinyusb/src/device/usbd.c.obj
                0x10004d32                tud_resume_cb
 .text.tud_mounted
                0x10004d34       0x10 CMakeFiles/Controller.dir/C_/Users/travi/.pico-sdk/sdk/2.2.0/lib/tinyusb/src/device/usbd.c.obj
                0x10004d34                tud_mounted
 .text.tud_suspended
                0x10004d44       0x10 CMakeFiles/Controller.dir/C_/Users/travi/.pico-sdk/sdk/2.2.0/lib/tinyusb/src/device/usbd.c.obj
                0x10004d44                tud_suspended
 .text.tud_inited
                0x10004d54       0x14 CMakeFiles/Controller.dir/C_/Users/travi/.pico-sdk/sdk/2.2.0/lib/tinyusb/src/device/usbd.c.obj
                0x10004d54                tud_inited
 .text.tud_rhport_init
                0x10004d68      0x100 CMakeFiles/Controller.dir/C_/Users/travi/.pico-sdk/sdk/2.2.0/lib/tinyusb/src/device/usbd.c.obj
                0x10004d68                tud_rhport_init
 .text.usbd_edpt_open
                0x10004e68       0x60 CMakeFiles/Controller.dir/C_/Users/travi/.pico-sdk/sdk/2.2.0/lib/tinyusb/src/device/usbd.c.obj
                0x10004e68                usbd_edpt_open
 .text.usbd_open_edpt_pair
                0x10004ec8       0x88 CMakeFiles/Controller.dir/C_/Users/travi/.pico-sdk/sdk/2.2.0/lib/tinyusb/src/device/usbd.c.obj
                0x10004ec8                usbd_open_edpt_pair
 .text.usbd_edpt_claim
                0x10004f50       0x28 CMakeFiles/Controller.dir/C_/Users/travi/.pico-sdk/sdk/2.2.0/lib/tinyusb/src/device/usbd.c.obj
                0x10004f50                usbd_edpt_claim
 .text.usbd_edpt_release
                0x10004f78       0x28 CMakeFiles/Controller.dir/C_/Users/travi/.pico-sdk/sdk/2.2.0/lib/tinyusb/src/device/usbd.c.obj
                0x10004f78                usbd_edpt_release
 .text.usbd_edpt_xfer
                0x10004fa0       0x88 CMakeFiles/Controller.dir/C_/Users/travi/.pico-sdk/sdk/2.2.0/lib/tinyusb/src/device/usbd.c.obj
                0x10004fa0                usbd_edpt_xfer
 .text.usbd_edpt_stall
                0x10005028       0x34 CMakeFiles/Controller.dir/C_/Users/travi/.pico-sdk/sdk/2.2.0/lib/tinyusb/src/device/usbd.c.obj
                0x10005028                usbd_edpt_stall
 .text.usbd_edpt_clear_stall
                0x1000505c       0x34 CMakeFiles/Controller.dir/C_/Users/travi/.pico-sdk/sdk/2.2.0/lib/tinyusb/src/device/usbd.c.obj
                0x1000505c                usbd_edpt_clear_stall
 .text.usbd_edpt_stalled
                0x10005090       0x1c CMakeFiles/Controller.dir/C_/Users/travi/.pico-sdk/sdk/2.2.0/lib/tinyusb/src/device/usbd.c.obj
                0x10005090                usbd_edpt_stalled
 .text.process_control_request
                0x100050ac      0x384 CMakeFiles/Controller.dir/C_/Users/travi/.pico-sdk/sdk/2.2.0/lib/tinyusb/src/device/usbd.c.obj
 .text.tud_task_ext
                0x10005430      0x1d0 CMakeFiles/Controller.dir/C_/Users/travi/.pico-sdk/sdk/2.2.0/lib/tinyusb/src/device/usbd.c.obj
                0x10005430                tud_task_ext
 .text.status_stage_xact
                0x10005600       0x1a CMakeFiles/Controller.dir/C_/Users/travi/.pico-sdk/sdk/2.2.0/lib/tinyusb/src/device/usbd_control.c.obj
 *fill*         0x1000561a        0x2 
 .text.data_stage_xact
                0x1000561c       0x60 CMakeFiles/Controller.dir/C_/Users/travi/.pico-sdk/sdk/2.2.0/lib/tinyusb/src/device/usbd_control.c.obj
 .text.tud_control_status
                0x1000567c       0x28 CMakeFiles/Controller.dir/C_/Users/travi/.pico-sdk/sdk/2.2.0/lib/tinyusb/src/device/usbd_control.c.obj
                0x1000567c                tud_control_status
 .text.tud_control_xfer
                0x100056a4       0x98 CMakeFiles/Controller.dir/C_/Users/travi/.pico-sdk/sdk/2.2.0/lib/tinyusb/src/device/usbd_control.c.obj
                0x100056a4                tud_control_xfer
 .text.usbd_control_reset
                0x1000573c       0x14 CMakeFiles/Controller.dir/C_/Users/travi/.pico-sdk/sdk/2.2.0/lib/tinyusb/src/device/usbd_control.c.obj
                0x1000573c                usbd_control_reset
 .text.usbd_control_set_complete_callback
                0x10005750        0xc CMakeFiles/Controller.dir/C_/Users/travi/.pico-sdk/sdk/2.2.0/lib/tinyusb/src/device/usbd_control.c.obj
                0x10005750                usbd_control_set_complete_callback
 .text.usbd_control_set_request
                0x1000575c       0x1c CMakeFiles/Controller.dir/C_/Users/travi/.pico-sdk/sdk/2.2.0/lib/tinyusb/src/device/usbd_control.c.obj
                0x1000575c                usbd_control_set_request
 .text.usbd_control_xfer_cb
                0x10005778       0xe0 CMakeFiles/Controller.dir/C_/Users/travi/.pico-sdk/sdk/2.2.0/lib/tinyusb/src/device/usbd_control.c.obj
                0x10005778                usbd_control_xfer_cb
 .text._prep_out_transaction
                0x10005858       0x94 CMakeFiles/Controller.dir/C_/Users/travi/.pico-sdk/sdk/2.2.0/lib/tinyusb/src/class/cdc/cdc_device.c.obj
 .text.tud_cdc_n_connected
                0x100058ec       0x38 CMakeFiles/Controller.dir/C_/Users/travi/.pico-sdk/sdk/2.2.0/lib/tinyusb/src/class/cdc/cdc_device.c.obj
                0x100058ec                tud_cdc_n_connected
 .text.tud_cdc_n_available
                0x10005924       0x18 CMakeFiles/Controller.dir/C_/Users/travi/.pico-sdk/sdk/2.2.0/lib/tinyusb/src/class/cdc/cdc_device.c.obj
                0x10005924                tud_cdc_n_available
 .text.tud_cdc_n_read
                0x1000593c       0x38 CMakeFiles/Controller.dir/C_/Users/travi/.pico-sdk/sdk/2.2.0/lib/tinyusb/src/class/cdc/cdc_device.c.obj
                0x1000593c                tud_cdc_n_read
 .text.tud_cdc_n_write_flush
                0x10005974       0xb0 CMakeFiles/Controller.dir/C_/Users/travi/.pico-sdk/sdk/2.2.0/lib/tinyusb/src/class/cdc/cdc_device.c.obj
                0x10005974                tud_cdc_n_write_flush
 .text.tud_cdc_n_write
                0x10005a24       0x48 CMakeFiles/Controller.dir/C_/Users/travi/.pico-sdk/sdk/2.2.0/lib/tinyusb/src/class/cdc/cdc_device.c.obj
                0x10005a24                tud_cdc_n_write
 .text.tud_cdc_n_write_available
                0x10005a6c       0x18 CMakeFiles/Controller.dir/C_/Users/travi/.pico-sdk/sdk/2.2.0/lib/tinyusb/src/class/cdc/cdc_device.c.obj
                0x10005a6c                tud_cdc_n_write_available
 .text.cdcd_init
                0x10005a84       0xac CMakeFiles/Controller.dir/C_/Users/travi/.pico-sdk/sdk/2.2.0/lib/tinyusb/src/class/cdc/cdc_device.c.obj
                0x10005a84                cdcd_init
 .text.cdcd_deinit
                0x10005b30       0x48 CMakeFiles/Controller.dir/C_/Users/travi/.pico-sdk/sdk/2.2.0/lib/tinyusb/src/class/cdc/cdc_device.c.obj
                0x10005b30                cdcd_deinit
 .text.cdcd_reset
                0x10005b78       0x70 CMakeFiles/Controller.dir/C_/Users/travi/.pico-sdk/sdk/2.2.0/lib/tinyusb/src/class/cdc/cdc_device.c.obj
                0x10005b78                cdcd_reset
 .text.cdcd_open
                0x10005be8       0xec CMakeFiles/Controller.dir/C_/Users/travi/.pico-sdk/sdk/2.2.0/lib/tinyusb/src/class/cdc/cdc_device.c.obj
                0x10005be8                cdcd_open
 .text.cdcd_control_xfer_cb
                0x10005cd4      0x13c CMakeFiles/Controller.dir/C_/Users/travi/.pico-sdk/sdk/2.2.0/lib/tinyusb/src/class/cdc/cdc_device.c.obj
                0x10005cd4                cdcd_control_xfer_cb
 .text.cdcd_xfer_cb
                0x10005e10      0x148 CMakeFiles/Controller.dir/C_/Users/travi/.pico-sdk/sdk/2.2.0/lib/tinyusb/src/class/cdc/cdc_device.c.obj
                0x10005e10                cdcd_xfer_cb
 .text.tud_vendor_n_mounted
                0x10005f58       0x3c CMakeFiles/Controller.dir/C_/Users/travi/.pico-sdk/sdk/2.2.0/lib/tinyusb/src/class/vendor/vendor_device.c.obj
                0x10005f58                tud_vendor_n_mounted
 .text.tud_vendor_n_write_flush
                0x10005f94       0x20 CMakeFiles/Controller.dir/C_/Users/travi/.pico-sdk/sdk/2.2.0/lib/tinyusb/src/class/vendor/vendor_device.c.obj
                0x10005f94                tud_vendor_n_write_flush
 .text.vendord_init
                0x10005fb4       0x9c CMakeFiles/Controller.dir/C_/Users/travi/.pico-sdk/sdk/2.2.0/lib/tinyusb/src/class/vendor/vendor_device.c.obj
                0x10005fb4                vendord_init
 .text.vendord_deinit
                0x10006050       0x34 CMakeFiles/Controller.dir/C_/Users/travi/.pico-sdk/sdk/2.2.0/lib/tinyusb/src/class/vendor/vendor_device.c.obj
                0x10006050                vendord_deinit
 .text.vendord_reset
                0x10006084       0x50 CMakeFiles/Controller.dir/C_/Users/travi/.pico-sdk/sdk/2.2.0/lib/tinyusb/src/class/vendor/vendor_device.c.obj
                0x10006084                vendord_reset
 .text.vendord_open
                0x100060d4      0x14c CMakeFiles/Controller.dir/C_/Users/travi/.pico-sdk/sdk/2.2.0/lib/tinyusb/src/class/vendor/vendor_device.c.obj
                0x100060d4                vendord_open
 .text.vendord_xfer_cb
                0x10006220       0xd8 CMakeFiles/Controller.dir/C_/Users/travi/.pico-sdk/sdk/2.2.0/lib/tinyusb/src/class/vendor/vendor_device.c.obj
                0x10006220                vendord_xfer_cb
 .text.tusb_rhport_init
                0x100062f8       0x78 CMakeFiles/Controller.dir/C_/Users/travi/.pico-sdk/sdk/2.2.0/lib/tinyusb/src/tusb.c.obj
                0x100062f8                tusb_rhport_init
 .text.tu_edpt_claim
                0x10006370       0x50 CMakeFiles/Controller.dir/C_/Users/travi/.pico-sdk/sdk/2.2.0/lib/tinyusb/src/tusb.c.obj
                0x10006370                tu_edpt_claim
 .text.tu_edpt_release
                0x100063c0       0x38 CMakeFiles/Controller.dir/C_/Users/travi/.pico-sdk/sdk/2.2.0/lib/tinyusb/src/tusb.c.obj
                0x100063c0                tu_edpt_release
 .text.tu_edpt_validate
                0x100063f8       0xac CMakeFiles/Controller.dir/C_/Users/travi/.pico-sdk/sdk/2.2.0/lib/tinyusb/src/tusb.c.obj
                0x100063f8                tu_edpt_validate
 .text.tu_edpt_bind_driver
                0x100064a4       0x26 CMakeFiles/Controller.dir/C_/Users/travi/.pico-sdk/sdk/2.2.0/lib/tinyusb/src/tusb.c.obj
                0x100064a4                tu_edpt_bind_driver
 .text.tu_edpt_stream_init
                0x100064ca       0x62 CMakeFiles/Controller.dir/C_/Users/travi/.pico-sdk/sdk/2.2.0/lib/tinyusb/src/tusb.c.obj
                0x100064ca                tu_edpt_stream_init
 .text.tu_edpt_stream_deinit
                0x1000652c        0x4 CMakeFiles/Controller.dir/C_/Users/travi/.pico-sdk/sdk/2.2.0/lib/tinyusb/src/tusb.c.obj
                0x1000652c                tu_edpt_stream_deinit
 .text.tu_edpt_stream_write_zlp_if_needed
                0x10006530       0x80 CMakeFiles/Controller.dir/C_/Users/travi/.pico-sdk/sdk/2.2.0/lib/tinyusb/src/tusb.c.obj
                0x10006530                tu_edpt_stream_write_zlp_if_needed
 .text.tu_edpt_stream_write_xfer
                0x100065b0       0x84 CMakeFiles/Controller.dir/C_/Users/travi/.pico-sdk/sdk/2.2.0/lib/tinyusb/src/tusb.c.obj
                0x100065b0                tu_edpt_stream_write_xfer
 .text.tu_edpt_stream_read_xfer
                0x10006634       0xf4 CMakeFiles/Controller.dir/C_/Users/travi/.pico-sdk/sdk/2.2.0/lib/tinyusb/src/tusb.c.obj
                0x10006634                tu_edpt_stream_read_xfer
 .text.advance_index
                0x10006728       0x1a CMakeFiles/Controller.dir/C_/Users/travi/.pico-sdk/sdk/2.2.0/lib/tinyusb/src/common/tusb_fifo.c.obj
 .text._tu_fifo_peek
                0x10006742       0x56 CMakeFiles/Controller.dir/C_/Users/travi/.pico-sdk/sdk/2.2.0/lib/tinyusb/src/common/tusb_fifo.c.obj
 .text._ff_pull_n
                0x10006798       0x68 CMakeFiles/Controller.dir/C_/Users/travi/.pico-sdk/sdk/2.2.0/lib/tinyusb/src/common/tusb_fifo.c.obj
 .text._tu_fifo_peek_n
                0x10006800       0x6a CMakeFiles/Controller.dir/C_/Users/travi/.pico-sdk/sdk/2.2.0/lib/tinyusb/src/common/tusb_fifo.c.obj
 .text._tu_fifo_read_n
                0x1000686a       0x4e CMakeFiles/Controller.dir/C_/Users/travi/.pico-sdk/sdk/2.2.0/lib/tinyusb/src/common/tusb_fifo.c.obj
 .text._ff_push_n
                0x100068b8       0x68 CMakeFiles/Controller.dir/C_/Users/travi/.pico-sdk/sdk/2.2.0/lib/tinyusb/src/common/tusb_fifo.c.obj
 .text._tu_fifo_write_n
                0x10006920       0xf0 CMakeFiles/Controller.dir/C_/Users/travi/.pico-sdk/sdk/2.2.0/lib/tinyusb/src/common/tusb_fifo.c.obj
 .text.tu_fifo_config
                0x10006a10       0x7c CMakeFiles/Controller.dir/C_/Users/travi/.pico-sdk/sdk/2.2.0/lib/tinyusb/src/common/tusb_fifo.c.obj
                0x10006a10                tu_fifo_config
 .text.tu_fifo_count
                0x10006a8c       0x2c CMakeFiles/Controller.dir/C_/Users/travi/.pico-sdk/sdk/2.2.0/lib/tinyusb/src/common/tusb_fifo.c.obj
                0x10006a8c                tu_fifo_count
 .text.tu_fifo_empty
                0x10006ab8        0xe CMakeFiles/Controller.dir/C_/Users/travi/.pico-sdk/sdk/2.2.0/lib/tinyusb/src/common/tusb_fifo.c.obj
                0x10006ab8                tu_fifo_empty
 .text.tu_fifo_full
                0x10006ac6       0x2a CMakeFiles/Controller.dir/C_/Users/travi/.pico-sdk/sdk/2.2.0/lib/tinyusb/src/common/tusb_fifo.c.obj
                0x10006ac6                tu_fifo_full
 .text.tu_fifo_remaining
                0x10006af0       0x2e CMakeFiles/Controller.dir/C_/Users/travi/.pico-sdk/sdk/2.2.0/lib/tinyusb/src/common/tusb_fifo.c.obj
                0x10006af0                tu_fifo_remaining
 .text.tu_fifo_read
                0x10006b1e       0x42 CMakeFiles/Controller.dir/C_/Users/travi/.pico-sdk/sdk/2.2.0/lib/tinyusb/src/common/tusb_fifo.c.obj
                0x10006b1e                tu_fifo_read
 .text.tu_fifo_read_n
                0x10006b60        0xa CMakeFiles/Controller.dir/C_/Users/travi/.pico-sdk/sdk/2.2.0/lib/tinyusb/src/common/tusb_fifo.c.obj
                0x10006b60                tu_fifo_read_n
 .text.tu_fifo_write
                0x10006b6a       0x64 CMakeFiles/Controller.dir/C_/Users/travi/.pico-sdk/sdk/2.2.0/lib/tinyusb/src/common/tusb_fifo.c.obj
                0x10006b6a                tu_fifo_write
 .text.tu_fifo_write_n
                0x10006bce        0xa CMakeFiles/Controller.dir/C_/Users/travi/.pico-sdk/sdk/2.2.0/lib/tinyusb/src/common/tusb_fifo.c.obj
                0x10006bce                tu_fifo_write_n
 .text.tu_fifo_clear
                0x10006bd8       0x3e CMakeFiles/Controller.dir/C_/Users/travi/.pico-sdk/sdk/2.2.0/lib/tinyusb/src/common/tusb_fifo.c.obj
                0x10006bd8                tu_fifo_clear
 .text.tu_fifo_set_overwritable
                0x10006c16       0x46 CMakeFiles/Controller.dir/C_/Users/travi/.pico-sdk/sdk/2.2.0/lib/tinyusb/src/common/tusb_fifo.c.obj
                0x10006c16                tu_fifo_set_overwritable
 .text.spi_unreset
                0x10006c5c       0x2c CMakeFiles/Controller.dir/C_/Users/travi/.pico-sdk/sdk/2.2.0/src/rp2_common/hardware_spi/spi.c.obj
 .text.spi_set_baudrate
                0x10006c88       0xb4 CMakeFiles/Controller.dir/C_/Users/travi/.pico-sdk/sdk/2.2.0/src/rp2_common/hardware_spi/spi.c.obj
                0x10006c88                spi_set_baudrate
 .text.spi_init
                0x10006d3c       0x70 CMakeFiles/Controller.dir/C_/Users/travi/.pico-sdk/sdk/2.2.0/src/rp2_common/hardware_spi/spi.c.obj
                0x10006d3c                spi_init
 .text.memcmp   0x10006dac       0x48 C:/Users/travi/.pico-sdk/toolchain/14_2_Rel1/bin/../lib/gcc/arm-none-eabi/14.2.1/thumb/v6-m/nofp\libg.a(libc_a-memcmp.o)
                0x10006dac                memcmp
 .text.strlen   0x10006df4       0x5c C:/Users/travi/.pico-sdk/toolchain/14_2_Rel1/bin/../lib/gcc/arm-none-eabi/14.2.1/thumb/v6-m/nofp\libg.a(libc_a-strlen-stub.o)
                0x10006df4                strlen
 *(.fini)
 .fini          0x10006e50        0x4 C:/Users/travi/.pico-sdk/toolchain/14_2_Rel1/bin/../lib/gcc/arm-none-eabi/14.2.1/thumb/v6-m/nofp/crti.o
                0x10006e50                _fini
 *fill*         0x10006e54        0x4 
 .fini.__stub   0x10006e58       0xf0 linker stubs
 *crtbegin.o(.ctors)
 *crtbegin?.o(.ctors)
 *(EXCLUDE_FILE(*crtend.o *crtend?.o) .ctors)
 *(SORT_BY_NAME(.ctors.*))
 *(.ctors)
 *crtbegin.o(.dtors)
 *crtbegin?.o(.dtors)
 *(EXCLUDE_FILE(*crtend.o *crtend?.o) .dtors)
 *(SORT_BY_NAME(.dtors.*))
 *(.dtors)
                0x10006f48                        . = ALIGN (0x4)
                0x10006f48                        PROVIDE (__preinit_array_start = .)
 *(SORT_BY_NAME(.preinit_array.*))
 .preinit_array.00100
                0x10006f48        0x4 CMakeFiles/Controller.dir/C_/Users/travi/.pico-sdk/sdk/2.2.0/src/rp2_common/pico_runtime_init/runtime_init.c.obj
                0x10006f48                __pre_init_runtime_init_early_resets
 .preinit_array.00101
                0x10006f4c        0x4 CMakeFiles/Controller.dir/C_/Users/travi/.pico-sdk/sdk/2.2.0/src/rp2_common/pico_runtime_init/runtime_init.c.obj
                0x10006f4c                __pre_init_runtime_init_usb_power_down
 .preinit_array.00275
                0x10006f50        0x4 CMakeFiles/Controller.dir/C_/Users/travi/.pico-sdk/sdk/2.2.0/src/rp2_common/pico_bit_ops/bit_ops_aeabi.S.obj
 .preinit_array.00300
                0x10006f54        0x4 CMakeFiles/Controller.dir/C_/Users/travi/.pico-sdk/sdk/2.2.0/src/rp2_common/pico_mem_ops/mem_ops_aeabi.S.obj
 .preinit_array.00350
                0x10006f58        0x4 CMakeFiles/Controller.dir/C_/Users/travi/.pico-sdk/sdk/2.2.0/src/rp2_common/pico_double/double_aeabi_rp2040.S.obj
 .preinit_array.00350
                0x10006f5c        0x4 CMakeFiles/Controller.dir/C_/Users/travi/.pico-sdk/sdk/2.2.0/src/rp2_common/pico_float/float_aeabi_rp2040.S.obj
 .preinit_array.00500
                0x10006f60        0x4 CMakeFiles/Controller.dir/C_/Users/travi/.pico-sdk/sdk/2.2.0/src/rp2_common/pico_runtime_init/runtime_init.c.obj
                0x10006f60                __pre_init_runtime_init_clocks
 .preinit_array.00600
                0x10006f64        0x4 CMakeFiles/Controller.dir/C_/Users/travi/.pico-sdk/sdk/2.2.0/src/rp2_common/pico_runtime_init/runtime_init.c.obj
                0x10006f64                __pre_init_runtime_init_post_clock_resets
 .preinit_array.00700
                0x10006f68        0x4 CMakeFiles/Controller.dir/C_/Users/travi/.pico-sdk/sdk/2.2.0/src/rp2_common/pico_runtime_init/runtime_init.c.obj
                0x10006f68                __pre_init_runtime_init_rp2040_gpio_ie_disable
 .preinit_array.01000
                0x10006f6c        0x4 CMakeFiles/Controller.dir/C_/Users/travi/.pico-sdk/sdk/2.2.0/src/rp2_common/pico_runtime_init/runtime_init.c.obj
                0x10006f6c                __pre_init_runtime_init_spin_locks_reset
 .preinit_array.01100
                0x10006f70        0x4 CMakeFiles/Controller.dir/C_/Users/travi/.pico-sdk/sdk/2.2.0/src/common/pico_sync/mutex.c.obj
                0x10006f70                __pre_init_runtime_init_mutex
 .preinit_array.10080
                0x10006f74        0x4 CMakeFiles/Controller.dir/C_/Users/travi/.pico-sdk/sdk/2.2.0/src/rp2_common/pico_runtime_init/runtime_init.c.obj
                0x10006f74                __pre_init_runtime_init_install_ram_vector_table
 .preinit_array.11000
                0x10006f78        0x4 CMakeFiles/Controller.dir/C_/Users/travi/.pico-sdk/sdk/2.2.0/src/common/pico_time/time.c.obj
                0x10006f78                __pre_init_runtime_init_default_alarm_pool
 .preinit_array.YYYYY
                0x10006f7c        0x4 CMakeFiles/Controller.dir/C_/Users/travi/.pico-sdk/sdk/2.2.0/src/rp2_common/pico_runtime/runtime.c.obj
                0x10006f7c                __pre_init_first_per_core_initializer
 .preinit_array.ZZZZZ.01200
                0x10006f80        0x4 CMakeFiles/Controller.dir/C_/Users/travi/.pico-sdk/sdk/2.2.0/src/rp2_common/hardware_irq/irq.c.obj
                0x10006f80                __pre_init_runtime_init_per_core_irq_priorities
 *(.preinit_array)
                0x10006f84                        PROVIDE (__preinit_array_end = .)
                0x10006f84                        . = ALIGN (0x4)
                0x10006f84                        PROVIDE (__init_array_start = .)
 *(SORT_BY_NAME(.init_array.*))
 .init_array.01000
                0x10006f84        0x4 CMakeFiles/Controller.dir/C_/Users/travi/.pico-sdk/sdk/2.2.0/src/rp2_common/pico_unique_id/unique_id.c.obj
 *(.init_array)
 .init_array    0x10006f88        0x4 C:/Users/travi/.pico-sdk/toolchain/14_2_Rel1/bin/../lib/gcc/arm-none-eabi/14.2.1/thumb/v6-m/nofp/crtbegin.o
                0x10006f8c                        PROVIDE (__init_array_end = .)
                0x10006f8c                        . = ALIGN (0x4)
                [!provide]                        PROVIDE (__fini_array_start = .)
 *(SORT_BY_NAME(.fini_array.*))
 *(.fini_array)
                [!provide]                        PROVIDE (__fini_array_end = .)
 *(.eh_frame*)
 .eh_frame      0x10006f8c        0x0 C:/Users/travi/.pico-sdk/toolchain/14_2_Rel1/bin/../lib/gcc/arm-none-eabi/14.2.1/thumb/v6-m/nofp/crtbegin.o
                0x10006f8c                        . = ALIGN (0x4)

.glue_7         0x10006f8c        0x0
 .glue_7        0x10006f8c        0x0 linker stubs

.glue_7t        0x10006f8c        0x0
 .glue_7t       0x10006f8c        0x0 linker stubs

.vfp11_veneer   0x10006f8c        0x0
 .vfp11_veneer  0x10006f8c        0x0 linker stubs

.v4_bx          0x10006f8c        0x0
 .v4_bx         0x10006f8c        0x0 linker stubs

.iplt           0x10006f8c        0x0
 .iplt          0x10006f8c        0x0 C:/Users/travi/.pico-sdk/toolchain/14_2_Rel1/bin/../lib/gcc/arm-none-eabi/14.2.1/thumb/v6-m/nofp/crtbegin.o

.rodata         0x10006f90     0x1480
 *(EXCLUDE_FILE(*libm.a: *libc.a:*lib_a-mem*.o *libgcc.a:) .rodata*)
 .rodata.makeOwnerCard.str1.4
                0x10006f90      0xc67 CMakeFiles/Controller.dir/Controller.c.obj
                                 0x25 (size before relaxing)
 .rodata.rp2040_chip_version.str1.4
                0x10007bf7       0x7d CMakeFiles/Controller.dir/C_/Users/travi/.pico-sdk/sdk/2.2.0/src/rp2040/pico_platform/platform.c.obj
 *fill*         0x10007bf7        0x1 
 .rodata.__func__.0
                0x10007bf8       0x14 CMakeFiles/Controller.dir/C_/Users/travi/.pico-sdk/sdk/2.2.0/src/rp2040/pico_platform/platform.c.obj
 .rodata.panic.str1.4
                0x10007c0c       0x12 CMakeFiles/Controller.dir/C_/Users/travi/.pico-sdk/sdk/2.2.0/src/rp2_common/pico_platform_panic/panic.c.obj
 .rodata.spin_lock_claim_unused.str1.4
                0x10007c0c       0x1b CMakeFiles/Controller.dir/C_/Users/travi/.pico-sdk/sdk/2.2.0/src/rp2_common/hardware_sync/sync.c.obj
 .rodata.resolve_j_16.str1.4
                0x10007c0c       0x5d CMakeFiles/Controller.dir/C_/Users/travi/.pico-sdk/sdk/2.2.0/src/rp2_common/hardware_irq/irq.c.obj
 .rodata.make_j_16.str1.4
                0x10007c0c       0x30 CMakeFiles/Controller.dir/C_/Users/travi/.pico-sdk/sdk/2.2.0/src/rp2_common/hardware_irq/irq.c.obj
 .rodata.irq_set_exclusive_handler.str1.4
                0x10007c0c       0x36 CMakeFiles/Controller.dir/C_/Users/travi/.pico-sdk/sdk/2.2.0/src/rp2_common/hardware_irq/irq.c.obj
 .rodata.irq_add_shared_handler.str1.4
                0x10007c0c       0xd2 CMakeFiles/Controller.dir/C_/Users/travi/.pico-sdk/sdk/2.2.0/src/rp2_common/hardware_irq/irq.c.obj
 .rodata.irq_add_tail_to_free_list.str1.4
                0x10007c0c       0x3a CMakeFiles/Controller.dir/C_/Users/travi/.pico-sdk/sdk/2.2.0/src/rp2_common/hardware_irq/irq.c.obj
 .rodata.user_irq_claim_unused.str1.4
                0x10007c0c       0x1b CMakeFiles/Controller.dir/C_/Users/travi/.pico-sdk/sdk/2.2.0/src/rp2_common/hardware_irq/irq.c.obj
 .rodata.__func__.0
                0x10007c0c       0x1a CMakeFiles/Controller.dir/C_/Users/travi/.pico-sdk/sdk/2.2.0/src/rp2_common/hardware_irq/irq.c.obj
 *fill*         0x10007c26        0x2 
 .rodata.__func__.3
                0x10007c28        0xa CMakeFiles/Controller.dir/C_/Users/travi/.pico-sdk/sdk/2.2.0/src/rp2_common/hardware_irq/irq.c.obj
 *fill*         0x10007c32        0x2 
 .rodata.__func__.4
                0x10007c34        0xd CMakeFiles/Controller.dir/C_/Users/travi/.pico-sdk/sdk/2.2.0/src/rp2_common/hardware_irq/irq.c.obj
 *fill*         0x10007c41        0x3 
 .rodata.__func__.5
                0x10007c44       0x17 CMakeFiles/Controller.dir/C_/Users/travi/.pico-sdk/sdk/2.2.0/src/rp2_common/hardware_irq/irq.c.obj
 *fill*         0x10007c5b        0x1 
 .rodata.__func__.6
                0x10007c5c       0x1a CMakeFiles/Controller.dir/C_/Users/travi/.pico-sdk/sdk/2.2.0/src/rp2_common/hardware_irq/irq.c.obj
 .rodata.runtime_init_mutex.str1.4
                0x10007c76       0x60 CMakeFiles/Controller.dir/C_/Users/travi/.pico-sdk/sdk/2.2.0/src/common/pico_sync/mutex.c.obj
 .rodata.str1.4
                0x10007c76       0x51 CMakeFiles/Controller.dir/C_/Users/travi/.pico-sdk/sdk/2.2.0/src/common/pico_sync/mutex.c.obj
 *fill*         0x10007c76        0x2 
 .rodata.__func__.1
                0x10007c78        0xb CMakeFiles/Controller.dir/C_/Users/travi/.pico-sdk/sdk/2.2.0/src/common/pico_sync/mutex.c.obj
 *fill*         0x10007c83        0x1 
 .rodata.__func__.3
                0x10007c84       0x18 CMakeFiles/Controller.dir/C_/Users/travi/.pico-sdk/sdk/2.2.0/src/common/pico_sync/mutex.c.obj
 .rodata.__func__.6
                0x10007c9c       0x13 CMakeFiles/Controller.dir/C_/Users/travi/.pico-sdk/sdk/2.2.0/src/common/pico_sync/mutex.c.obj
 .rodata.alarm_pool_irq_handler.str1.4
                0x10007caf       0x6b CMakeFiles/Controller.dir/C_/Users/travi/.pico-sdk/sdk/2.2.0/src/common/pico_time/time.c.obj
 .rodata.alarm_pool_get_default.str1.4
                0x10007caf       0x21 CMakeFiles/Controller.dir/C_/Users/travi/.pico-sdk/sdk/2.2.0/src/common/pico_time/time.c.obj
 .rodata.sleep_until.str1.4
                0x10007caf       0x4d CMakeFiles/Controller.dir/C_/Users/travi/.pico-sdk/sdk/2.2.0/src/common/pico_time/time.c.obj
 *fill*         0x10007caf        0x1 
 .rodata.__func__.1
                0x10007cb0       0x17 CMakeFiles/Controller.dir/C_/Users/travi/.pico-sdk/sdk/2.2.0/src/common/pico_time/time.c.obj
 *fill*         0x10007cc7        0x1 
 .rodata.__func__.2
                0x10007cc8       0x17 CMakeFiles/Controller.dir/C_/Users/travi/.pico-sdk/sdk/2.2.0/src/common/pico_time/time.c.obj
 .rodata.timer_hardware_alarm_claim.str1.4
                0x10007cdf       0x22 CMakeFiles/Controller.dir/C_/Users/travi/.pico-sdk/sdk/2.2.0/src/rp2_common/hardware_timer/timer.c.obj
 .rodata.pll_init.str1.4
                0x10007cdf      0x11c CMakeFiles/Controller.dir/C_/Users/travi/.pico-sdk/sdk/2.2.0/src/rp2_common/hardware_pll/pll.c.obj
 *fill*         0x10007cdf        0x1 
 .rodata.__func__.0
                0x10007ce0        0x9 CMakeFiles/Controller.dir/C_/Users/travi/.pico-sdk/sdk/2.2.0/src/rp2_common/hardware_pll/pll.c.obj
 .rodata.missing_double_func_shim.str1.4
                0x10007ce9       0x18 CMakeFiles/Controller.dir/C_/Users/travi/.pico-sdk/sdk/2.2.0/src/rp2_common/pico_double/double_init_rom_rp2040.c.obj
 .rodata.__aeabi_double_init.str1.4
                0x10007ce9       0x9b CMakeFiles/Controller.dir/C_/Users/travi/.pico-sdk/sdk/2.2.0/src/rp2_common/pico_double/double_init_rom_rp2040.c.obj
 *fill*         0x10007ce9        0x3 
 .rodata.__func__.0
                0x10007cec       0x14 CMakeFiles/Controller.dir/C_/Users/travi/.pico-sdk/sdk/2.2.0/src/rp2_common/pico_double/double_init_rom_rp2040.c.obj
 .rodata.missing_float_func_shim.str1.4
                0x10007d00        0x1 CMakeFiles/Controller.dir/C_/Users/travi/.pico-sdk/sdk/2.2.0/src/rp2_common/pico_float/float_init_rom_rp2040.c.obj
 .rodata.__aeabi_float_init.str1.4
                0x10007d00       0x89 CMakeFiles/Controller.dir/C_/Users/travi/.pico-sdk/sdk/2.2.0/src/rp2_common/pico_float/float_init_rom_rp2040.c.obj
 .rodata.__func__.0
                0x10007d00       0x13 CMakeFiles/Controller.dir/C_/Users/travi/.pico-sdk/sdk/2.2.0/src/rp2_common/pico_float/float_init_rom_rp2040.c.obj
 .rodata.str1.4
                0x10007d13       0x44 CMakeFiles/Controller.dir/C_/Users/travi/.pico-sdk/sdk/2.2.0/src/rp2_common/pico_standard_binary_info/standard_binary_info.c.obj
 *fill*         0x10007d13        0x1 
 .rodata.__bi_84
                0x10007d14        0xc CMakeFiles/Controller.dir/C_/Users/travi/.pico-sdk/sdk/2.2.0/src/rp2_common/pico_standard_binary_info/standard_binary_info.c.obj
 .rodata.__bi_78
                0x10007d20        0xc CMakeFiles/Controller.dir/C_/Users/travi/.pico-sdk/sdk/2.2.0/src/rp2_common/pico_standard_binary_info/standard_binary_info.c.obj
 .rodata.__bi_60
                0x10007d2c        0xc CMakeFiles/Controller.dir/C_/Users/travi/.pico-sdk/sdk/2.2.0/src/rp2_common/pico_standard_binary_info/standard_binary_info.c.obj
 .rodata.__bi_54
                0x10007d38        0xc CMakeFiles/Controller.dir/C_/Users/travi/.pico-sdk/sdk/2.2.0/src/rp2_common/pico_standard_binary_info/standard_binary_info.c.obj
 .rodata.__bi_48
                0x10007d44        0xc CMakeFiles/Controller.dir/C_/Users/travi/.pico-sdk/sdk/2.2.0/src/rp2_common/pico_standard_binary_info/standard_binary_info.c.obj
 .rodata.__bi_42
                0x10007d50        0xc CMakeFiles/Controller.dir/C_/Users/travi/.pico-sdk/sdk/2.2.0/src/rp2_common/pico_standard_binary_info/standard_binary_info.c.obj
 .rodata.__bi_34
                0x10007d5c        0xc CMakeFiles/Controller.dir/C_/Users/travi/.pico-sdk/sdk/2.2.0/src/rp2_common/pico_standard_binary_info/standard_binary_info.c.obj
 .rodata.__bi_26
                0x10007d68        0xc CMakeFiles/Controller.dir/C_/Users/travi/.pico-sdk/sdk/2.2.0/src/rp2_common/pico_standard_binary_info/standard_binary_info.c.obj
 .rodata._ftoa.str1.4
                0x10007d74       0x15 CMakeFiles/Controller.dir/C_/Users/travi/.pico-sdk/sdk/2.2.0/src/rp2_common/pico_printf/printf.c.obj
 .rodata._vsnprintf
                0x10007d74      0x19c CMakeFiles/Controller.dir/C_/Users/travi/.pico-sdk/sdk/2.2.0/src/rp2_common/pico_printf/printf.c.obj
 .rodata.pow10.0
                0x10007f10       0x50 CMakeFiles/Controller.dir/C_/Users/travi/.pico-sdk/sdk/2.2.0/src/rp2_common/pico_printf/printf.c.obj
 .rodata.__assert_func.str1.4
                0x10007f60       0x43 CMakeFiles/Controller.dir/C_/Users/travi/.pico-sdk/sdk/2.2.0/src/rp2_common/pico_clib_interface/newlib_interface.c.obj
 .rodata.crlf_str.0
                0x10007f60        0x2 CMakeFiles/Controller.dir/C_/Users/travi/.pico-sdk/sdk/2.2.0/src/rp2_common/pico_stdio/stdio.c.obj
 *fill*         0x10007f62        0x2 
 .rodata._resetd_driver
                0x10007f64       0x20 CMakeFiles/Controller.dir/C_/Users/travi/.pico-sdk/sdk/2.2.0/src/rp2_common/pico_stdio_usb/reset_interface.c.obj
 .rodata.desc_ms_os_20
                0x10007f84       0xa6 CMakeFiles/Controller.dir/C_/Users/travi/.pico-sdk/sdk/2.2.0/src/rp2_common/pico_stdio_usb/reset_interface.c.obj
 *fill*         0x1000802a        0x2 
 .rodata.desc_bos
                0x1000802c       0x21 CMakeFiles/Controller.dir/C_/Users/travi/.pico-sdk/sdk/2.2.0/src/rp2_common/pico_stdio_usb/reset_interface.c.obj
                0x1000802c                desc_bos
 .rodata.stdio_usb_init.str1.4
                0x1000804d       0x55 CMakeFiles/Controller.dir/C_/Users/travi/.pico-sdk/sdk/2.2.0/src/rp2_common/pico_stdio_usb/stdio_usb.c.obj
 .rodata.str1.4
                0x1000804d       0x13 CMakeFiles/Controller.dir/C_/Users/travi/.pico-sdk/sdk/2.2.0/src/rp2_common/pico_stdio_usb/stdio_usb.c.obj
 *fill*         0x1000804d        0x3 
 .rodata.__bi_202.1
                0x10008050        0xc CMakeFiles/Controller.dir/C_/Users/travi/.pico-sdk/sdk/2.2.0/src/rp2_common/pico_stdio_usb/stdio_usb.c.obj
 .rodata.__func__.2
                0x1000805c        0xf CMakeFiles/Controller.dir/C_/Users/travi/.pico-sdk/sdk/2.2.0/src/rp2_common/pico_stdio_usb/stdio_usb.c.obj
 .rodata.str1.4
                0x1000806b       0x2a CMakeFiles/Controller.dir/C_/Users/travi/.pico-sdk/sdk/2.2.0/src/rp2_common/pico_stdio_usb/stdio_usb_descriptors.c.obj
 *fill*         0x1000806b        0x1 
 .rodata.usbd_desc_str
                0x1000806c       0x18 CMakeFiles/Controller.dir/C_/Users/travi/.pico-sdk/sdk/2.2.0/src/rp2_common/pico_stdio_usb/stdio_usb_descriptors.c.obj
 .rodata.usbd_desc_cfg
                0x10008084       0x54 CMakeFiles/Controller.dir/C_/Users/travi/.pico-sdk/sdk/2.2.0/src/rp2_common/pico_stdio_usb/stdio_usb_descriptors.c.obj
 .rodata.usbd_desc_device
                0x100080d8       0x12 CMakeFiles/Controller.dir/C_/Users/travi/.pico-sdk/sdk/2.2.0/src/rp2_common/pico_stdio_usb/stdio_usb_descriptors.c.obj
 .rodata.pico_get_unique_board_id_string.str1.4
                0x100080ea       0x55 CMakeFiles/Controller.dir/C_/Users/travi/.pico-sdk/sdk/2.2.0/src/rp2_common/pico_unique_id/unique_id.c.obj
 *fill*         0x100080ea        0x2 
 .rodata.__func__.0
                0x100080ec       0x20 CMakeFiles/Controller.dir/C_/Users/travi/.pico-sdk/sdk/2.2.0/src/rp2_common/pico_unique_id/unique_id.c.obj
 .rodata.str1.4
                0x1000810c      0x205 CMakeFiles/Controller.dir/C_/Users/travi/.pico-sdk/sdk/2.2.0/src/rp2_common/hardware_flash/flash.c.obj
 .rodata.__func__.0
                0x1000810c        0xd CMakeFiles/Controller.dir/C_/Users/travi/.pico-sdk/sdk/2.2.0/src/rp2_common/hardware_flash/flash.c.obj
 .rodata.hw_endpoint_alloc.str1.4
                0x10008119       0xa0 CMakeFiles/Controller.dir/C_/Users/travi/.pico-sdk/sdk/2.2.0/lib/tinyusb/src/portable/raspberrypi/rp2040/dcd_rp2040.c.obj
 .rodata.str1.4
                0x10008119       0x14 CMakeFiles/Controller.dir/C_/Users/travi/.pico-sdk/sdk/2.2.0/lib/tinyusb/src/portable/raspberrypi/rp2040/dcd_rp2040.c.obj
 .rodata.dcd_int_enable.str1.4
                0x10008119        0xc CMakeFiles/Controller.dir/C_/Users/travi/.pico-sdk/sdk/2.2.0/lib/tinyusb/src/portable/raspberrypi/rp2040/dcd_rp2040.c.obj
 *fill*         0x10008119        0x3 
 .rodata.__func__.0
                0x1000811c        0xe CMakeFiles/Controller.dir/C_/Users/travi/.pico-sdk/sdk/2.2.0/lib/tinyusb/src/portable/raspberrypi/rp2040/dcd_rp2040.c.obj
 *fill*         0x1000812a        0x2 
 .rodata.__func__.3
                0x1000812c       0x10 CMakeFiles/Controller.dir/C_/Users/travi/.pico-sdk/sdk/2.2.0/lib/tinyusb/src/portable/raspberrypi/rp2040/dcd_rp2040.c.obj
 .rodata.__func__.5
                0x1000813c        0xf CMakeFiles/Controller.dir/C_/Users/travi/.pico-sdk/sdk/2.2.0/lib/tinyusb/src/portable/raspberrypi/rp2040/dcd_rp2040.c.obj
 *fill*         0x1000814b        0x1 
 .rodata.__func__.6
                0x1000814c       0x12 CMakeFiles/Controller.dir/C_/Users/travi/.pico-sdk/sdk/2.2.0/lib/tinyusb/src/portable/raspberrypi/rp2040/dcd_rp2040.c.obj
 *fill*         0x1000815e        0x2 
 .rodata.__func__.7
                0x10008160        0x9 CMakeFiles/Controller.dir/C_/Users/travi/.pico-sdk/sdk/2.2.0/lib/tinyusb/src/portable/raspberrypi/rp2040/dcd_rp2040.c.obj
 .rodata.str1.4
                0x10008169       0xe4 CMakeFiles/Controller.dir/C_/Users/travi/.pico-sdk/sdk/2.2.0/lib/tinyusb/src/portable/raspberrypi/rp2040/rp2040_usb.c.obj
 .rodata.hw_endpoint_xfer_start.str1.4
                0x10008169       0x38 CMakeFiles/Controller.dir/C_/Users/travi/.pico-sdk/sdk/2.2.0/lib/tinyusb/src/portable/raspberrypi/rp2040/rp2040_usb.c.obj
 *fill*         0x10008169        0x3 
 .rodata.__func__.0
                0x1000816c        0xf CMakeFiles/Controller.dir/C_/Users/travi/.pico-sdk/sdk/2.2.0/lib/tinyusb/src/portable/raspberrypi/rp2040/rp2040_usb.c.obj
 .rodata.configuration_reset.str1.4
                0x1000817b       0x17 CMakeFiles/Controller.dir/C_/Users/travi/.pico-sdk/sdk/2.2.0/lib/tinyusb/src/device/usbd.c.obj
 *fill*         0x1000817b        0x1 
 .rodata.process_get_descriptor
                0x1000817c       0x40 CMakeFiles/Controller.dir/C_/Users/travi/.pico-sdk/sdk/2.2.0/lib/tinyusb/src/device/usbd.c.obj
 .rodata        0x100081bc       0x1c CMakeFiles/Controller.dir/C_/Users/travi/.pico-sdk/sdk/2.2.0/lib/tinyusb/src/device/usbd.c.obj
 .rodata.process_control_request
                0x100081d8       0x28 CMakeFiles/Controller.dir/C_/Users/travi/.pico-sdk/sdk/2.2.0/lib/tinyusb/src/device/usbd.c.obj
 .rodata.tud_task_ext
                0x10008200       0x24 CMakeFiles/Controller.dir/C_/Users/travi/.pico-sdk/sdk/2.2.0/lib/tinyusb/src/device/usbd.c.obj
 .rodata.__func__.3
                0x10008224        0xf CMakeFiles/Controller.dir/C_/Users/travi/.pico-sdk/sdk/2.2.0/lib/tinyusb/src/device/usbd.c.obj
 *fill*         0x10008233        0x1 
 .rodata.__func__.4
                0x10008234        0xf CMakeFiles/Controller.dir/C_/Users/travi/.pico-sdk/sdk/2.2.0/lib/tinyusb/src/device/usbd.c.obj
 *fill*         0x10008243        0x1 
 .rodata.__func__.5
                0x10008244       0x14 CMakeFiles/Controller.dir/C_/Users/travi/.pico-sdk/sdk/2.2.0/lib/tinyusb/src/device/usbd.c.obj
 .rodata.__func__.6
                0x10008258        0xc CMakeFiles/Controller.dir/C_/Users/travi/.pico-sdk/sdk/2.2.0/lib/tinyusb/src/device/usbd.c.obj
 .rodata.__func__.7
                0x10008264       0x17 CMakeFiles/Controller.dir/C_/Users/travi/.pico-sdk/sdk/2.2.0/lib/tinyusb/src/device/usbd.c.obj
 *fill*         0x1000827b        0x1 
 .rodata.__func__.8
                0x1000827c       0x13 CMakeFiles/Controller.dir/C_/Users/travi/.pico-sdk/sdk/2.2.0/lib/tinyusb/src/device/usbd.c.obj
 *fill*         0x1000828f        0x1 
 .rodata.__func__.9
                0x10008290       0x18 CMakeFiles/Controller.dir/C_/Users/travi/.pico-sdk/sdk/2.2.0/lib/tinyusb/src/device/usbd.c.obj
 .rodata.__func__.10
                0x100082a8       0x14 CMakeFiles/Controller.dir/C_/Users/travi/.pico-sdk/sdk/2.2.0/lib/tinyusb/src/device/usbd.c.obj
 .rodata.__func__.11
                0x100082bc        0xd CMakeFiles/Controller.dir/C_/Users/travi/.pico-sdk/sdk/2.2.0/lib/tinyusb/src/device/usbd.c.obj
 *fill*         0x100082c9        0x3 
 .rodata.__func__.12
                0x100082cc       0x10 CMakeFiles/Controller.dir/C_/Users/travi/.pico-sdk/sdk/2.2.0/lib/tinyusb/src/device/usbd.c.obj
 .rodata._usbd_driver
                0x100082dc       0x40 CMakeFiles/Controller.dir/C_/Users/travi/.pico-sdk/sdk/2.2.0/lib/tinyusb/src/device/usbd.c.obj
 .rodata.tud_control_xfer.str1.4
                0x1000831c       0x17 CMakeFiles/Controller.dir/C_/Users/travi/.pico-sdk/sdk/2.2.0/lib/tinyusb/src/device/usbd_control.c.obj
 .rodata.__func__.0
                0x1000831c       0x15 CMakeFiles/Controller.dir/C_/Users/travi/.pico-sdk/sdk/2.2.0/lib/tinyusb/src/device/usbd_control.c.obj
 *fill*         0x10008331        0x3 
 .rodata.__func__.1
                0x10008334       0x11 CMakeFiles/Controller.dir/C_/Users/travi/.pico-sdk/sdk/2.2.0/lib/tinyusb/src/device/usbd_control.c.obj
 .rodata.tud_cdc_n_write_flush.str1.4
                0x10008345       0x17 CMakeFiles/Controller.dir/C_/Users/travi/.pico-sdk/sdk/2.2.0/lib/tinyusb/src/class/cdc/cdc_device.c.obj
 *fill*         0x10008345        0x3 
 .rodata.__func__.0
                0x10008348        0xd CMakeFiles/Controller.dir/C_/Users/travi/.pico-sdk/sdk/2.2.0/lib/tinyusb/src/class/cdc/cdc_device.c.obj
 *fill*         0x10008355        0x3 
 .rodata.__func__.1
                0x10008358        0xa CMakeFiles/Controller.dir/C_/Users/travi/.pico-sdk/sdk/2.2.0/lib/tinyusb/src/class/cdc/cdc_device.c.obj
 *fill*         0x10008362        0x2 
 .rodata.__func__.3
                0x10008364       0x16 CMakeFiles/Controller.dir/C_/Users/travi/.pico-sdk/sdk/2.2.0/lib/tinyusb/src/class/cdc/cdc_device.c.obj
 .rodata.vendord_open.str1.4
                0x1000837a       0x17 CMakeFiles/Controller.dir/C_/Users/travi/.pico-sdk/sdk/2.2.0/lib/tinyusb/src/class/vendor/vendor_device.c.obj
 *fill*         0x1000837a        0x2 
 .rodata.__func__.0
                0x1000837c        0xd CMakeFiles/Controller.dir/C_/Users/travi/.pico-sdk/sdk/2.2.0/lib/tinyusb/src/class/vendor/vendor_device.c.obj
 .rodata.tusb_rhport_init.str1.4
                0x10008389       0x17 CMakeFiles/Controller.dir/C_/Users/travi/.pico-sdk/sdk/2.2.0/lib/tinyusb/src/tusb.c.obj
 *fill*         0x10008389        0x3 
 .rodata.__func__.0
                0x1000838c       0x19 CMakeFiles/Controller.dir/C_/Users/travi/.pico-sdk/sdk/2.2.0/lib/tinyusb/src/tusb.c.obj
 *fill*         0x100083a5        0x3 
 .rodata.__func__.2
                0x100083a8       0x1a CMakeFiles/Controller.dir/C_/Users/travi/.pico-sdk/sdk/2.2.0/lib/tinyusb/src/tusb.c.obj
 *fill*         0x100083c2        0x2 
 .rodata.__func__.3
                0x100083c4       0x23 CMakeFiles/Controller.dir/C_/Users/travi/.pico-sdk/sdk/2.2.0/lib/tinyusb/src/tusb.c.obj
 *fill*         0x100083e7        0x1 
 .rodata.__func__.4
                0x100083e8       0x11 CMakeFiles/Controller.dir/C_/Users/travi/.pico-sdk/sdk/2.2.0/lib/tinyusb/src/tusb.c.obj
 *fill*         0x100083f9        0x3 
 .rodata.__func__.5
                0x100083fc       0x11 CMakeFiles/Controller.dir/C_/Users/travi/.pico-sdk/sdk/2.2.0/lib/tinyusb/src/tusb.c.obj
                0x10008410                        . = ALIGN (0x4)
 *fill*         0x1000840d        0x3 
 *(SORT_BY_ALIGNMENT(SORT_BY_NAME(.flashdata*)))
                0x10008410                        . = ALIGN (0x4)

.ARM.extab
 *(.ARM.extab* .gnu.linkonce.armextab.*)
                0x10008410                        __exidx_start = .

.ARM.exidx
 *(.ARM.exidx* .gnu.linkonce.armexidx.*)
                0x10008410                        __exidx_end = .
                0x10008410                        . = ALIGN (0x4)
                0x10008410                        __binary_info_start = .

.binary_info    0x10008410       0x24
 *(.binary_info.keep.*)
 .binary_info.keep.__bi_ptr84
                0x10008410        0x4 CMakeFiles/Controller.dir/C_/Users/travi/.pico-sdk/sdk/2.2.0/src/rp2_common/pico_standard_binary_info/standard_binary_info.c.obj
 .binary_info.keep.__bi_ptr78
                0x10008414        0x4 CMakeFiles/Controller.dir/C_/Users/travi/.pico-sdk/sdk/2.2.0/src/rp2_common/pico_standard_binary_info/standard_binary_info.c.obj
 .binary_info.keep.__bi_ptr60
                0x10008418        0x4 CMakeFiles/Controller.dir/C_/Users/travi/.pico-sdk/sdk/2.2.0/src/rp2_common/pico_standard_binary_info/standard_binary_info.c.obj
 .binary_info.keep.__bi_ptr54
                0x1000841c        0x4 CMakeFiles/Controller.dir/C_/Users/travi/.pico-sdk/sdk/2.2.0/src/rp2_common/pico_standard_binary_info/standard_binary_info.c.obj
 .binary_info.keep.__bi_ptr48
                0x10008420        0x4 CMakeFiles/Controller.dir/C_/Users/travi/.pico-sdk/sdk/2.2.0/src/rp2_common/pico_standard_binary_info/standard_binary_info.c.obj
 .binary_info.keep.__bi_ptr42
                0x10008424        0x4 CMakeFiles/Controller.dir/C_/Users/travi/.pico-sdk/sdk/2.2.0/src/rp2_common/pico_standard_binary_info/standard_binary_info.c.obj
 .binary_info.keep.__bi_ptr34
                0x10008428        0x4 CMakeFiles/Controller.dir/C_/Users/travi/.pico-sdk/sdk/2.2.0/src/rp2_common/pico_standard_binary_info/standard_binary_info.c.obj
 .binary_info.keep.__bi_ptr26
                0x1000842c        0x4 CMakeFiles/Controller.dir/C_/Users/travi/.pico-sdk/sdk/2.2.0/src/rp2_common/pico_standard_binary_info/standard_binary_info.c.obj
 *(.binary_info.*)
 .binary_info.__bi_ptr202
                0x10008430        0x4 CMakeFiles/Controller.dir/C_/Users/travi/.pico-sdk/sdk/2.2.0/src/rp2_common/pico_stdio_usb/stdio_usb.c.obj
                0x10008434                        __binary_info_end = .
                0x10008434                        . = ALIGN (0x4)

.ram_vector_table
                0x20000000       0xc0
 *(.ram_vector_table)
 .ram_vector_table