Archive member included to satisfy reference by file (symbol)

C:/Users/travi/.pico-sdk/toolchain/14_2_Rel1/bin/../lib/gcc/arm-none-eabi/14.2.1/thumb/v6-m/nofp\libgcc.a(_dvmd_tls.o)
                              CMakeFiles/Controller.dir/C_/Users/travi/.pico-sdk/sdk/2.2.0/src/rp2_common/pico_divider/divider_hardware.S.obj (__aeabi_idiv0)
C:/Users/travi/.pico-sdk/toolchain/14_2_Rel1/bin/../lib/gcc/arm-none-eabi/14.2.1/thumb/v6-m/nofp\libg.a(libc_a-calloc.o)
                              CMakeFiles/Controller.dir/C_/Users/travi/.pico-sdk/sdk/2.2.0/src/rp2_common/pico_malloc/malloc.c.obj (calloc)
C:/Users/travi/.pico-sdk/toolchain/14_2_Rel1/bin/../lib/gcc/arm-none-eabi/14.2.1/thumb/v6-m/nofp\libg.a(libc_a-callocr.o)
                              C:/Users/travi/.pico-sdk/toolchain/14_2_Rel1/bin/../lib/gcc/arm-none-eabi/14.2.1/thumb/v6-m/nofp\libg.a(libc_a-calloc.o) (_calloc_r)
C:/Users/travi/.pico-sdk/toolchain/14_2_Rel1/bin/../lib/gcc/arm-none-eabi/14.2.1/thumb/v6-m/nofp\libg.a(libc_a-malloc.o)
                              CMakeFiles/Controller.dir/C_/Users/travi/.pico-sdk/sdk/2.2.0/src/rp2_common/pico_malloc/malloc.c.obj (malloc)
C:/Users/travi/.pico-sdk/toolchain/14_2_Rel1/bin/../lib/gcc/arm-none-eabi/14.2.1/thumb/v6-m/nofp\libg.a(libc_a-mallocr.o)
                              C:/Users/travi/.pico-sdk/toolchain/14_2_Rel1/bin/../lib/gcc/arm-none-eabi/14.2.1/thumb/v6-m/nofp\libg.a(libc_a-callocr.o) (_malloc_r)
C:/Users/travi/.pico-sdk/toolchain/14_2_Rel1/bin/../lib/gcc/arm-none-eabi/14.2.1/thumb/v6-m/nofp\libg.a(libc_a-mlock.o)
                              C:/Users/travi/.pico-sdk/toolchain/14_2_Rel1/bin/../lib/gcc/arm-none-eabi/14.2.1/thumb/v6-m/nofp\libg.a(libc_a-mallocr.o) (__malloc_lock)
C:/Users/travi/.pico-sdk/toolchain/14_2_Rel1/bin/../lib/gcc/arm-none-eabi/14.2.1/thumb/v6-m/nofp\libg.a(libc_a-realloc.o)
                              CMakeFiles/Controller.dir/C_/Users/travi/.pico-sdk/sdk/2.2.0/src/rp2_common/pico_malloc/malloc.c.obj (realloc)
C:/Users/travi/.pico-sdk/toolchain/14_2_Rel1/bin/../lib/gcc/arm-none-eabi/14.2.1/thumb/v6-m/nofp\libg.a(libc_a-reallocr.o)
                              C:/Users/travi/.pico-sdk/toolchain/14_2_Rel1/bin/../lib/gcc/arm-none-eabi/14.2.1/thumb/v6-m/nofp\libg.a(libc_a-realloc.o) (_realloc_r)
C:/Users/travi/.pico-sdk/toolchain/14_2_Rel1/bin/../lib/gcc/arm-none-eabi/14.2.1/thumb/v6-m/nofp\libg.a(libc_a-memcmp.o)
                              CMakeFiles/Controller.dir/C_/Users/travi/.pico-sdk/sdk/2.2.0/src/rp2_common/pico_atomic/atomic.c.obj (memcmp)
C:/Users/travi/.pico-sdk/toolchain/14_2_Rel1/bin/../lib/gcc/arm-none-eabi/14.2.1/thumb/v6-m/nofp\libg.a(libc_a-memmove.o)
                              C:/Users/travi/.pico-sdk/toolchain/14_2_Rel1/bin/../lib/gcc/arm-none-eabi/14.2.1/thumb/v6-m/nofp\libg.a(libc_a-reallocr.o) (memmove)
C:/Users/travi/.pico-sdk/toolchain/14_2_Rel1/bin/../lib/gcc/arm-none-eabi/14.2.1/thumb/v6-m/nofp\libg.a(libc_a-lcltime_r.o)
                              CMakeFiles/Controller.dir/C_/Users/travi/.pico-sdk/sdk/2.2.0/src/common/pico_util/datetime.c.obj (localtime_r)
C:/Users/travi/.pico-sdk/toolchain/14_2_Rel1/bin/../lib/gcc/arm-none-eabi/14.2.1/thumb/v6-m/nofp\libg.a(libc_a-mktime.o)
                              CMakeFiles/Controller.dir/C_/Users/travi/.pico-sdk/sdk/2.2.0/src/common/pico_util/datetime.c.obj (mktime)
C:/Users/travi/.pico-sdk/toolchain/14_2_Rel1/bin/../lib/gcc/arm-none-eabi/14.2.1/thumb/v6-m/nofp\libg.a(libc_a-month_lengths.o)
                              C:/Users/travi/.pico-sdk/toolchain/14_2_Rel1/bin/../lib/gcc/arm-none-eabi/14.2.1/thumb/v6-m/nofp\libg.a(libc_a-lcltime_r.o) (__month_lengths)
C:/Users/travi/.pico-sdk/toolchain/14_2_Rel1/bin/../lib/gcc/arm-none-eabi/14.2.1/thumb/v6-m/nofp\libg.a(libc_a-tzcalc_limits.o)
                              C:/Users/travi/.pico-sdk/toolchain/14_2_Rel1/bin/../lib/gcc/arm-none-eabi/14.2.1/thumb/v6-m/nofp\libg.a(libc_a-lcltime_r.o) (__tzcalc_limits)
C:/Users/travi/.pico-sdk/toolchain/14_2_Rel1/bin/../lib/gcc/arm-none-eabi/14.2.1/thumb/v6-m/nofp\libg.a(libc_a-tzlock.o)
                              C:/Users/travi/.pico-sdk/toolchain/14_2_Rel1/bin/../lib/gcc/arm-none-eabi/14.2.1/thumb/v6-m/nofp\libg.a(libc_a-lcltime_r.o) (__tz_lock)
C:/Users/travi/.pico-sdk/toolchain/14_2_Rel1/bin/../lib/gcc/arm-none-eabi/14.2.1/thumb/v6-m/nofp\libg.a(libc_a-tzset.o)
                              C:/Users/travi/.pico-sdk/toolchain/14_2_Rel1/bin/../lib/gcc/arm-none-eabi/14.2.1/thumb/v6-m/nofp\libg.a(libc_a-lcltime_r.o) (_tzset_unlocked)
C:/Users/travi/.pico-sdk/toolchain/14_2_Rel1/bin/../lib/gcc/arm-none-eabi/14.2.1/thumb/v6-m/nofp\libg.a(libc_a-tzset_r.o)
                              C:/Users/travi/.pico-sdk/toolchain/14_2_Rel1/bin/../lib/gcc/arm-none-eabi/14.2.1/thumb/v6-m/nofp\libg.a(libc_a-tzset.o) (_tzset_unlocked_r)
C:/Users/travi/.pico-sdk/toolchain/14_2_Rel1/bin/../lib/gcc/arm-none-eabi/14.2.1/thumb/v6-m/nofp\libg.a(libc_a-tzvars.o)
[...]
Memory Configuration

Name             Origin             Length             Attributes
FLASH            0x10000000         0x00200000         xr
RAM              0x20000000         0x00040000         xrw
SCRATCH_X        0x20040000         0x00001000         xrw
SCRATCH_Y        0x20041000         0x00001000         xrw
*default*        0x00000000         0xffffffff

Linker script and memory map

LOAD C:/Users/travi/.pico-sdk/toolchain/14_2_Rel1/bin/../lib/gcc/arm-none-eabi/14.2.1/thumb/v6-m/nofp/crti.o
LOAD C:/Users/travi/.pico-sdk/toolchain/14_2_Rel1/bin/../lib/gcc/arm-none-eabi/14.2.1/thumb/v6-m/nofp/crtbegin.o
LOAD C:/Users/travi/.pico-sdk/toolchain/14_2_Rel1/bin/../lib/gcc/arm-none-eabi/14.2.1/thumb/v6-m/nofp/crt0.o

.flash_begin    0x10000000        0x0
                0x10000000                        __flash_binary_start = .

.boot2          0x10000000      0x100
                0x10000000                        __boot2_start__ = .
 *(.boot2)
 .boot2         0x10000000      0x100 pico-sdk/src/rp2040/boot_stage2/CMakeFiles/bs2_default_library.dir/./bs2_default_padded_checksummed.S.obj
                0x10000100                        __boot2_end__ = .
                0x00000001                        ASSERT (((__boot2_end__ - __boot2_start__) == 0x100), ERROR: Pico second stage bootloader must be 256 bytes in size)

.text           0x10000100     0x874c
                0x10000100                        __logical_binary_start = .
 *(.vectors)
 .vectors       0x10000100       0xd4 CMakeFiles/Controller.dir/C_/Users/travi/.pico-sdk/sdk/2.2.0/src/rp2_common/pico_crt0/crt0.S.obj
                0x10000100                __VECTOR_TABLE
                0x10000100                __vectors
                0x100001c0                isr_irq13
                0x100001c0                isr_irq27
                0x100001c0                isr_irq31
                0x100001c0                isr_irq12
                0x100001c0                isr_irq5
                0x100001c0                isr_irq11
                0x100001c0                isr_irq3
                0x100001c0                isr_irq23
                0x100001c0                __unhandled_user_irq
                0x100001c0                isr_irq26
                0x100001c0                isr_irq28
                0x100001c0                isr_irq19
                0x100001c0                isr_irq0
                0x100001c0                isr_irq6
                0x100001c0                isr_irq29
                0x100001c0                isr_irq16
                0x100001c0                isr_irq22
                0x100001c0                isr_irq18
                0x100001c0                isr_irq17
                0x100001c0                isr_irq14
                0x100001c0                __vectors_end
                0x100001c0                __default_isrs_start
                0x100001c0                isr_irq2
                0x100001c0                isr_irq10
                0x100001c0                isr_irq8
                0x100001c0                isr_irq24
                0x100001c0                isr_irq1
                0x100001c0                isr_irq7
                0x100001c0                isr_irq21
                0x100001c0                isr_irq20
                0x100001c0                isr_irq15
                0x100001c0                isr_irq25
                0x100001c0                isr_irq4
                0x100001c0                isr_irq30
                0x100001c0                isr_irq9
                0x100001c6                unhandled_user_irq_num_in_r0
                0x100001c8                isr_invalid
                0x100001ca                isr_nmi
                0x100001cc                isr_hardfault
                0x100001ce                isr_svcall
                0x100001d0                isr_pendsv
                0x100001d2                isr_systick
                0x100001d4                __default_isrs_end
 *(.binary_info_header)
 .binary_info_header
                0x100001d4       0x14 CMakeFiles/Controller.dir/C_/Users/travi/.pico-sdk/sdk/2.2.0/src/rp2_common/pico_crt0/crt0.S.obj
                0x100001e8                        __binary_info_header_end = .
 *(.embedded_block)
                0x100001e8                        __embedded_block_end = .
 *(.reset)
 .reset         0x100001e8       0x9c CMakeFiles/Controller.dir/C_/Users/travi/.pico-sdk/sdk/2.2.0/src/rp2_common/pico_crt0/crt0.S.obj
                0x100001e8                _entry_point
 *(.init)
 .init          0x10000284        0x4 C:/Users/travi/.pico-sdk/toolchain/14_2_Rel1/bin/../lib/gcc/arm-none-eabi/14.2.1/thumb/v6-m/nofp/crti.o
                0x10000284                _init
 *(EXCLUDE_FILE(*libm.a: *libc.a:*lib_a-mem*.o *libgcc.a:) .text*)
 .text.register_tm_clones
                0x10000288       0x28 C:/Users/travi/.pico-sdk/toolchain/14_2_Rel1/bin/../lib/gcc/arm-none-eabi/14.2.1/thumb/v6-m/nofp/crtbegin.o
 .text.frame_dummy
                0x100002b0       0x24 C:/Users/travi/.pico-sdk/toolchain/14_2_Rel1/bin/../lib/gcc/arm-none-eabi/14.2.1/thumb/v6-m/nofp/crtbegin.o
 .text.startup.main
                0x100002d4       0x3c CMakeFiles/Controller.dir/Controller.c.obj
                0x100002d4                main
 .text.MFRC522_Init
                0x10000310       0x2c CMakeFiles/Controller.dir/mfrc522.c.obj
                0x10000310                MFRC522_Init
 .text.PCD_ReadNRegister
                0x1000033c       0xc0 CMakeFiles/Controller.dir/mfrc522.c.obj
                0x1000033c                PCD_ReadNRegister
 .text.PCD_CalculateCRC
                0x100003fc      0x360 CMakeFiles/Controller.dir/mfrc522.c.obj
                0x100003fc                PCD_CalculateCRC
 .text.PCD_CommunicateWithPICC.constprop.0
                0x1000075c      0x558 CMakeFiles/Controller.dir/mfrc522.c.obj
 .text.PICC_Select.part.0
                0x10000cb4      0x464 CMakeFiles/Controller.dir/mfrc522.c.obj
 .text.PCD_Init
                0x10001118      0x2bc CMakeFiles/Controller.dir/mfrc522.c.obj
                0x10001118                PCD_Init
 .text.PCD_CommunicateWithPICC
                0x100013d4      0x574 CMakeFiles/Controller.dir/mfrc522.c.obj
                0x100013d4                PCD_CommunicateWithPICC
 .text.PICC_DumpDetailsToSerial
                0x10001948      0x134 CMakeFiles/Controller.dir/mfrc522.c.obj
                0x10001948                PICC_DumpDetailsToSerial
 .text.PICC_DumpMifareClassicSectorToSerial
                0x10001a7c      0x4c4 CMakeFiles/Controller.dir/mfrc522.c.obj
                0x10001a7c                PICC_DumpMifareClassicSectorToSerial
 .text.PICC_DumpMifareUltralightToSerial
                0x10001f40      0x180 CMakeFiles/Controller.dir/mfrc522.c.obj
                0x10001f40                PICC_DumpMifareUltralightToSerial
 .text.PICC_DumpToSerial
                0x100020c0      0x1a8 CMakeFiles/Controller.dir/mfrc522.c.obj
                0x100020c0                PICC_DumpToSerial
 .text.PICC_IsNewCardPresent
                0x10002268      0x108 CMakeFiles/Controller.dir/mfrc522.c.obj
                0x10002268                PICC_IsNewCardPresent
 .text.PICC_ReadCardSerial
                0x10002370       0x14 CMakeFiles/Controller.dir/mfrc522.c.obj
                0x10002370                PICC_ReadCardSerial
 .text.gpio_set_function
                0x10002384       0x34 CMakeFiles/Controller.dir/C_/Users/travi/.pico-sdk/sdk/2.2.0/src/rp2_common/hardware_gpio/gpio.c.obj
                0x10002384                gpio_set_function
 .text.gpio_init
                0x100023b8       0x40 CMakeFiles/Controller.dir/C_/Users/travi/.pico-sdk/sdk/2.2.0/src/rp2_common/hardware_gpio/gpio.c.obj
                0x100023b8                gpio_init
 .text.rp2040_chip_version
                0x100023f8        0xc CMakeFiles/Controller.dir/C_/Users/travi/.pico-sdk/sdk/2.2.0/src/rp2040/pico_platform/platform.c.obj
                0x100023f8                rp2040_chip_version
 .text.panic    0x10002404       0x30 CMakeFiles/Controller.dir/C_/Users/travi/.pico-sdk/sdk/2.2.0/src/rp2_common/pico_platform_panic/panic.c.obj
                0x10002404                panic
 .text.hw_claim_or_assert
                0x10002434       0x44 CMakeFiles/Controller.dir/C_/Users/travi/.pico-sdk/sdk/2.2.0/src/common/hardware_claim/claim.c.obj
                0x10002434                hw_claim_or_assert
 .text.hw_claim_unused_from_range
                0x10002478       0x88 CMakeFiles/Controller.dir/C_/Users/travi/.pico-sdk/sdk/2.2.0/src/common/hardware_claim/claim.c.obj
                0x10002478                hw_claim_unused_from_range
 .text.next_striped_spin_lock_num
                0x10002500       0x18 CMakeFiles/Controller.dir/C_/Users/travi/.pico-sdk/sdk/2.2.0/src/rp2_common/hardware_sync/sync.c.obj
                0x10002500                next_striped_spin_lock_num
 .text.spin_lock_claim_unused
                0x10002518       0x24 CMakeFiles/Controller.dir/C_/Users/travi/.pico-sdk/sdk/2.2.0/src/rp2_common/hardware_sync/sync.c.obj
                0x10002518                spin_lock_claim_unused
 .text.spin_locks_reset
                0x1000253c       0x1c CMakeFiles/Controller.dir/C_/Users/travi/.pico-sdk/sdk/2.2.0/src/rp2_common/hardware_sync_spin_lock/sync_spin_lock.c.obj
                0x1000253c                spin_locks_reset
 .text.runtime_init_per_core_irq_priorities
                0x10002558       0x24 CMakeFiles/Controller.dir/C_/Users/travi/.pico-sdk/sdk/2.2.0/src/rp2_common/hardware_irq/irq.c.obj
                0x10002558                runtime_init_per_core_irq_priorities
 .text.irq_set_enabled
                0x1000257c       0x24 CMakeFiles/Controller.dir/C_/Users/travi/.pico-sdk/sdk/2.2.0/src/rp2_common/hardware_irq/irq.c.obj
                0x1000257c                irq_set_enabled
 .text.irq_is_enabled
                0x100025a0       0x18 CMakeFiles/Controller.dir/C_/Users/travi/.pico-sdk/sdk/2.2.0/src/rp2_common/hardware_irq/irq.c.obj
                0x100025a0                irq_is_enabled
 .text.irq_set_pending
                0x100025b8       0x10 CMakeFiles/Controller.dir/C_/Users/travi/.pico-sdk/sdk/2.2.0/src/rp2_common/hardware_irq/irq.c.obj
                0x100025b8                irq_set_pending
 .text.irq_has_shared_handler
                0x100025c8       0x24 CMakeFiles/Controller.dir/C_/Users/travi/.pico-sdk/sdk/2.2.0/src/rp2_common/hardware_irq/irq.c.obj
                0x100025c8                irq_has_shared_handler
 .text.irq_set_exclusive_handler
                0x100025ec       0x54 CMakeFiles/Controller.dir/C_/Users/travi/.pico-sdk/sdk/2.2.0/src/rp2_common/hardware_irq/irq.c.obj
                0x100025ec                irq_set_exclusive_handler
 .text.irq_add_shared_handler
                0x10002640      0x1f4 CMakeFiles/Controller.dir/C_/Users/travi/.pico-sdk/sdk/2.2.0/src/rp2_common/hardware_irq/irq.c.obj
                0x10002640                irq_add_shared_handler
 .text.irq_add_tail_to_free_list
                0x10002834       0xb4 CMakeFiles/Controller.dir/C_/Users/travi/.pico-sdk/sdk/2.2.0/src/rp2_common/hardware_irq/irq.c.obj
                0x10002834                irq_add_tail_to_free_list
 .text.user_irq_claim_unused
                0x100028e8       0x2c CMakeFiles/Controller.dir/C_/Users/travi/.pico-sdk/sdk/2.2.0/src/rp2_common/hardware_irq/irq.c.obj
                0x100028e8                user_irq_claim_unused
 .text.lock_init
                0x10002914       0x10 CMakeFiles/Controller.dir/C_/Users/travi/.pico-sdk/sdk/2.2.0/src/common/pico_sync/lock_core.c.obj
                0x10002914                lock_init
 .text.runtime_init_mutex
                0x10002924       0x50 CMakeFiles/Controller.dir/C_/Users/travi/.pico-sdk/sdk/2.2.0/src/common/pico_sync/mutex.c.obj
                0x10002924                runtime_init_mutex
 .text.mutex_init
                0x10002974       0x1c CMakeFiles/Controller.dir/C_/Users/travi/.pico-sdk/sdk/2.2.0/src/common/pico_sync/mutex.c.obj
                0x10002974                mutex_init
 .text.critical_section_init
                0x10002990       0x1c CMakeFiles/Controller.dir/C_/Users/travi/.pico-sdk/sdk/2.2.0/src/common/pico_sync/critical_section.c.obj
                0x10002990                critical_section_init
 .text.critical_section_init_with_lock_num
                0x100029ac       0x14 CMakeFiles/Controller.dir/C_/Users/travi/.pico-sdk/sdk/2.2.0/src/common/pico_sync/critical_section.c.obj
                0x100029ac                critical_section_init_with_lock_num
 .text.sleep_until_callback
                0x100029c0       0x30 CMakeFiles/Controller.dir/C_/Users/travi/.pico-sdk/sdk/2.2.0/src/common/pico_time/time.c.obj
 .text.alarm_pool_irq_handler
                0x100029f0      0x300 CMakeFiles/Controller.dir/C_/Users/travi/.pico-sdk/sdk/2.2.0/src/common/pico_time/time.c.obj
 .text.runtime_init_default_alarm_pool
                0x10002cf0       0xdc CMakeFiles/Controller.dir/C_/Users/travi/.pico-sdk/sdk/2.2.0/src/common/pico_time/time.c.obj
                0x10002cf0                runtime_init_default_alarm_pool
 .text.alarm_pool_get_default
                0x10002dcc        0x8 CMakeFiles/Controller.dir/C_/Users/travi/.pico-sdk/sdk/2.2.0/src/common/pico_time/time.c.obj
                0x10002dcc                alarm_pool_get_default
 .text.alarm_pool_add_alarm_at
                0x10002dd4       0xd0 CMakeFiles/Controller.dir/C_/Users/travi/.pico-sdk/sdk/2.2.0/src/common/pico_time/time.c.obj
                0x10002dd4                alarm_pool_add_alarm_at
 .text.alarm_pool_add_alarm_at_force_in_context
                0x10002ea4       0xb0 CMakeFiles/Controller.dir/C_/Users/travi/.pico-sdk/sdk/2.2.0/src/common/pico_time/time.c.obj
                0x10002ea4                alarm_pool_add_alarm_at_force_in_context
 .text.alarm_pool_cancel_alarm
                0x10002f54       0x74 CMakeFiles/Controller.dir/C_/Users/travi/.pico-sdk/sdk/2.2.0/src/common/pico_time/time.c.obj
                0x10002f54                alarm_pool_cancel_alarm
 .text.alarm_pool_core_num
                0x10002fc8        0x4 CMakeFiles/Controller.dir/C_/Users/travi/.pico-sdk/sdk/2.2.0/src/common/pico_time/time.c.obj
                0x10002fc8                alarm_pool_core_num
 .text.sleep_ms
                0x10002fcc       0xfc CMakeFiles/Controller.dir/C_/Users/travi/.pico-sdk/sdk/2.2.0/src/common/pico_time/time.c.obj
                0x10002fcc                sleep_ms
 .text.best_effort_wfe_or_timeout
                0x100030c8      0x10c CMakeFiles/Controller.dir/C_/Users/travi/.pico-sdk/sdk/2.2.0/src/common/pico_time/time.c.obj
                0x100030c8                best_effort_wfe_or_timeout
 .text.timer_hardware_alarm_claim
                0x100031d4       0x14 CMakeFiles/Controller.dir/C_/Users/travi/.pico-sdk/sdk/2.2.0/src/rp2_common/hardware_timer/timer.c.obj
                0x100031d4                timer_hardware_alarm_claim
 .text.timer_time_us_64
                0x100031e8       0x10 CMakeFiles/Controller.dir/C_/Users/travi/.pico-sdk/sdk/2.2.0/src/rp2_common/hardware_timer/timer.c.obj
                0x100031e8                timer_time_us_64
 .text.time_us_64
                0x100031f8       0x14 CMakeFiles/Controller.dir/C_/Users/travi/.pico-sdk/sdk/2.2.0/src/rp2_common/hardware_timer/timer.c.obj
                0x100031f8                time_us_64
 .text.busy_wait_until
                0x1000320c       0x20 CMakeFiles/Controller.dir/C_/Users/travi/.pico-sdk/sdk/2.2.0/src/rp2_common/hardware_timer/timer.c.obj
                0x1000320c                busy_wait_until
 .text.clock_configure_int_divider
                0x1000322c       0xf4 CMakeFiles/Controller.dir/C_/Users/travi/.pico-sdk/sdk/2.2.0/src/rp2_common/hardware_clocks/clocks.c.obj
                0x1000322c                clock_configure_int_divider
 .text.clock_configure_undivided
                0x10003320       0xe8 CMakeFiles/Controller.dir/C_/Users/travi/.pico-sdk/sdk/2.2.0/src/rp2_common/hardware_clocks/clocks.c.obj
                0x10003320                clock_configure_undivided
 .text.clock_get_hz
                0x10003408        0xc CMakeFiles/Controller.dir/C_/Users/travi/.pico-sdk/sdk/2.2.0/src/rp2_common/hardware_clocks/clocks.c.obj
                0x10003408                clock_get_hz
 .text.pll_init
                0x10003414       0xa4 CMakeFiles/Controller.dir/C_/Users/travi/.pico-sdk/sdk/2.2.0/src/rp2_common/hardware_pll/pll.c.obj
                0x10003414                pll_init
 .text.watchdog_reboot
                0x100034b8       0x9c CMakeFiles/Controller.dir/C_/Users/travi/.pico-sdk/sdk/2.2.0/src/rp2_common/hardware_watchdog/watchdog.c.obj
                0x100034b8                watchdog_reboot
 .text.tick_start
                0x10003554       0x10 CMakeFiles/Controller.dir/C_/Users/travi/.pico-sdk/sdk/2.2.0/src/rp2_common/hardware_ticks/ticks.c.obj
                0x10003554                tick_start
 .text.rom_func_lookup
                0x10003564       0x10 CMakeFiles/Controller.dir/C_/Users/travi/.pico-sdk/sdk/2.2.0/src/rp2_common/pico_bootrom/bootrom.c.obj
                0x10003564                rom_func_lookup
 .text.rom_data_lookup
                0x10003574       0x10 CMakeFiles/Controller.dir/C_/Users/travi/.pico-sdk/sdk/2.2.0/src/rp2_common/pico_bootrom/bootrom.c.obj
                0x10003574                rom_data_lookup
 .text.rom_funcs_lookup
                0x10003584       0x44 CMakeFiles/Controller.dir/C_/Users/travi/.pico-sdk/sdk/2.2.0/src/rp2_common/pico_bootrom/bootrom.c.obj
                0x10003584                rom_funcs_lookup
 .text.rom_reset_usb_boot_extra
                0x100035c8       0x24 CMakeFiles/Controller.dir/C_/Users/travi/.pico-sdk/sdk/2.2.0/src/rp2_common/pico_bootrom/bootrom.c.obj
                0x100035c8                rom_reset_usb_boot_extra
 .text.xosc_init
                0x100035ec       0x28 CMakeFiles/Controller.dir/C_/Users/travi/.pico-sdk/sdk/2.2.0/src/rp2_common/hardware_xosc/xosc.c.obj
                0x100035ec                xosc_init
 .text.first_per_core_initializer
                0x10003614        0x4 CMakeFiles/Controller.dir/C_/Users/travi/.pico-sdk/sdk/2.2.0/src/rp2_common/pico_runtime/runtime.c.obj
 .text.hard_assertion_failure
                0x10003618        0xc CMakeFiles/Controller.dir/C_/Users/travi/.pico-sdk/sdk/2.2.0/src/rp2_common/pico_runtime/runtime.c.obj
                0x10003618                hard_assertion_failure
 .text.runtime_run_initializers
                0x10003624       0x28 CMakeFiles/Controller.dir/C_/Users/travi/.pico-sdk/sdk/2.2.0/src/rp2_common/pico_runtime/runtime.c.obj
                0x10003624                runtime_run_initializers
 .text.runtime_init_early_resets
                0x1000364c       0x2c CMakeFiles/Controller.dir/C_/Users/travi/.pico-sdk/sdk/2.2.0/src/rp2_common/pico_runtime_init/runtime_init.c.obj
                0x1000364c                runtime_init_early_resets
 .text.runtime_init_usb_power_down
                0x10003678       0x1c CMakeFiles/Controller.dir/C_/Users/travi/.pico-sdk/sdk/2.2.0/src/rp2_common/pico_runtime_init/runtime_init.c.obj
                0x10003678                runtime_init_usb_power_down
 .text.runtime_init_post_clock_resets
                0x10003694       0x20 CMakeFiles/Controller.dir/C_/Users/travi/.pico-sdk/sdk/2.2.0/src/rp2_common/pico_runtime_init/runtime_init.c.obj
                0x10003694                runtime_init_post_clock_resets
 .text.runtime_init_rp2040_gpio_ie_disable
                0x100036b4       0x14 CMakeFiles/Controller.dir/C_/Users/travi/.pico-sdk/sdk/2.2.0/src/rp2_common/pico_runtime_init/runtime_init.c.obj
                0x100036b4                runtime_init_rp2040_gpio_ie_disable
 .text.runtime_init_spin_locks_reset
                0x100036c8        0x8 CMakeFiles/Controller.dir/C_/Users/travi/.pico-sdk/sdk/2.2.0/src/rp2_common/pico_runtime_init/runtime_init.c.obj
                0x100036c8                runtime_init_spin_locks_reset
 .text.runtime_init_install_ram_vector_table
                0x100036d0       0xb4 CMakeFiles/Controller.dir/C_/Users/travi/.pico-sdk/sdk/2.2.0/src/rp2_common/pico_runtime_init/runtime_init.c.obj
                0x100036d0                runtime_init_install_ram_vector_table
 .text.runtime_init_clocks
                0x10003784       0xd8 CMakeFiles/Controller.dir/C_/Users/travi/.pico-sdk/sdk/2.2.0/src/rp2_common/pico_runtime_init/runtime_init_clocks.c.obj
                0x10003784                runtime_init_clocks
 .text          0x1000385c       0x10 CMakeFiles/Controller.dir/C_/Users/travi/.pico-sdk/sdk/2.2.0/src/rp2_common/pico_bit_ops/bit_ops_aeabi.S.obj
 .text.__wrap___aeabi_idiv
                0x1000386c       0x50 CMakeFiles/Controller.dir/C_/Users/travi/.pico-sdk/sdk/2.2.0/src/rp2_common/pico_divider/divider_hardware.S.obj
                0x1000386c                __wrap___aeabi_idivmod
                0x1000386c                divmod_s32s32
                0x1000386c                div_s32s32
                0x1000386c                __wrap___aeabi_idiv
                0x10003874                divmod_s32s32_unsafe
                0x100038a0                divmod_s32s32_savestate
 .text.__wrap___aeabi_uidiv
                0x100038bc       0x4c CMakeFiles/Controller.dir/C_/Users/travi/.pico-sdk/sdk/2.2.0/src/rp2_common/pico_divider/divider_hardware.S.obj
                0x100038bc                __wrap___aeabi_uidiv
                0x100038bc                __wrap___aeabi_uidivmod
                0x100038bc                div_u32u32
                0x100038bc                divmod_u32u32
                0x100038c4                divmod_u32u32_unsafe
                0x100038ec                divmod_u32u32_savestate
 .text.__wrap___aeabi_ldiv
                0x10003908      0x424 CMakeFiles/Controller.dir/C_/Users/travi/.pico-sdk/sdk/2.2.0/src/rp2_common/pico_divider/divider_hardware.S.obj
                0x10003908                div_s64s64
                0x10003908                divmod_s64s64
                0x10003908                __wrap___aeabi_ldivmod
                0x10003938                divmod_u64u64
                0x10003938                div_u64u64
                0x10003938                __wrap___aeabi_uldivmod
                0x10003948                divmod_u64u64_savestate
                0x10003968                divmod_s64s64_unsafe
                0x100039f0                divmod_u64u64_unsafe
 .text.__wrap___aeabi_darithmetic
                0x10003d2c       0x60 CMakeFiles/Controller.dir/C_/Users/travi/.pico-sdk/sdk/2.2.0/src/rp2_common/pico_double/double_aeabi_rp2040.S.obj
                0x10003d2c                __wrap___aeabi_drsub
                0x10003d32                __wrap___aeabi_dsub
                0x10003d3c                __wrap___aeabi_dadd
                0x10003d46                __wrap___aeabi_ddiv
                0x10003d7a                __wrap___aeabi_dmul
 .text.__wrap___aeabi_cdcmple
                0x10003d8c       0x6c CMakeFiles/Controller.dir/C_/Users/travi/.pico-sdk/sdk/2.2.0/src/rp2_common/pico_double/double_aeabi_rp2040.S.obj
                0x10003d8c                __wrap___aeabi_cdrcmple
                0x10003d9c                __wrap___aeabi_cdcmpeq
                0x10003d9c                __wrap___aeabi_cdcmple
 .text.__wrap___aeabi_dcmplt
                0x10003df8        0xc CMakeFiles/Controller.dir/C_/Users/travi/.pico-sdk/sdk/2.2.0/src/rp2_common/pico_double/double_aeabi_rp2040.S.obj
                0x10003df8                __wrap___aeabi_dcmplt
 .text.__wrap___aeabi_dcmple
                0x10003e04       0x10 CMakeFiles/Controller.dir/C_/Users/travi/.pico-sdk/sdk/2.2.0/src/rp2_common/pico_double/double_aeabi_rp2040.S.obj
                0x10003e04                __wrap___aeabi_dcmple
 .text.__wrap___aeabi_dcmpge
                0x10003e14       0x10 CMakeFiles/Controller.dir/C_/Users/travi/.pico-sdk/sdk/2.2.0/src/rp2_common/pico_double/double_aeabi_rp2040.S.obj
                0x10003e14                __wrap___aeabi_dcmpge
 .text.__wrap___aeabi_dcmpgt
                0x10003e24        0xa CMakeFiles/Controller.dir/C_/Users/travi/.pico-sdk/sdk/2.2.0/src/rp2_common/pico_double/double_aeabi_rp2040.S.obj
                0x10003e24                __wrap___aeabi_dcmpgt
 .text.__wrap___aeabi_dcmpun
                0x10003e2e       0x18 CMakeFiles/Controller.dir/C_/Users/travi/.pico-sdk/sdk/2.2.0/src/rp2_common/pico_double/double_aeabi_rp2040.S.obj
                0x10003e2e                __wrap___aeabi_dcmpun
 *fill*         0x10003e46        0x2 
 .text.__wrap___aeabi_i2d
                0x10003e48       0x38 CMakeFiles/Controller.dir/C_/Users/travi/.pico-sdk/sdk/2.2.0/src/rp2_common/pico_double/double_aeabi_rp2040.S.obj
                0x10003e48                uint2double
                0x10003e48                __wrap___aeabi_ui2d
                0x10003e50                int2double
                0x10003e50                __wrap___aeabi_i2d
 .text.__wrap___aeabi_d2iz
                0x10003e80       0x48 CMakeFiles/Controller.dir/C_/Users/travi/.pico-sdk/sdk/2.2.0/src/rp2_common/pico_double/double_aeabi_rp2040.S.obj
                0x10003e80                double2int_z
                0x10003e80                __wrap___aeabi_d2iz
 .text.__wrap___aeabi_d2uiz
                0x10003ec8       0x10 CMakeFiles/Controller.dir/C_/Users/travi/.pico-sdk/sdk/2.2.0/src/rp2_common/pico_double/double_aeabi_rp2040.S.obj
                0x10003ec8                double2uint
                0x10003ec8                __wrap___aeabi_d2uiz
                0x10003ec8                double2uint_z
 .text.missing_double_func_shim
                0x10003ed8        0xc CMakeFiles/Controller.dir/C_/Users/travi/.pico-sdk/sdk/2.2.0/src/rp2_common/pico_double/double_init_rom_rp2040.c.obj
 .text.__aeabi_double_init
                0x10003ee4       0xa0 CMakeFiles/Controller.dir/C_/Users/travi/.pico-sdk/sdk/2.2.0/src/rp2_common/pico_double/double_init_rom_rp2040.c.obj
                0x10003ee4                __aeabi_double_init
 .text.double_table_shim_on_use_helper
                0x10003f84       0x2c CMakeFiles/Controller.dir/C_/Users/travi/.pico-sdk/sdk/2.2.0/src/rp2_common/pico_double/double_v1_rom_shim_rp2040.S.obj
                0x10003f84                double_table_shim_on_use_helper
 .text.__aeabi_lmul
                0x10003fb0       0x32 CMakeFiles/Controller.dir/C_/Users/travi/.pico-sdk/sdk/2.2.0/src/rp2_common/pico_int64_ops/pico_int64_ops_aeabi.S.obj
                0x10003fb0                __wrap___aeabi_lmul
 *fill*         0x10003fe2        0x2 
 .text.missing_float_func_shim
                0x10003fe4        0xc CMakeFiles/Controller.dir/C_/Users/travi/.pico-sdk/sdk/2.2.0/src/rp2_common/pico_float/float_init_rom_rp2040.c.obj
 .text.__aeabi_float_init
                0x10003ff0       0x5c CMakeFiles/Controller.dir/C_/Users/travi/.pico-sdk/sdk/2.2.0/src/rp2_common/pico_float/float_init_rom_rp2040.c.obj
                0x10003ff0                __aeabi_float_init
 .text          0x1000404c       0x10 CMakeFiles/Controller.dir/C_/Users/travi/.pico-sdk/sdk/2.2.0/src/rp2_common/pico_mem_ops/mem_ops_aeabi.S.obj
                0x1000404c                __aeabi_mem_init
 .text.memset   0x1000405c        0xc CMakeFiles/Controller.dir/C_/Users/travi/.pico-sdk/sdk/2.2.0/src/rp2_common/pico_mem_ops/mem_ops_aeabi.S.obj
                0x1000405c                __wrap_memset
 .text.memcpy   0x10004068        0xc CMakeFiles/Controller.dir/C_/Users/travi/.pico-sdk/sdk/2.2.0/src/rp2_common/pico_mem_ops/mem_ops_aeabi.S.obj
                0x10004068                __wrap_memcpy
                0x10004068                __wrap___aeabi_memcpy
 .text._out_buffer
                0x10004074        0x8 CMakeFiles/Controller.dir/C_/Users/travi/.pico-sdk/sdk/2.2.0/src/rp2_common/pico_printf/printf.c.obj
 .text._out_null
                0x1000407c        0x4 CMakeFiles/Controller.dir/C_/Users/travi/.pico-sdk/sdk/2.2.0/src/rp2_common/pico_printf/printf.c.obj
 .text._out_rev
                0x10004080       0xac CMakeFiles/Controller.dir/C_/Users/travi/.pico-sdk/sdk/2.2.0/src/rp2_common/pico_printf/printf.c.obj
 .text._ntoa_format
                0x1000412c      0x1cc CMakeFiles/Controller.dir/C_/Users/travi/.pico-sdk/sdk/2.2.0/src/rp2_common/pico_printf/printf.c.obj
 .text._out_char
                0x100042f8       0x10 CMakeFiles/Controller.dir/C_/Users/travi/.pico-sdk/sdk/2.2.0/src/rp2_common/pico_printf/printf.c.obj
 .text._out_fct
                0x10004308       0x10 CMakeFiles/Controller.dir/C_/Users/travi/.pico-sdk/sdk/2.2.0/src/rp2_common/pico_printf/printf.c.obj
 .text._ftoa    0x10004318      0x4a8 CMakeFiles/Controller.dir/C_/Users/travi/.pico-sdk/sdk/2.2.0/src/rp2_common/pico_printf/printf.c.obj
 .text._etoa    0x100047c0      0x57c CMakeFiles/Controller.dir/C_/Users/travi/.pico-sdk/sdk/2.2.0/src/rp2_common/pico_printf/printf.c.obj
 .text._vsnprintf
                0x10004d3c      0xbe0 CMakeFiles/Controller.dir/C_/Users/travi/.pico-sdk/sdk/2.2.0/src/rp2_common/pico_printf/printf.c.obj
 .text.__wrap_sprintf
                0x1000591c       0x2c CMakeFiles/Controller.dir/C_/Users/travi/.pico-sdk/sdk/2.2.0/src/rp2_common/pico_printf/printf.c.obj
                0x1000591c                __wrap_sprintf
 .text.vfctprintf
                0x10005948       0x24 CMakeFiles/Controller.dir/C_/Users/travi/.pico-sdk/sdk/2.2.0/src/rp2_common/pico_printf/printf.c.obj
                0x10005948                vfctprintf
 .text.weak_raw_vprintf
                0x1000596c       0x30 CMakeFiles/Controller.dir/C_/Users/travi/.pico-sdk/sdk/2.2.0/src/rp2_common/pico_printf/printf.c.obj
                0x1000596c                weak_raw_vprintf
 .text._exit    0x1000599c        0x4 CMakeFiles/Controller.dir/C_/Users/travi/.pico-sdk/sdk/2.2.0/src/rp2_common/pico_clib_interface/newlib_interface.c.obj
                0x1000599c                _exit
 .text.exit     0x100059a0        0x8 CMakeFiles/Controller.dir/C_/Users/travi/.pico-sdk/sdk/2.2.0/src/rp2_common/pico_clib_interface/newlib_interface.c.obj
                0x100059a0                exit
 .text.runtime_init
                0x100059a8       0x2c CMakeFiles/Controller.dir/C_/Users/travi/.pico-sdk/sdk/2.2.0/src/rp2_common/pico_clib_interface/newlib_interface.c.obj
                0x100059a8                runtime_init
 .text.stdio_out_chars_no_crlf
                0x100059d4       0x10 CMakeFiles/Controller.dir/C_/Users/travi/.pico-sdk/sdk/2.2.0/src/rp2_common/pico_stdio/stdio.c.obj
 .text.stdio_out_chars_crlf
                0x100059e4       0xb0 CMakeFiles/Controller.dir/C_/Users/travi/.pico-sdk/sdk/2.2.0/src/rp2_common/pico_stdio/stdio.c.obj
 .text.stdio_buffered_printer
                0x10005a94       0x64 CMakeFiles/Controller.dir/C_/Users/travi/.pico-sdk/sdk/2.2.0/src/rp2_common/pico_stdio/stdio.c.obj
 .text.stdio_put_string
                0x10005af8       0xfc CMakeFiles/Controller.dir/C_/Users/travi/.pico-sdk/sdk/2.2.0/src/rp2_common/pico_stdio/stdio.c.obj
                0x10005af8                stdio_put_string
 .text.stdio_set_driver_enabled
                0x10005bf4       0x30 CMakeFiles/Controller.dir/C_/Users/travi/.pico-sdk/sdk/2.2.0/src/rp2_common/pico_stdio/stdio.c.obj
                0x10005bf4                stdio_set_driver_enabled
 .text.stdio_init_all
                0x10005c24        0x8 CMakeFiles/Controller.dir/C_/Users/travi/.pico-sdk/sdk/2.2.0/src/rp2_common/pico_stdio/stdio.c.obj
                0x10005c24                stdio_init_all
 .text.__wrap_putchar
                0x10005c2c       0x94 CMakeFiles/Controller.dir/C_/Users/travi/.pico-sdk/sdk/2.2.0/src/rp2_common/pico_stdio/stdio.c.obj
                0x10005c2c                __wrap_putchar
                0x10005c2c                stdio_putchar
 .text.__wrap_puts
                0x10005cc0       0x3c CMakeFiles/Controller.dir/C_/Users/travi/.pico-sdk/sdk/2.2.0/src/rp2_common/pico_stdio/stdio.c.obj
                0x10005cc0                stdio_puts
                0x10005cc0                __wrap_puts
 .text.__wrap_vprintf
                0x10005cfc       0xcc CMakeFiles/Controller.dir/C_/Users/travi/.pico-sdk/sdk/2.2.0/src/rp2_common/pico_stdio/stdio.c.obj
                0x10005cfc                stdio_vprintf
                0x10005cfc                __wrap_vprintf
 .text.__wrap_printf
                0x10005dc8       0x18 CMakeFiles/Controller.dir/C_/Users/travi/.pico-sdk/sdk/2.2.0/src/rp2_common/pico_stdio/stdio.c.obj
                0x10005dc8                __wrap_printf
                0x10005dc8                stdio_printf
 .text.resetd_init
                0x10005de0        0x4 CMakeFiles/Controller.dir/C_/Users/travi/.pico-sdk/sdk/2.2.0/src/rp2_common/pico_stdio_usb/reset_interface.c.obj
 .text.resetd_reset
                0x10005de4        0xc CMakeFiles/Controller.dir/C_/Users/travi/.pico-sdk/sdk/2.2.0/src/rp2_common/pico_stdio_usb/reset_interface.c.obj
 .text.resetd_open
                0x10005df0       0x28 CMakeFiles/Controller.dir/C_/Users/travi/.pico-sdk/sdk/2.2.0/src/rp2_common/pico_stdio_usb/reset_interface.c.obj
 .text.resetd_xfer_cb
                0x10005e18        0x4 CMakeFiles/Controller.dir/C_/Users/travi/.pico-sdk/sdk/2.2.0/src/rp2_common/pico_stdio_usb/reset_interface.c.obj
 .text.resetd_control_xfer_cb
                0x10005e1c       0x54 CMakeFiles/Controller.dir/C_/Users/travi/.pico-sdk/sdk/2.2.0/src/rp2_common/pico_stdio_usb/reset_interface.c.obj
 .text.tud_descriptor_bos_cb
                0x10005e70        0x8 CMakeFiles/Controller.dir/C_/Users/travi/.pico-sdk/sdk/2.2.0/src/rp2_common/pico_stdio_usb/reset_interface.c.obj
                0x10005e70                tud_descriptor_bos_cb
 .text.tud_vendor_control_xfer_cb
                0x10005e78       0x34 CMakeFiles/Controller.dir/C_/Users/travi/.pico-sdk/sdk/2.2.0/src/rp2_common/pico_stdio_usb/reset_interface.c.obj
                0x10005e78                tud_vendor_control_xfer_cb
 .text.usbd_app_driver_get_cb
                0x10005eac        0xc CMakeFiles/Controller.dir/C_/Users/travi/.pico-sdk/sdk/2.2.0/src/rp2_common/pico_stdio_usb/reset_interface.c.obj
                0x10005eac                usbd_app_driver_get_cb
 .text.tud_cdc_line_coding_cb
                0x10005eb8       0x2c CMakeFiles/Controller.dir/C_/Users/travi/.pico-sdk/sdk/2.2.0/src/rp2_common/pico_stdio_usb/reset_interface.c.obj
                0x10005eb8                tud_cdc_line_coding_cb
 .text.stdio_usb_set_chars_available_callback
                0x10005ee4       0x14 CMakeFiles/Controller.dir/C_/Users/travi/.pico-sdk/sdk/2.2.0/src/rp2_common/pico_stdio_usb/stdio_usb.c.obj
                0x10005ee4                stdio_usb_set_chars_available_callback
 .text.usb_irq  0x10005ef8       0x10 CMakeFiles/Controller.dir/C_/Users/travi/.pico-sdk/sdk/2.2.0/src/rp2_common/pico_stdio_usb/stdio_usb.c.obj
 .text.timer_task
                0x10005f08       0x64 CMakeFiles/Controller.dir/C_/Users/travi/.pico-sdk/sdk/2.2.0/src/rp2_common/pico_stdio_usb/stdio_usb.c.obj
 .text.stdio_usb_in_chars
                0x10005f6c       0x8c CMakeFiles/Controller.dir/C_/Users/travi/.pico-sdk/sdk/2.2.0/src/rp2_common/pico_stdio_usb/stdio_usb.c.obj
                0x10005f6c                stdio_usb_in_chars
 .text.stdio_usb_out_flush
                0x10005ff8       0x4c CMakeFiles/Controller.dir/C_/Users/travi/.pico-sdk/sdk/2.2.0/src/rp2_common/pico_stdio_usb/stdio_usb.c.obj
 .text.stdio_usb_out_chars
                0x10006044      0x100 CMakeFiles/Controller.dir/C_/Users/travi/.pico-sdk/sdk/2.2.0/src/rp2_common/pico_stdio_usb/stdio_usb.c.obj
 .text.low_priority_worker_irq
                0x10006144       0xc8 CMakeFiles/Controller.dir/C_/Users/travi/.pico-sdk/sdk/2.2.0/src/rp2_common/pico_stdio_usb/stdio_usb.c.obj
 .text.stdio_usb_init
                0x1000620c       0xe8 CMakeFiles/Controller.dir/C_/Users/travi/.pico-sdk/sdk/2.2.0/src/rp2_common/pico_stdio_usb/stdio_usb.c.obj
                0x1000620c                stdio_usb_init
 .text.tud_descriptor_device_cb
                0x100062f4        0x8 CMakeFiles/Controller.dir/C_/Users/travi/.pico-sdk/sdk/2.2.0/src/rp2_common/pico_stdio_usb/stdio_usb_descriptors.c.obj
                0x100062f4                tud_descriptor_device_cb
 .text.tud_descriptor_configuration_cb
                0x100062fc        0x8 CMakeFiles/Controller.dir/C_/Users/travi/.pico-sdk/sdk/2.2.0/src/rp2_common/pico_stdio_usb/stdio_usb_descriptors.c.obj
                0x100062fc                tud_descriptor_configuration_cb
 .text.tud_descriptor_string_cb
                0x10006304       0x78 CMakeFiles/Controller.dir/C_/Users/travi/.pico-sdk/sdk/2.2.0/src/rp2_common/pico_stdio_usb/stdio_usb_descriptors.c.obj
                0x10006304                tud_descriptor_string_cb
 .text.startup._retrieve_unique_id_on_boot
                0x1000637c       0x10 CMakeFiles/Controller.dir/C_/Users/travi/.pico-sdk/sdk/2.2.0/src/rp2_common/pico_unique_id/unique_id.c.obj
 .text.pico_get_unique_board_id_string
                0x1000638c      0x1a8 CMakeFiles/Controller.dir/C_/Users/travi/.pico-sdk/sdk/2.2.0/src/rp2_common/pico_unique_id/unique_id.c.obj
                0x1000638c                pico_get_unique_board_id_string
 .text.flash_get_unique_id
                0x10006534       0x3c CMakeFiles/Controller.dir/C_/Users/travi/.pico-sdk/sdk/2.2.0/src/rp2_common/hardware_flash/flash.c.obj
                0x10006534                flash_get_unique_id
 .text.dcd_init
                0x10006570       0x90 CMakeFiles/Controller.dir/C_/Users/travi/.pico-sdk/sdk/2.2.0/lib/tinyusb/src/portable/raspberrypi/rp2040/dcd_rp2040.c.obj
                0x10006570                dcd_init
 .text.dcd_int_enable
                0x10006600        0xc CMakeFiles/Controller.dir/C_/Users/travi/.pico-sdk/sdk/2.2.0/lib/tinyusb/src/portable/raspberrypi/rp2040/dcd_rp2040.c.obj
                0x10006600                dcd_int_enable
 .text.dcd_set_address
                0x1000660c       0x14 CMakeFiles/Controller.dir/C_/Users/travi/.pico-sdk/sdk/2.2.0/lib/tinyusb/src/portable/raspberrypi/rp2040/dcd_rp2040.c.obj
                0x1000660c                dcd_set_address
 .text.dcd_sof_enable
                0x10006620       0x1c CMakeFiles/Controller.dir/C_/Users/travi/.pico-sdk/sdk/2.2.0/lib/tinyusb/src/portable/raspberrypi/rp2040/dcd_rp2040.c.obj
                0x10006620                dcd_sof_enable
 .text.dcd_edpt0_status_complete
                0x1000663c       0x1c CMakeFiles/Controller.dir/C_/Users/travi/.pico-sdk/sdk/2.2.0/lib/tinyusb/src/portable/raspberrypi/rp2040/dcd_rp2040.c.obj
                0x1000663c                dcd_edpt0_status_complete
 .text.dcd_edpt_open
                0x10006658      0x114 CMakeFiles/Controller.dir/C_/Users/travi/.pico-sdk/sdk/2.2.0/lib/tinyusb/src/portable/raspberrypi/rp2040/dcd_rp2040.c.obj
                0x10006658                dcd_edpt_open
 .text.dcd_edpt_close_all
                0x1000676c        0x8 CMakeFiles/Controller.dir/C_/Users/travi/.pico-sdk/sdk/2.2.0/lib/tinyusb/src/portable/raspberrypi/rp2040/dcd_rp2040.c.obj
                0x1000676c                dcd_edpt_close_all
 .text.dcd_edpt_xfer
                0x10006774       0x24 CMakeFiles/Controller.dir/C_/Users/travi/.pico-sdk/sdk/2.2.0/lib/tinyusb/src/portable/raspberrypi/rp2040/dcd_rp2040.c.obj
                0x10006774                dcd_edpt_xfer
 .text.dcd_edpt_stall
                0x10006798       0x3c CMakeFiles/Controller.dir/C_/Users/travi/.pico-sdk/sdk/2.2.0/lib/tinyusb/src/portable/raspberrypi/rp2040/dcd_rp2040.c.obj
                0x10006798                dcd_edpt_stall
 .text.dcd_edpt_clear_stall
                0x100067d4       0x30 CMakeFiles/Controller.dir/C_/Users/travi/.pico-sdk/sdk/2.2.0/lib/tinyusb/src/portable/raspberrypi/rp2040/dcd_rp2040.c.obj
                0x100067d4                dcd_edpt_clear_stall
 .text.rp2040_usb_init
                0x10006804       0x40 CMakeFiles/Controller.dir/C_/Users/travi/.pico-sdk/sdk/2.2.0/lib/tinyusb/src/portable/raspberrypi/rp2040/rp2040_usb.c.obj
                0x10006804                rp2040_usb_init
 .text.hw_endpoint_xfer_start
                0x10006844       0x40 CMakeFiles/Controller.dir/C_/Users/travi/.pico-sdk/sdk/2.2.0/lib/tinyusb/src/portable/raspberrypi/rp2040/rp2040_usb.c.obj
                0x10006844                hw_endpoint_xfer_start
 .text.tud_event_hook_cb
                0x10006884        0x4 CMakeFiles/Controller.dir/C_/Users/travi/.pico-sdk/sdk/2.2.0/lib/tinyusb/src/device/usbd.c.obj
                0x10006884                tud_event_hook_cb
 .text.tud_sof_cb
                0x10006888        0x4 CMakeFiles/Controller.dir/C_/Users/travi/.pico-sdk/sdk/2.2.0/lib/tinyusb/src/device/usbd.c.obj
                0x10006888                tud_sof_cb
 .text.tud_descriptor_device_qualifier_cb
                0x1000688c        0x4 CMakeFiles/Controller.dir/C_/Users/travi/.pico-sdk/sdk/2.2.0/lib/tinyusb/src/device/usbd.c.obj
                0x1000688c                tud_descriptor_device_qualifier_cb
 .text.tud_descriptor_other_speed_configuration_cb
                0x10006890        0x4 CMakeFiles/Controller.dir/C_/Users/travi/.pico-sdk/sdk/2.2.0/lib/tinyusb/src/device/usbd.c.obj
                0x10006890                tud_descriptor_other_speed_configuration_cb
 .text.tud_mount_cb
                0x10006894        0x4 CMakeFiles/Controller.dir/C_/Users/travi/.pico-sdk/sdk/2.2.0/lib/tinyusb/src/device/usbd.c.obj
                0x10006894                tud_mount_cb
 .text.tud_umount_cb
                0x10006898        0x4 CMakeFiles/Controller.dir/C_/Users/travi/.pico-sdk/sdk/2.2.0/lib/tinyusb/src/device/usbd.c.obj
                0x10006898                tud_umount_cb
 .text.tud_suspend_cb
                0x1000689c        0x4 CMakeFiles/Controller.dir/C_/Users/travi/.pico-sdk/sdk/2.2.0/lib/tinyusb/src/device/usbd.c.obj
                0x1000689c                tud_suspend_cb
 .text.tud_resume_cb
                0x100068a0        0x4 CMakeFiles/Controller.dir/C_/Users/travi/.pico-sdk/sdk/2.2.0/lib/tinyusb/src/device/usbd.c.obj
                0x100068a0                tud_resume_cb
 .text.tud_mounted
                0x100068a4       0x10 CMakeFiles/Controller.dir/C_/Users/travi/.pico-sdk/sdk/2.2.0/lib/tinyusb/src/device/usbd.c.obj
                0x100068a4                tud_mounted
 .text.tud_suspended
                0x100068b4       0x10 CMakeFiles/Controller.dir/C_/Users/travi/.pico-sdk/sdk/2.2.0/lib/tinyusb/src/device/usbd.c.obj
                0x100068b4                tud_suspended
 .text.tud_rhport_init
                0x100068c4       0xf4 CMakeFiles/Controller.dir/C_/Users/travi/.pico-sdk/sdk/2.2.0/lib/tinyusb/src/device/usbd.c.obj
                0x100068c4                tud_rhport_init
 .text.tud_task_ext
                0x100069b8      0x800 CMakeFiles/Controller.dir/C_/Users/travi/.pico-sdk/sdk/2.2.0/lib/tinyusb/src/device/usbd.c.obj
                0x100069b8                tud_task_ext
 .text.usbd_open_edpt_pair
                0x100071b8       0x9c CMakeFiles/Controller.dir/C_/Users/travi/.pico-sdk/sdk/2.2.0/lib/tinyusb/src/device/usbd.c.obj
                0x100071b8                usbd_open_edpt_pair
 .text.usbd_edpt_open
                0x10007254       0x34 CMakeFiles/Controller.dir/C_/Users/travi/.pico-sdk/sdk/2.2.0/lib/tinyusb/src/device/usbd.c.obj
                0x10007254                usbd_edpt_open
 .text.usbd_edpt_claim
                0x10007288       0x28 CMakeFiles/Controller.dir/C_/Users/travi/.pico-sdk/sdk/2.2.0/lib/tinyusb/src/device/usbd.c.obj
                0x10007288                usbd_edpt_claim
 .text.usbd_edpt_release
                0x100072b0       0x28 CMakeFiles/Controller.dir/C_/Users/travi/.pico-sdk/sdk/2.2.0/lib/tinyusb/src/device/usbd.c.obj
                0x100072b0                usbd_edpt_release
 .text.usbd_edpt_xfer
                0x100072d8       0x4c CMakeFiles/Controller.dir/C_/Users/travi/.pico-sdk/sdk/2.2.0/lib/tinyusb/src/device/usbd.c.obj
                0x100072d8                usbd_edpt_xfer
 .text.tud_control_status
                0x10007324       0x2c CMakeFiles/Controller.dir/C_/Users/travi/.pico-sdk/sdk/2.2.0/lib/tinyusb/src/device/usbd_control.c.obj
                0x10007324                tud_control_status
 .text.tud_control_xfer
                0x10007350       0xa8 CMakeFiles/Controller.dir/C_/Users/travi/.pico-sdk/sdk/2.2.0/lib/tinyusb/src/device/usbd_control.c.obj
                0x10007350                tud_control_xfer
 .text.usbd_control_reset
                0x100073f8       0x14 CMakeFiles/Controller.dir/C_/Users/travi/.pico-sdk/sdk/2.2.0/lib/tinyusb/src/device/usbd_control.c.obj
                0x100073f8                usbd_control_reset
 .text.usbd_control_set_complete_callback
                0x1000740c        0xc CMakeFiles/Controller.dir/C_/Users/travi/.pico-sdk/sdk/2.2.0/lib/tinyusb/src/device/usbd_control.c.obj
                0x1000740c                usbd_control_set_complete_callback
 .text.usbd_control_set_request
                0x10007418       0x1c CMakeFiles/Controller.dir/C_/Users/travi/.pico-sdk/sdk/2.2.0/lib/tinyusb/src/device/usbd_control.c.obj
                0x10007418                usbd_control_set_request
 .text.usbd_control_xfer_cb
                0x10007434       0xec CMakeFiles/Controller.dir/C_/Users/travi/.pico-sdk/sdk/2.2.0/lib/tinyusb/src/device/usbd_control.c.obj
                0x10007434                usbd_control_xfer_cb
 .text._prep_out_transaction.isra.0
                0x10007520       0x6c CMakeFiles/Controller.dir/C_/Users/travi/.pico-sdk/sdk/2.2.0/lib/tinyusb/src/class/cdc/cdc_device.c.obj
 .text.tud_cdc_n_connected
                0x1000758c       0x2c CMakeFiles/Controller.dir/C_/Users/travi/.pico-sdk/sdk/2.2.0/lib/tinyusb/src/class/cdc/cdc_device.c.obj
                0x1000758c                tud_cdc_n_connected
 .text.tud_cdc_n_available
                0x100075b8       0x14 CMakeFiles/Controller.dir/C_/Users/travi/.pico-sdk/sdk/2.2.0/lib/tinyusb/src/class/cdc/cdc_device.c.obj
                0x100075b8                tud_cdc_n_available
 .text.tud_cdc_n_read
                0x100075cc       0x88 CMakeFiles/Controller.dir/C_/Users/travi/.pico-sdk/sdk/2.2.0/lib/tinyusb/src/class/cdc/cdc_device.c.obj
                0x100075cc                tud_cdc_n_read
 .text.tud_cdc_n_write_flush
                0x10007654       0x74 CMakeFiles/Controller.dir/C_/Users/travi/.pico-sdk/sdk/2.2.0/lib/tinyusb/src/class/cdc/cdc_device.c.obj
                0x10007654                tud_cdc_n_write_flush
 .text.tud_cdc_n_write
                0x100076c8       0x40 CMakeFiles/Controller.dir/C_/Users/travi/.pico-sdk/sdk/2.2.0/lib/tinyusb/src/class/cdc/cdc_device.c.obj
                0x100076c8                tud_cdc_n_write
 .text.tud_cdc_n_write_available
                0x10007708       0x14 CMakeFiles/Controller.dir/C_/Users/travi/.pico-sdk/sdk/2.2.0/lib/tinyusb/src/class/cdc/cdc_device.c.obj
                0x10007708                tud_cdc_n_write_available
 .text.cdcd_init
                0x1000771c       0x70 CMakeFiles/Controller.dir/C_/Users/travi/.pico-sdk/sdk/2.2.0/lib/tinyusb/src/class/cdc/cdc_device.c.obj
                0x1000771c                cdcd_init
 .text.cdcd_deinit
                0x1000778c       0x30 CMakeFiles/Controller.dir/C_/Users/travi/.pico-sdk/sdk/2.2.0/lib/tinyusb/src/class/cdc/cdc_device.c.obj
                0x1000778c                cdcd_deinit
 .text.cdcd_reset
                0x100077bc       0x4c CMakeFiles/Controller.dir/C_/Users/travi/.pico-sdk/sdk/2.2.0/lib/tinyusb/src/class/cdc/cdc_device.c.obj
                0x100077bc                cdcd_reset
 .text.cdcd_open
                0x10007808       0xa4 CMakeFiles/Controller.dir/C_/Users/travi/.pico-sdk/sdk/2.2.0/lib/tinyusb/src/class/cdc/cdc_device.c.obj
                0x10007808                cdcd_open
 .text.cdcd_control_xfer_cb
                0x100078ac       0xe8 CMakeFiles/Controller.dir/C_/Users/travi/.pico-sdk/sdk/2.2.0/lib/tinyusb/src/class/cdc/cdc_device.c.obj
                0x100078ac                cdcd_control_xfer_cb
 .text.cdcd_xfer_cb
                0x10007994      0x100 CMakeFiles/Controller.dir/C_/Users/travi/.pico-sdk/sdk/2.2.0/lib/tinyusb/src/class/cdc/cdc_device.c.obj
                0x10007994                cdcd_xfer_cb
 .text.vendord_init
                0x10007a94       0x5c CMakeFiles/Controller.dir/C_/Users/travi/.pico-sdk/sdk/2.2.0/lib/tinyusb/src/class/vendor/vendor_device.c.obj
                0x10007a94                vendord_init
 .text.vendord_deinit
                0x10007af0       0x1c CMakeFiles/Controller.dir/C_/Users/travi/.pico-sdk/sdk/2.2.0/lib/tinyusb/src/class/vendor/vendor_device.c.obj
                0x10007af0                vendord_deinit
 .text.vendord_reset
                0x10007b0c       0x28 CMakeFiles/Controller.dir/C_/Users/travi/.pico-sdk/sdk/2.2.0/lib/tinyusb/src/class/vendor/vendor_device.c.obj
                0x10007b0c                vendord_reset
 .text.vendord_open
                0x10007b34      0x120 CMakeFiles/Controller.dir/C_/Users/travi/.pico-sdk/sdk/2.2.0/lib/tinyusb/src/class/vendor/vendor_device.c.obj
                0x10007b34                vendord_open
 .text.vendord_xfer_cb
                0x10007c54       0x9c CMakeFiles/Controller.dir/C_/Users/travi/.pico-sdk/sdk/2.2.0/lib/tinyusb/src/class/vendor/vendor_device.c.obj
                0x10007c54                vendord_xfer_cb
 .text.tusb_rhport_init
                0x10007cf0       0x4c CMakeFiles/Controller.dir/C_/Users/travi/.pico-sdk/sdk/2.2.0/lib/tinyusb/src/tusb.c.obj
                0x10007cf0                tusb_rhport_init
 .text.tu_edpt_claim
                0x10007d3c       0x50 CMakeFiles/Controller.dir/C_/Users/travi/.pico-sdk/sdk/2.2.0/lib/tinyusb/src/tusb.c.obj
                0x10007d3c                tu_edpt_claim
 .text.tu_edpt_release
                0x10007d8c       0x38 CMakeFiles/Controller.dir/C_/Users/travi/.pico-sdk/sdk/2.2.0/lib/tinyusb/src/tusb.c.obj
                0x10007d8c                tu_edpt_release
 .text.tu_edpt_validate
                0x10007dc4       0x7c CMakeFiles/Controller.dir/C_/Users/travi/.pico-sdk/sdk/2.2.0/lib/tinyusb/src/tusb.c.obj
                0x10007dc4                tu_edpt_validate
 .text.tu_edpt_bind_driver
                0x10007e40       0x34 CMakeFiles/Controller.dir/C_/Users/travi/.pico-sdk/sdk/2.2.0/lib/tinyusb/src/tusb.c.obj
                0x10007e40                tu_edpt_bind_driver
 .text.tu_edpt_stream_init
                0x10007e74       0x6c CMakeFiles/Controller.dir/C_/Users/travi/.pico-sdk/sdk/2.2.0/lib/tinyusb/src/tusb.c.obj
                0x10007e74                tu_edpt_stream_init
 .text.tu_edpt_stream_deinit
                0x10007ee0        0x4 CMakeFiles/Controller.dir/C_/Users/travi/.pico-sdk/sdk/2.2.0/lib/tinyusb/src/tusb.c.obj
                0x10007ee0                tu_edpt_stream_deinit
 .text.tu_edpt_stream_write_zlp_if_needed
                0x10007ee4       0x68 CMakeFiles/Controller.dir/C_/Users/travi/.pico-sdk/sdk/2.2.0/lib/tinyusb/src/tusb.c.obj
                0x10007ee4                tu_edpt_stream_write_zlp_if_needed
 .text.tu_edpt_stream_write_xfer
                0x10007f4c       0x68 CMakeFiles/Controller.dir/C_/Users/travi/.pico-sdk/sdk/2.2.0/lib/tinyusb/src/tusb.c.obj
                0x10007f4c                tu_edpt_stream_write_xfer
 .text.tu_edpt_stream_read_xfer
                0x10007fb4       0xd8 CMakeFiles/Controller.dir/C_/Users/travi/.pico-sdk/sdk/2.2.0/lib/tinyusb/src/tusb.c.obj
                0x10007fb4                tu_edpt_stream_read_xfer
 .text.tu_fifo_config
                0x1000808c       0x6c CMakeFiles/Controller.dir/C_/Users/travi/.pico-sdk/sdk/2.2.0/lib/tinyusb/src/common/tusb_fifo.c.obj
                0x1000808c                tu_fifo_config
 .text.tu_fifo_count
                0x100080f8       0x2c CMakeFiles/Controller.dir/C_/Users/travi/.pico-sdk/sdk/2.2.0/lib/tinyusb/src/common/tusb_fifo.c.obj
                0x100080f8                tu_fifo_count
 .text.tu_fifo_empty
                0x10008124       0x10 CMakeFiles/Controller.dir/C_/Users/travi/.pico-sdk/sdk/2.2.0/lib/tinyusb/src/common/tusb_fifo.c.obj
                0x10008124                tu_fifo_empty
 .text.tu_fifo_remaining
                0x10008134       0x2c CMakeFiles/Controller.dir/C_/Users/travi/.pico-sdk/sdk/2.2.0/lib/tinyusb/src/common/tusb_fifo.c.obj
                0x10008134                tu_fifo_remaining
 .text.tu_fifo_read
                0x10008160       0x9c CMakeFiles/Controller.dir/C_/Users/travi/.pico-sdk/sdk/2.2.0/lib/tinyusb/src/common/tusb_fifo.c.obj
                0x10008160                tu_fifo_read
 .text.tu_fifo_read_n
                0x100081fc       0xe8 CMakeFiles/Controller.dir/C_/Users/travi/.pico-sdk/sdk/2.2.0/lib/tinyusb/src/common/tusb_fifo.c.obj
                0x100081fc                tu_fifo_read_n
 .text.tu_fifo_write
                0x100082e4       0xa4 CMakeFiles/Controller.dir/C_/Users/travi/.pico-sdk/sdk/2.2.0/lib/tinyusb/src/common/tusb_fifo.c.obj
                0x100082e4                tu_fifo_write
 .text.tu_fifo_write_n
                0x10008388      0x178 CMakeFiles/Controller.dir/C_/Users/travi/.pico-sdk/sdk/2.2.0/lib/tinyusb/src/common/tusb_fifo.c.obj
                0x10008388                tu_fifo_write_n
 .text.tu_fifo_clear
                0x10008500       0x40 CMakeFiles/Controller.dir/C_/Users/travi/.pico-sdk/sdk/2.2.0/lib/tinyusb/src/common/tusb_fifo.c.obj
                0x10008500                tu_fifo_clear
 .text.tu_fifo_set_overwritable
                0x10008540       0x48 CMakeFiles/Controller.dir/C_/Users/travi/.pico-sdk/sdk/2.2.0/lib/tinyusb/src/common/tusb_fifo.c.obj
                0x10008540                tu_fifo_set_overwritable
 .text.spi_init
                0x10008588      0x13c CMakeFiles/Controller.dir/C_/Users/travi/.pico-sdk/sdk/2.2.0/src/rp2_common/hardware_spi/spi.c.obj
                0x10008588                spi_init
 .text.strlen   0x100086c4       0x5c C:/Users/travi/.pico-sdk/toolchain/14_2_Rel1/bin/../lib/gcc/arm-none-eabi/14.2.1/thumb/v6-m/nofp\libg.a(libc_a-strlen-stub.o)
                0x100086c4                strlen
 *(.fini)
 .fini          0x10008720        0x4 C:/Users/travi/.pico-sdk/toolchain/14_2_Rel1/bin/../lib/gcc/arm-none-eabi/14.2.1/thumb/v6-m/nofp/crti.o
                0x10008720                _fini
 *fill*         0x10008724        0x4 
 .fini.__stub   0x10008728       0xe0 linker stubs
 *crtbegin.o(.ctors)
 *crtbegin?.o(.ctors)
 *(EXCLUDE_FILE(*crtend.o *crtend?.o) .ctors)
 *(SORT_BY_NAME(.ctors.*))
 *(.ctors)
 *crtbegin.o(.dtors)
 *crtbegin?.o(.dtors)
 *(EXCLUDE_FILE(*crtend.o *crtend?.o) .dtors)
 *(SORT_BY_NAME(.dtors.*))
 *(.dtors)
                0x10008808                        . = ALIGN (0x4)
                0x10008808                        PROVIDE (__preinit_array_start = .)
 *(SORT_BY_NAME(.preinit_array.*))
 .preinit_array.00100
                0x10008808        0x4 CMakeFiles/Controller.dir/C_/Users/travi/.pico-sdk/sdk/2.2.0/src/rp2_common/pico_runtime_init/runtime_init.c.obj
                0x10008808                __pre_init_runtime_init_early_resets
 .preinit_array.00101
                0x1000880c        0x4 CMakeFiles/Controller.dir/C_/Users/travi/.pico-sdk/sdk/2.2.0/src/rp2_common/pico_runtime_init/runtime_init.c.obj
                0x1000880c                __pre_init_runtime_init_usb_power_down
 .preinit_array.00275
                0x10008810        0x4 CMakeFiles/Controller.dir/C_/Users/travi/.pico-sdk/sdk/2.2.0/src/rp2_common/pico_bit_ops/bit_ops_aeabi.S.obj
 .preinit_array.00300
                0x10008814        0x4 CMakeFiles/Controller.dir/C_/Users/travi/.pico-sdk/sdk/2.2.0/src/rp2_common/pico_mem_ops/mem_ops_aeabi.S.obj
 .preinit_array.00350
                0x10008818        0x4 CMakeFiles/Controller.dir/C_/Users/travi/.pico-sdk/sdk/2.2.0/src/rp2_common/pico_double/double_aeabi_rp2040.S.obj
 .preinit_array.00350
                0x1000881c        0x4 CMakeFiles/Controller.dir/C_/Users/travi/.pico-sdk/sdk/2.2.0/src/rp2_common/pico_float/float_aeabi_rp2040.S.obj
 .preinit_array.00500
                0x10008820        0x4 CMakeFiles/Controller.dir/C_/Users/travi/.pico-sdk/sdk/2.2.0/src/rp2_common/pico_runtime_init/runtime_init.c.obj
                0x10008820                __pre_init_runtime_init_clocks
 .preinit_array.00600
                0x10008824        0x4 CMakeFiles/Controller.dir/C_/Users/travi/.pico-sdk/sdk/2.2.0/src/rp2_common/pico_runtime_init/runtime_init.c.obj
                0x10008824                __pre_init_runtime_init_post_clock_resets
 .preinit_array.00700
                0x10008828        0x4 CMakeFiles/Controller.dir/C_/Users/travi/.pico-sdk/sdk/2.2.0/src/rp2_common/pico_runtime_init/runtime_init.c.obj
                0x10008828                __pre_init_runtime_init_rp2040_gpio_ie_disable
 .preinit_array.01000
                0x1000882c        0x4 CMakeFiles/Controller.dir/C_/Users/travi/.pico-sdk/sdk/2.2.0/src/rp2_common/pico_runtime_init/runtime_init.c.obj
                0x1000882c                __pre_init_runtime_init_spin_locks_reset
 .preinit_array.01100
                0x10008830        0x4 CMakeFiles/Controller.dir/C_/Users/travi/.pico-sdk/sdk/2.2.0/src/common/pico_sync/mutex.c.obj
                0x10008830                __pre_init_runtime_init_mutex
 .preinit_array.10080
                0x10008834        0x4 CMakeFiles/Controller.dir/C_/Users/travi/.pico-sdk/sdk/2.2.0/src/rp2_common/pico_runtime_init/runtime_init.c.obj
                0x10008834                __pre_init_runtime_init_install_ram_vector_table
 .preinit_array.11000
                0x10008838        0x4 CMakeFiles/Controller.dir/C_/Users/travi/.pico-sdk/sdk/2.2.0/src/common/pico_time/time.c.obj
                0x10008838                __pre_init_runtime_init_default_alarm_pool
 .preinit_array.YYYYY
                0x1000883c        0x4 CMakeFiles/Controller.dir/C_/Users/travi/.pico-sdk/sdk/2.2.0/src/rp2_common/pico_runtime/runtime.c.obj
                0x1000883c                __pre_init_first_per_core_initializer
 .preinit_array.ZZZZZ.01200
                0x10008840        0x4 CMakeFiles/Controller.dir/C_/Users/travi/.pico-sdk/sdk/2.2.0/src/rp2_common/hardware_irq/irq.c.obj
                0x10008840                __pre_init_runtime_init_per_core_irq_priorities
 *(.preinit_array)
                0x10008844                        PROVIDE (__preinit_array_end = .)
                0x10008844                        . = ALIGN (0x4)
                0x10008844                        PROVIDE (__init_array_start = .)
 *(SORT_BY_NAME(.init_array.*))
 .init_array.01000
                0x10008844        0x4 CMakeFiles/Controller.dir/C_/Users/travi/.pico-sdk/sdk/2.2.0/src/rp2_common/pico_unique_id/unique_id.c.obj
 *(.init_array)
 .init_array    0x10008848        0x4 C:/Users/travi/.pico-sdk/toolchain/14_2_Rel1/bin/../lib/gcc/arm-none-eabi/14.2.1/thumb/v6-m/nofp/crtbegin.o
                0x1000884c                        PROVIDE (__init_array_end = .)
                0x1000884c                        . = ALIGN (0x4)
                [!provide]                        PROVIDE (__fini_array_start = .)
 *(SORT_BY_NAME(.fini_array.*))
 *(.fini_array)
                [!provide]                        PROVIDE (__fini_array_end = .)
 *(.eh_frame*)
 .eh_frame      0x1000884c        0x0 C:/Users/travi/.pico-sdk/toolchain/14_2_Rel1/bin/../lib/gcc/arm-none-eabi/14.2.1/thumb/v6-m/nofp/crtbegin.o
                0x1000884c                        . = ALIGN (0x4)

.glue_7         0x1000884c        0x0
 .glue_7        0x1000884c        0x0 linker stubs

.glue_7t        0x1000884c        0x0
 .glue_7t       0x1000884c        0x0 linker stubs

.vfp11_veneer   0x1000884c        0x0
 .vfp11_veneer  0x1000884c        0x0 linker stubs

.v4_bx          0x1000884c        0x0
 .v4_bx         0x1000884c        0x0 linker stubs

.iplt           0x1000884c        0x0
 .iplt          0x1000884c        0x0 C:/Users/travi/.pico-sdk/toolchain/14_2_Rel1/bin/../lib/gcc/arm-none-eabi/14.2.1/thumb/v6-m/nofp/crtbegin.o

.rodata         0x10008850      0xb0c
 *(EXCLUDE_FILE(*libm.a: *libc.a:*lib_a-mem*.o *libgcc.a:) .rodata*)
 .rodata.main.str1.4
                0x10008850      0x590 CMakeFiles/Controller.dir/Controller.c.obj
                                 0x11 (size before relaxing)
 .rodata.GetStatusCodeName.str1.4
                0x10008de0      0x104 CMakeFiles/Controller.dir/mfrc522.c.obj
 .rodata.PICC_GetTypeName.str1.4
                0x10008de0       0xf0 CMakeFiles/Controller.dir/mfrc522.c.obj
 .rodata.PCD_DumpVersionToSerial.str1.4
                0x10008de0       0xa4 CMakeFiles/Controller.dir/mfrc522.c.obj
 .rodata.PICC_DumpDetailsToSerial.str1.4
                0x10008de0       0x2d CMakeFiles/Controller.dir/mfrc522.c.obj
 .rodata.PICC_DumpDetailsToSerial
                0x10008de0       0x24 CMakeFiles/Controller.dir/mfrc522.c.obj
 .rodata.PICC_DumpMifareClassicSectorToSerial.str1.4
                0x10008e04       0x8c CMakeFiles/Controller.dir/mfrc522.c.obj
 .rodata.PICC_DumpMifareClassicSectorToSerial
                0x10008e04       0x40 CMakeFiles/Controller.dir/mfrc522.c.obj
 .rodata.PICC_DumpMifareClassicToSerial.str1.4
                0x10008e44       0x4e CMakeFiles/Controller.dir/mfrc522.c.obj
 .rodata.PICC_DumpMifareUltralightToSerial.str1.4
                0x10008e44       0x12 CMakeFiles/Controller.dir/mfrc522.c.obj
 .rodata.PICC_DumpMifareUltralightToSerial
                0x10008e44       0x20 CMakeFiles/Controller.dir/mfrc522.c.obj
 .rodata.PICC_DumpToSerial.str1.4
                0x10008e64       0x3d CMakeFiles/Controller.dir/mfrc522.c.obj
 .rodata.CSWTCH.141
                0x10008e64        0x3 CMakeFiles/Controller.dir/mfrc522.c.obj
 *fill*         0x10008e67        0x1 
 .rodata.CSWTCH.135
                0x10008e68       0x41 CMakeFiles/Controller.dir/mfrc522.c.obj
 .rodata.panic.str1.4
                0x10008ea9       0x12 CMakeFiles/Controller.dir/C_/Users/travi/.pico-sdk/sdk/2.2.0/src/rp2_common/pico_platform_panic/panic.c.obj
 .rodata.spin_lock_claim_unused.str1.4
                0x10008ea9       0x1b CMakeFiles/Controller.dir/C_/Users/travi/.pico-sdk/sdk/2.2.0/src/rp2_common/hardware_sync/sync.c.obj
 .rodata.user_irq_claim_unused.str1.4
                0x10008ea9       0x1b CMakeFiles/Controller.dir/C_/Users/travi/.pico-sdk/sdk/2.2.0/src/rp2_common/hardware_irq/irq.c.obj
 .rodata.timer_hardware_alarm_claim.str1.4
                0x10008ea9       0x22 CMakeFiles/Controller.dir/C_/Users/travi/.pico-sdk/sdk/2.2.0/src/rp2_common/hardware_timer/timer.c.obj
 .rodata.hard_assertion_failure.str1.4
                0x10008ea9        0xc CMakeFiles/Controller.dir/C_/Users/travi/.pico-sdk/sdk/2.2.0/src/rp2_common/pico_runtime/runtime.c.obj
 .rodata.missing_double_func_shim.str1.4
                0x10008ea9       0x18 CMakeFiles/Controller.dir/C_/Users/travi/.pico-sdk/sdk/2.2.0/src/rp2_common/pico_double/double_init_rom_rp2040.c.obj
 .rodata.missing_float_func_shim.str1.4
                0x10008ea9        0x1 CMakeFiles/Controller.dir/C_/Users/travi/.pico-sdk/sdk/2.2.0/src/rp2_common/pico_float/float_init_rom_rp2040.c.obj
 .rodata.str1.4
                0x10008ea9       0x44 CMakeFiles/Controller.dir/C_/Users/travi/.pico-sdk/sdk/2.2.0/src/rp2_common/pico_standard_binary_info/standard_binary_info.c.obj
 *fill*         0x10008ea9        0x3 
 .rodata.__bi_84
                0x10008eac        0xc CMakeFiles/Controller.dir/C_/Users/travi/.pico-sdk/sdk/2.2.0/src/rp2_common/pico_standard_binary_info/standard_binary_info.c.obj
 .rodata.__bi_78
                0x10008eb8        0xc CMakeFiles/Controller.dir/C_/Users/travi/.pico-sdk/sdk/2.2.0/src/rp2_common/pico_standard_binary_info/standard_binary_info.c.obj
 .rodata.__bi_60
                0x10008ec4        0xc CMakeFiles/Controller.dir/C_/Users/travi/.pico-sdk/sdk/2.2.0/src/rp2_common/pico_standard_binary_info/standard_binary_info.c.obj
 .rodata.__bi_54
                0x10008ed0        0xc CMakeFiles/Controller.dir/C_/Users/travi/.pico-sdk/sdk/2.2.0/src/rp2_common/pico_standard_binary_info/standard_binary_info.c.obj
 .rodata.__bi_48
                0x10008edc        0xc CMakeFiles/Controller.dir/C_/Users/travi/.pico-sdk/sdk/2.2.0/src/rp2_common/pico_standard_binary_info/standard_binary_info.c.obj
 .rodata.__bi_42
                0x10008ee8        0xc CMakeFiles/Controller.dir/C_/Users/travi/.pico-sdk/sdk/2.2.0/src/rp2_common/pico_standard_binary_info/standard_binary_info.c.obj
 .rodata.__bi_34
                0x10008ef4        0xc CMakeFiles/Controller.dir/C_/Users/travi/.pico-sdk/sdk/2.2.0/src/rp2_common/pico_standard_binary_info/standard_binary_info.c.obj
 .rodata.__bi_26
                0x10008f00        0xc CMakeFiles/Controller.dir/C_/Users/travi/.pico-sdk/sdk/2.2.0/src/rp2_common/pico_standard_binary_info/standard_binary_info.c.obj
 .rodata._ftoa.str1.4
                0x10008f0c       0x15 CMakeFiles/Controller.dir/C_/Users/travi/.pico-sdk/sdk/2.2.0/src/rp2_common/pico_printf/printf.c.obj
 .rodata._vsnprintf
                0x10008f0c      0x19c CMakeFiles/Controller.dir/C_/Users/travi/.pico-sdk/sdk/2.2.0/src/rp2_common/pico_printf/printf.c.obj
 .rodata.pow10.0
                0x100090a8       0x50 CMakeFiles/Controller.dir/C_/Users/travi/.pico-sdk/sdk/2.2.0/src/rp2_common/pico_printf/printf.c.obj
 .rodata.crlf_str.0
                0x100090f8        0x2 CMakeFiles/Controller.dir/C_/Users/travi/.pico-sdk/sdk/2.2.0/src/rp2_common/pico_stdio/stdio.c.obj
 *fill*         0x100090fa        0x2 
 .rodata._resetd_driver
                0x100090fc       0x20 CMakeFiles/Controller.dir/C_/Users/travi/.pico-sdk/sdk/2.2.0/src/rp2_common/pico_stdio_usb/reset_interface.c.obj
 .rodata.desc_ms_os_20
                0x1000911c       0xa6 CMakeFiles/Controller.dir/C_/Users/travi/.pico-sdk/sdk/2.2.0/src/rp2_common/pico_stdio_usb/reset_interface.c.obj
 *fill*         0x100091c2        0x2 
 .rodata.desc_bos
                0x100091c4       0x21 CMakeFiles/Controller.dir/C_/Users/travi/.pico-sdk/sdk/2.2.0/src/rp2_common/pico_stdio_usb/reset_interface.c.obj
                0x100091c4                desc_bos
 .rodata.str1.4
                0x100091e5       0x13 CMakeFiles/Controller.dir/C_/Users/travi/.pico-sdk/sdk/2.2.0/src/rp2_common/pico_stdio_usb/stdio_usb.c.obj
 *fill*         0x100091e5        0x3 
 .rodata.__bi_202.0
                0x100091e8        0xc CMakeFiles/Controller.dir/C_/Users/travi/.pico-sdk/sdk/2.2.0/src/rp2_common/pico_stdio_usb/stdio_usb.c.obj
 .rodata.str1.4
                0x100091f4       0x2a CMakeFiles/Controller.dir/C_/Users/travi/.pico-sdk/sdk/2.2.0/src/rp2_common/pico_stdio_usb/stdio_usb_descriptors.c.obj
 .rodata.usbd_desc_str
                0x100091f4       0x18 CMakeFiles/Controller.dir/C_/Users/travi/.pico-sdk/sdk/2.2.0/src/rp2_common/pico_stdio_usb/stdio_usb_descriptors.c.obj
 .rodata.usbd_desc_cfg
                0x1000920c       0x54 CMakeFiles/Controller.dir/C_/Users/travi/.pico-sdk/sdk/2.2.0/src/rp2_common/pico_stdio_usb/stdio_usb_descriptors.c.obj
 .rodata.usbd_desc_device
                0x10009260       0x12 CMakeFiles/Controller.dir/C_/Users/travi/.pico-sdk/sdk/2.2.0/src/rp2_common/pico_stdio_usb/stdio_usb_descriptors.c.obj
 .rodata.str1.4
                0x10009272       0x14 CMakeFiles/Controller.dir/C_/Users/travi/.pico-sdk/sdk/2.2.0/lib/tinyusb/src/portable/raspberrypi/rp2040/dcd_rp2040.c.obj
 .rodata.str1.4
                0x10009272       0x48 CMakeFiles/Controller.dir/C_/Users/travi/.pico-sdk/sdk/2.2.0/lib/tinyusb/src/portable/raspberrypi/rp2040/rp2040_usb.c.obj
 *fill*         0x10009272        0x2 
 .rodata.tud_task_ext
                0x10009274       0x8c CMakeFiles/Controller.dir/C_/Users/travi/.pico-sdk/sdk/2.2.0/lib/tinyusb/src/device/usbd.c.obj
 .rodata        0x10009300       0x1c CMakeFiles/Controller.dir/C_/Users/travi/.pico-sdk/sdk/2.2.0/lib/tinyusb/src/device/usbd.c.obj
 .rodata._usbd_driver
                0x1000931c       0x40 CMakeFiles/Controller.dir/C_/Users/travi/.pico-sdk/sdk/2.2.0/lib/tinyusb/src/device/usbd.c.obj
                0x1000935c                        . = ALIGN (0x4)
 *(SORT_BY_ALIGNMENT(SORT_BY_NAME(.flashdata*)))
                0x1000935c                        . = ALIGN (0x4)

.ARM.extab
 *(.ARM.extab* .gnu.linkonce.armextab.*)
                0x1000935c                        __exidx_start = .

.ARM.exidx
 *(.ARM.exidx* .gnu.linkonce.armexidx.*)
                0x1000935c                        __exidx_end = .
                0x1000935c                        . = ALIGN (0x4)
                0x1000935c                        __binary_info_start = .

.binary_info    0x1000935c       0x24
 *(.binary_info.keep.*)
 .binary_info.keep.__bi_ptr84
                0x1000935c        0x4 CMakeFiles/Controller.dir/C_/Users/travi/.pico-sdk/sdk/2.2.0/src/rp2_common/pico_standard_binary_info/standard_binary_info.c.obj
 .binary_info.keep.__bi_ptr78
                0x10009360        0x4 CMakeFiles/Controller.dir/C_/Users/travi/.pico-sdk/sdk/2.2.0/src/rp2_common/pico_standard_binary_info/standard_binary_info.c.obj
 .binary_info.keep.__bi_ptr60
                0x10009364        0x4 CMakeFiles/Controller.dir/C_/Users/travi/.pico-sdk/sdk/2.2.0/src/rp2_common/pico_standard_binary_info/standard_binary_info.c.obj
 .binary_info.keep.__bi_ptr54
                0x10009368        0x4 CMakeFiles/Controller.dir/C_/Users/travi/.pico-sdk/sdk/2.2.0/src/rp2_common/pico_standard_binary_info/standard_binary_info.c.obj
 .binary_info.keep.__bi_ptr48
                0x1000936c        0x4 CMakeFiles/Controller.dir/C_/Users/travi/.pico-sdk/sdk/2.2.0/src/rp2_common/pico_standard_binary_info/standard_binary_info.c.obj
 .binary_info.keep.__bi_ptr42
                0x10009370        0x4 CMakeFiles/Controller.dir/C_/Users/travi/.pico-sdk/sdk/2.2.0/src/rp2_common/pico_standard_binary_info/standard_binary_info.c.obj
 .binary_info.keep.__bi_ptr34
                0x10009374        0x4 CMakeFiles/Controller.dir/C_/Users/travi/.pico-sdk/sdk/2.2.0/src/rp2_common/pico_standard_binary_info/standard_binary_info.c.obj
 .binary_info.keep.__bi_ptr26
                0x10009378        0x4 CMakeFiles/Controller.dir/C_/Users/travi/.pico-sdk/sdk/2.2.0/src/rp2_common/pico_standard_binary_info/standard_binary_info.c.obj
 *(.binary_info.*)
 .binary_info.__bi_ptr202
                0x1000937c        0x4 CMakeFiles/Controller.dir/C_/Users/travi/.pico-sdk/sdk/2.2.0/src/rp2_common/pico_stdio_usb/stdio_usb.c.obj
                0x10009380                        __binary_info_end = .
                0x10009380                        . = ALIGN (0x4)

.ram_vector_table
                0x20000000       0xc0
 *(.ram_vector_table)
 .ram_vector_table
                0x20000000       0xc0 CMakeFiles/Controller.dir/C_/Users/travi/.pico-sdk/sdk/2.2.0/src/rp2_common/pico_runtime_init/runtime_init.c.obj
                0x20000000                ram_vector_table

.uninitialized_data
                0x200000c0        0x0
                0x200000c0                        . = ALIGN (0x4)
 *(.uninitialized_data*)

.data           0x200000c0     0x10e0 load address 0x10009380
                0x200000c0                        __data_start__ = .
 *(vtable)
 *(.time_critical*)
 .time_critical.mutex_try_enter
                0x200000c0       0x40 CMakeFiles/Controller.dir/C_/Users/travi/.pico-sdk/sdk/2.2.0/src/common/pico_sync/mutex.c.obj
                0x200000c0                mutex_try_enter
 .time_critical.mutex_try_enter_block_until
                0x20000100       0x98 CMakeFiles/Controller.dir/C_/Users/travi/.pico-sdk/sdk/2.2.0/src/common/pico_sync/mutex.c.obj
                0x20000100                mutex_try_enter_block_until
 .time_critical.mutex_enter_timeout_ms
                0x20000198       0x8c CMakeFiles/Controller.dir/C_/Users/travi/.pico-sdk/sdk/2.2.0/src/common/pico_sync/mutex.c.obj
                0x20000198                mutex_enter_timeout_ms
 .time_critical.mutex_exit
                0x20000224       0x28 CMakeFiles/Controller.dir/C_/Users/travi/.pico-sdk/sdk/2.2.0/src/common/pico_sync/mutex.c.obj
                0x20000224                mutex_exit
 .time_critical.flash_init_boot2_copyout
                0x2000024c       0x30 CMakeFiles/Controller.dir/C_/Users/travi/.pico-sdk/sdk/2.2.0/src/rp2_common/hardware_flash/flash.c.obj
 .time_critical.flash_enable_xip_via_boot2
                0x2000027c        0xc CMakeFiles/Controller.dir/C_/Users/travi/.pico-sdk/sdk/2.2.0/src/rp2_common/hardware_flash/flash.c.obj
 .time_critical.flash_save_hardware_state
                0x20000288       0x20 CMakeFiles/Controller.dir/C_/Users/travi/.pico-sdk/sdk/2.2.0/src/rp2_common/hardware_flash/flash.c.obj
 .time_critical.flash_restore_hardware_state
                0x200002a8       0x20 CMakeFiles/Controller.dir/C_/Users/travi/.pico-sdk/sdk/2.2.0/src/rp2_common/hardware_flash/flash.c.obj
 .time_critical.flash_cs_force
                0x200002c8       0x38 CMakeFiles/Controller.dir/C_/Users/travi/.pico-sdk/sdk/2.2.0/src/rp2_common/hardware_flash/flash.c.obj
 .time_critical.flash_do_cmd
                0x20000300      0x13c CMakeFiles/Controller.dir/C_/Users/travi/.pico-sdk/sdk/2.2.0/src/rp2_common/hardware_flash/flash.c.obj
                0x20000300                flash_do_cmd
 .time_critical.reset_non_control_endpoints
                0x2000043c       0x68 CMakeFiles/Controller.dir/C_/Users/travi/.pico-sdk/sdk/2.2.0/lib/tinyusb/src/portable/raspberrypi/rp2040/dcd_rp2040.c.obj
 .time_critical.hw_handle_buff_status
                0x200004a4       0xa0 CMakeFiles/Controller.dir/C_/Users/travi/.pico-sdk/sdk/2.2.0/lib/tinyusb/src/portable/raspberrypi/rp2040/dcd_rp2040.c.obj
 .time_critical.dcd_rp2040_irq
                0x20000544      0x548 CMakeFiles/Controller.dir/C_/Users/travi/.pico-sdk/sdk/2.2.0/lib/tinyusb/src/portable/raspberrypi/rp2040/dcd_rp2040.c.obj
 .time_critical.prepare_ep_buffer
                0x20000a8c       0xc8 CMakeFiles/Controller.dir/C_/Users/travi/.pico-sdk/sdk/2.2.0/lib/tinyusb/src/portable/raspberrypi/rp2040/rp2040_usb.c.obj
 .time_critical.sync_ep_buffer
                0x20000b54       0x9c CMakeFiles/Controller.dir/C_/Users/travi/.pico-sdk/sdk/2.2.0/lib/tinyusb/src/portable/raspberrypi/rp2040/rp2040_usb.c.obj
 .time_critical._hw_endpoint_xfer_sync
                0x20000bf0       0x28 CMakeFiles/Controller.dir/C_/Users/travi/.pico-sdk/sdk/2.2.0/lib/tinyusb/src/portable/raspberrypi/rp2040/rp2040_usb.c.obj
 .time_critical.e15_is_bulkin_ep
                0x20000c18       0x28 CMakeFiles/Controller.dir/C_/Users/travi/.pico-sdk/sdk/2.2.0/lib/tinyusb/src/portable/raspberrypi/rp2040/rp2040_usb.c.obj
 .time_critical.e15_is_critical_frame_period
                0x20000c40       0x34 CMakeFiles/Controller.dir/C_/Users/travi/.pico-sdk/sdk/2.2.0/lib/tinyusb/src/portable/raspberrypi/rp2040/rp2040_usb.c.obj
 .time_critical.hw_endpoint_reset_transfer
                0x20000c74        0xc CMakeFiles/Controller.dir/C_/Users/travi/.pico-sdk/sdk/2.2.0/lib/tinyusb/src/portable/raspberrypi/rp2040/rp2040_usb.c.obj
                0x20000c74                hw_endpoint_reset_transfer
 .time_critical._hw_endpoint_buffer_control_update32
                0x20000c80       0x50 CMakeFiles/Controller.dir/C_/Users/travi/.pico-sdk/sdk/2.2.0/lib/tinyusb/src/portable/raspberrypi/rp2040/rp2040_usb.c.obj
                0x20000c80                _hw_endpoint_buffer_control_update32
 .time_critical.hw_endpoint_start_next_buffer
                0x20000cd0       0x68 CMakeFiles/Controller.dir/C_/Users/travi/.pico-sdk/sdk/2.2.0/lib/tinyusb/src/portable/raspberrypi/rp2040/rp2040_usb.c.obj
                0x20000cd0                hw_endpoint_start_next_buffer
 .time_critical.hw_endpoint_xfer_continue
                0x20000d38       0x40 CMakeFiles/Controller.dir/C_/Users/travi/.pico-sdk/sdk/2.2.0/lib/tinyusb/src/portable/raspberrypi/rp2040/rp2040_usb.c.obj
                0x20000d38                hw_endpoint_xfer_continue
 .time_critical.tinyusb
                0x20000d78      0x1e4 CMakeFiles/Controller.dir/C_/Users/travi/.pico-sdk/sdk/2.2.0/lib/tinyusb/src/device/usbd.c.obj
                0x20000d78                dcd_event_handler
 .time_critical.spi_write_blocking
                0x20000f5c       0x4c CMakeFiles/Controller.dir/C_/Users/travi/.pico-sdk/sdk/2.2.0/src/rp2_common/hardware_spi/spi.c.obj
                0x20000f5c                spi_write_blocking
 .time_critical.spi_read_blocking
                0x20000fa8       0xa8 CMakeFiles/Controller.dir/C_/Users/travi/.pico-sdk/sdk/2.2.0/src/rp2_common/hardware_spi/spi.c.obj
                0x20000fa8                spi_read_blocking
 *(.text*)
 .text          0x20001050        0x4 C:/Users/travi/.pico-sdk/toolchain/14_2_Rel1/bin/../lib/gcc/arm-none-eabi/14.2.1/thumb/v6-m/nofp\libgcc.a(_dvmd_tls.o)
                0x20001050                __aeabi_idiv0
                0x20001050                __aeabi_ldiv0
 *fill*         0x20001054        0x4 
 .text.__stub   0x20001058       0x80 linker stubs
                0x200010d8                        . = ALIGN (0x4)
 *(.rodata*)
                0x200010d8                        . = ALIGN (0x4)
 *(.data*)
 .data.striped_spin_lock_num
                0x200010d8        0x1 CMakeFiles/Controller.dir/C_/Users/travi/.pico-sdk/sdk/2.2.0/src/rp2_common/hardware_sync/sync.c.obj
 *fill*         0x200010d9        0x3 
 .data          0x200010dc       0x48 CMakeFiles/Controller.dir/C_/Users/travi/.pico-sdk/sdk/2.2.0/src/rp2_common/hardware_irq/irq_handler_chain.S.obj
                0x200010dc                irq_handler_chain_slots
                0x2000110c                irq_handler_chain_first_slot
                0x20001116                irq_handler_chain_remove_tail
 .data.default_alarm_pool
                0x20001124       0x18 CMakeFiles/Controller.dir/C_/Users/travi/.pico-sdk/sdk/2.2.0/src/common/pico_time/time.c.obj
 *fill*         0x2000113c        0x4 
 .data.aeabi_bits_funcs
                0x20001140       0x10 CMakeFiles/Controller.dir/C_/Users/travi/.pico-sdk/sdk/2.2.0/src/rp2_common/pico_bit_ops/bit_ops_aeabi.S.obj
                0x20001140                aeabi_bits_funcs
                0x20001150                aeabi_bits_funcs_end
 .data.aeabi_mem_funcs
                0x20001150       0x10 CMakeFiles/Controller.dir/C_/Users/travi/.pico-sdk/sdk/2.2.0/src/rp2_common/pico_mem_ops/mem_ops_aeabi.S.obj
                0x20001150                aeabi_mem_funcs
                0x20001160                aeabi_mem_funcs_end
 .data.stdio_usb
                0x20001160       0x18 CMakeFiles/Controller.dir/C_/Users/travi/.pico-sdk/sdk/2.2.0/src/rp2_common/pico_stdio_usb/stdio_usb.c.obj
                0x20001160                stdio_usb
 .data._usbd_qdef
                0x20001178       0x1c CMakeFiles/Controller.dir/C_/Users/travi/.pico-sdk/sdk/2.2.0/lib/tinyusb/src/device/usbd.c.obj
                0x20001178                _usbd_qdef
 .data._usbd_rhport
                0x20001194        0x1 CMakeFiles/Controller.dir/C_/Users/travi/.pico-sdk/sdk/2.2.0/lib/tinyusb/src/device/usbd.c.obj
                0x20001198                        . = ALIGN (0x4)
 *fill*         0x20001195        0x3 
 *(.after_data.*)
                0x20001198                        . = ALIGN (0x4)
                0x20001198                        PROVIDE (__mutex_array_start = .)
 *(SORT_BY_NAME(.mutex_array.*))
 *(.mutex_array)
 .mutex_array   0x20001198        0x8 CMakeFiles/Controller.dir/C_/Users/travi/.pico-sdk/sdk/2.2.0/src/rp2_common/pico_stdio/stdio.c.obj
                0x200011a0                        PROVIDE (__mutex_array_end = .)
                0x200011a0                        . = ALIGN (0x4)
 *(.jcr)
                0x200011a0                        . = ALIGN (0x4)

.tm_clone_table
                0x200011a0        0x0 load address 0x1000a460
 .tm_clone_table
                0x200011a0        0x0 C:/Users/travi/.pico-sdk/toolchain/14_2_Rel1/bin/../lib/gcc/arm-none-eabi/14.2.1/thumb/v6-m/nofp/crtbegin.o
 .tm_clone_table
                0x200011a0        0x0 C:/Users/travi/.pico-sdk/toolchain/14_2_Rel1/bin/../lib/gcc/arm-none-eabi/14.2.1/thumb/v6-m/nofp/crtend.o

.igot.plt       0x200011a0        0x0 load address 0x1000a460
 .igot.plt      0x200011a0        0x0 C:/Users/travi/.pico-sdk/toolchain/14_2_Rel1/bin/../lib/gcc/arm-none-eabi/14.2.1/thumb/v6-m/nofp/crtbegin.o

.tdata          0x200011a0        0x0 load address 0x1000a460
                0x200011a0                        . = ALIGN (0x4)
 *(.tdata .tdata.* .gnu.linkonce.td.*)
                0x200011a0                        __tdata_end = .
                0x200011a0                        PROVIDE (__data_end__ = .)
                0x10009380                        __etext = LOADADDR (.data)

.tbss           0x200011a0        0x0 load address 0x1000a460
                0x200011a0                        . = ALIGN (0x4)
                0x200011a0                        __bss_start__ = .
                0x200011a0                        __tls_base = .
 *(.tbss .tbss.* .gnu.linkonce.tb.*)
 *(.tcommon)
                0x200011a0                        __tls_end = .

.bss            0x200011a0      0xf30 load address 0x1000a460
                0x200011a0                        . = ALIGN (0x4)
                0x200011a0                        __tbss_end = .
 *(SORT_BY_ALIGNMENT(SORT_BY_NAME(.bss*)))
 .bss.default_alarm_pool_entries
                0x200011a0      0x180 CMakeFiles/Controller.dir/C_/Users/travi/.pico-sdk/sdk/2.2.0/src/common/pico_time/time.c.obj
 .bss.last_avail_time.1
                0x20001320        0x8 CMakeFiles/Controller.dir/C_/Users/travi/.pico-sdk/sdk/2.2.0/src/rp2_common/pico_stdio_usb/stdio_usb.c.obj
 .bss.sd_table  0x20001328      0x100 CMakeFiles/Controller.dir/C_/Users/travi/.pico-sdk/sdk/2.2.0/src/rp2_common/pico_double/double_init_rom_rp2040.c.obj
                0x20001328                sd_table
 .bss.MFRC_Instance_Counter
                0x20001428        0x4 CMakeFiles/Controller.dir/mfrc522.c.obj
 .bss._app_driver
                0x2000142c        0x4 CMakeFiles/Controller.dir/C_/Users/travi/.pico-sdk/sdk/2.2.0/lib/tinyusb/src/device/usbd.c.obj
 .bss._cdcd_epbuf
                0x20001430       0x80 CMakeFiles/Controller.dir/C_/Users/travi/.pico-sdk/sdk/2.2.0/lib/tinyusb/src/class/cdc/cdc_device.c.obj
 .bss._cdcd_fifo_cfg
                0x200014b0        0x1 CMakeFiles/Controller.dir/C_/Users/travi/.pico-sdk/sdk/2.2.0/lib/tinyusb/src/class/cdc/cdc_device.c.obj
 *fill*         0x200014b1        0x3 
 .bss._cdcd_itf
                0x200014b4       0xc8 CMakeFiles/Controller.dir/C_/Users/travi/.pico-sdk/sdk/2.2.0/lib/tinyusb/src/class/cdc/cdc_device.c.obj
 .bss._ctrl_epbuf
                0x2000157c       0x40 CMakeFiles/Controller.dir/C_/Users/travi/.pico-sdk/sdk/2.2.0/lib/tinyusb/src/device/usbd_control.c.obj
 .bss._ctrl_xfer
                0x200015bc       0x14 CMakeFiles/Controller.dir/C_/Users/travi/.pico-sdk/sdk/2.2.0/lib/tinyusb/src/device/usbd_control.c.obj
 .bss._tusb_rhport_role
                0x200015d0        0x2 CMakeFiles/Controller.dir/C_/Users/travi/.pico-sdk/sdk/2.2.0/lib/tinyusb/src/tusb.c.obj
                0x200015d0                _tusb_rhport_role
 *fill*         0x200015d2        0x2 
 .bss._ubsd_mutexdef
                0x200015d4        0x8 CMakeFiles/Controller.dir/C_/Users/travi/.pico-sdk/sdk/2.2.0/lib/tinyusb/src/device/usbd.c.obj
 .bss._usbd_dev
                0x200015dc       0x54 CMakeFiles/Controller.dir/C_/Users/travi/.pico-sdk/sdk/2.2.0/lib/tinyusb/src/device/usbd.c.obj
 .bss._usbd_mutex
                0x20001630        0x4 CMakeFiles/Controller.dir/C_/Users/travi/.pico-sdk/sdk/2.2.0/lib/tinyusb/src/device/usbd.c.obj
 .bss._usbd_q   0x20001634        0x4 CMakeFiles/Controller.dir/C_/Users/travi/.pico-sdk/sdk/2.2.0/lib/tinyusb/src/device/usbd.c.obj
 .bss._usbd_qdef_buf
                0x20001638       0xc0 CMakeFiles/Controller.dir/C_/Users/travi/.pico-sdk/sdk/2.2.0/lib/tinyusb/src/device/usbd.c.obj
                0x20001638                _usbd_qdef_buf
 .bss._vendord_epbuf
                0x200016f8       0x80 CMakeFiles/Controller.dir/C_/Users/travi/.pico-sdk/sdk/2.2.0/lib/tinyusb/src/class/vendor/vendor_device.c.obj
 .bss._vendord_itf
                0x20001778      0x24c CMakeFiles/Controller.dir/C_/Users/travi/.pico-sdk/sdk/2.2.0/lib/tinyusb/src/class/vendor/vendor_device.c.obj
 .bss.boot2_copyout
                0x200019c4      0x100 CMakeFiles/Controller.dir/C_/Users/travi/.pico-sdk/sdk/2.2.0/src/rp2_common/hardware_flash/flash.c.obj
 .bss.chars_available_callback
                0x20001ac4        0x4 CMakeFiles/Controller.dir/C_/Users/travi/.pico-sdk/sdk/2.2.0/src/rp2_common/pico_stdio_usb/stdio_usb.c.obj
 .bss.chars_available_param
                0x20001ac8        0x4 CMakeFiles/Controller.dir/C_/Users/travi/.pico-sdk/sdk/2.2.0/src/rp2_common/pico_stdio_usb/stdio_usb.c.obj
 .bss.claimed   0x20001acc        0x4 CMakeFiles/Controller.dir/C_/Users/travi/.pico-sdk/sdk/2.2.0/src/rp2_common/hardware_sync/sync.c.obj
 .bss.claimed   0x20001ad0        0x1 CMakeFiles/Controller.dir/C_/Users/travi/.pico-sdk/sdk/2.2.0/src/rp2_common/hardware_timer/timer.c.obj
 *fill*         0x20001ad1        0x3 
 .bss.configured_freq
                0x20001ad4       0x28 CMakeFiles/Controller.dir/C_/Users/travi/.pico-sdk/sdk/2.2.0/src/rp2_common/hardware_clocks/clocks.c.obj
 .bss.desc_str.0
                0x20001afc       0x28 CMakeFiles/Controller.dir/C_/Users/travi/.pico-sdk/sdk/2.2.0/src/rp2_common/pico_stdio_usb/stdio_usb_descriptors.c.obj
 .bss.drivers   0x20001b24        0x4 CMakeFiles/Controller.dir/C_/Users/travi/.pico-sdk/sdk/2.2.0/src/rp2_common/pico_stdio/stdio.c.obj
 .bss.e15_last_sof
                0x20001b28        0x4 CMakeFiles/Controller.dir/C_/Users/travi/.pico-sdk/sdk/2.2.0/lib/tinyusb/src/portable/raspberrypi/rp2040/rp2040_usb.c.obj
                0x20001b28                e15_last_sof
 .bss.filter    0x20001b2c        0x4 CMakeFiles/Controller.dir/C_/Users/travi/.pico-sdk/sdk/2.2.0/src/rp2_common/pico_stdio/stdio.c.obj
 .bss.hw_endpoints
                0x20001b30      0x400 CMakeFiles/Controller.dir/C_/Users/travi/.pico-sdk/sdk/2.2.0/lib/tinyusb/src/portable/raspberrypi/rp2040/dcd_rp2040.c.obj
 .bss.lazy_vsnprintf
                0x20001f30        0x4 CMakeFiles/Controller.dir/C_/Users/travi/.pico-sdk/sdk/2.2.0/src/rp2_common/pico_printf/printf.c.obj
 .bss.load_value
                0x20001f34        0x4 CMakeFiles/Controller.dir/C_/Users/travi/.pico-sdk/sdk/2.2.0/src/rp2_common/hardware_watchdog/watchdog.c.obj
 .bss.mfrc_Instances.0
                0x20001f38       0x30 CMakeFiles/Controller.dir/mfrc522.c.obj
 .bss.next_buffer_ptr
                0x20001f68        0x4 CMakeFiles/Controller.dir/C_/Users/travi/.pico-sdk/sdk/2.2.0/lib/tinyusb/src/portable/raspberrypi/rp2040/dcd_rp2040.c.obj
 .bss.object.0  0x20001f6c       0x18 C:/Users/travi/.pico-sdk/toolchain/14_2_Rel1/bin/../lib/gcc/arm-none-eabi/14.2.1/thumb/v6-m/nofp/crtbegin.o
 .bss.one_shot_timer_crit_sec
                0x20001f84        0x8 CMakeFiles/Controller.dir/C_/Users/travi/.pico-sdk/sdk/2.2.0/src/rp2_common/pico_stdio_usb/stdio_usb.c.obj
 .bss.pools     0x20001f8c       0x10 CMakeFiles/Controller.dir/C_/Users/travi/.pico-sdk/sdk/2.2.0/src/common/pico_time/time.c.obj
 .bss.retrieved_id
                0x20001f9c        0x8 CMakeFiles/Controller.dir/C_/Users/travi/.pico-sdk/sdk/2.2.0/src/rp2_common/pico_unique_id/unique_id.c.obj
 .bss.sf_clz_func
                0x20001fa4        0x4 CMakeFiles/Controller.dir/C_/Users/travi/.pico-sdk/sdk/2.2.0/src/rp2_common/pico_double/double_init_rom_rp2040.c.obj
                0x20001fa4                sf_clz_func
 .bss.sf_table  0x20001fa8      0x100 CMakeFiles/Controller.dir/C_/Users/travi/.pico-sdk/sdk/2.2.0/src/rp2_common/pico_float/float_init_rom_rp2040.c.obj
                0x20001fa8                sf_table
 .bss.sleep_notifier
                0x200020a8        0x4 CMakeFiles/Controller.dir/C_/Users/travi/.pico-sdk/sdk/2.2.0/src/common/pico_time/time.c.obj
 .bss.stdio_usb_mutex
                0x200020ac        0x8 CMakeFiles/Controller.dir/C_/Users/travi/.pico-sdk/sdk/2.2.0/src/rp2_common/pico_stdio_usb/stdio_usb.c.obj
 .bss.usbd_serial_str
                0x200020b4       0x11 CMakeFiles/Controller.dir/C_/Users/travi/.pico-sdk/sdk/2.2.0/src/rp2_common/pico_stdio_usb/stdio_usb_descriptors.c.obj
 .bss._app_driver_count
                0x200020c5        0x1 CMakeFiles/Controller.dir/C_/Users/travi/.pico-sdk/sdk/2.2.0/lib/tinyusb/src/device/usbd.c.obj
 .bss._sof_enable
                0x200020c6        0x1 CMakeFiles/Controller.dir/C_/Users/travi/.pico-sdk/sdk/2.2.0/lib/tinyusb/src/portable/raspberrypi/rp2040/dcd_rp2040.c.obj
 .bss._usbd_queued_setup
                0x200020c7        0x1 CMakeFiles/Controller.dir/C_/Users/travi/.pico-sdk/sdk/2.2.0/lib/tinyusb/src/device/usbd.c.obj
 .bss.boot2_copyout_valid
                0x200020c8        0x1 CMakeFiles/Controller.dir/C_/Users/travi/.pico-sdk/sdk/2.2.0/src/rp2_common/hardware_flash/flash.c.obj
 .bss.irq_handler_chain_free_slot_head
                0x200020c9        0x1 CMakeFiles/Controller.dir/C_/Users/travi/.pico-sdk/sdk/2.2.0/src/rp2_common/hardware_irq/irq.c.obj
 .bss.itf_num   0x200020ca        0x1 CMakeFiles/Controller.dir/C_/Users/travi/.pico-sdk/sdk/2.2.0/src/rp2_common/pico_stdio_usb/reset_interface.c.obj
 .bss.low_priority_irq_num
                0x200020cb        0x1 CMakeFiles/Controller.dir/C_/Users/travi/.pico-sdk/sdk/2.2.0/src/rp2_common/pico_stdio_usb/stdio_usb.c.obj
 .bss.one_shot_timer_pending
                0x200020cc        0x1 CMakeFiles/Controller.dir/C_/Users/travi/.pico-sdk/sdk/2.2.0/src/rp2_common/pico_stdio_usb/stdio_usb.c.obj
 .bss.user_irq_claimed
                0x200020cd        0x1 CMakeFiles/Controller.dir/C_/Users/travi/.pico-sdk/sdk/2.2.0/src/rp2_common/hardware_irq/irq.c.obj
 *(COMMON)
                0x200020d0                        . = ALIGN (0x4)
 *fill*         0x200020ce        0x2 
                0x200020d0                        __bss_end__ = .

.heap           0x200020d0      0x800 load address 0x1000a460
                0x200020d0                        __end__ = .
                0x200020d0                        end = __end__
 *(.heap*)
 .heap          0x200020d0      0x800 CMakeFiles/Controller.dir/C_/Users/travi/.pico-sdk/sdk/2.2.0/src/rp2_common/pico_crt0/crt0.S.obj
                0x20040000                        __HeapLimit = (ORIGIN (RAM) + LENGTH (RAM))

.scratch_x      0x20040000        0x0 load address 0x1000a460
                0x20040000                        __scratch_x_start__ = .
 *(.scratch_x.*)
                0x20040000                        . = ALIGN (0x4)
                0x20040000                        __scratch_x_end__ = .
                0x1000a460                        __scratch_x_source__ = LOADADDR (.scratch_x)

.scratch_y      0x20041000        0x0 load address 0x1000a460
                0x20041000                        __scratch_y_start__ = .
 *(.scratch_y.*)
                0x20041000                        . = ALIGN (0x4)
                0x20041000                        __scratch_y_end__ = .
                0x1000a460                        __scratch_y_source__ = LOADADDR (.scratch_y)

.stack1_dummy
 *(.stack1*)

.stack_dummy    0x20041000      0x800
 *(.stack*)
 .stack         0x20041000      0x800 CMakeFiles/Controller.dir/C_/Users/travi/.pico-sdk/sdk/2.2.0/src/rp2_common/pico_crt0/crt0.S.obj

.rel.dyn        0x20041800        0x0
 .rel.iplt      0x20041800        0x0 C:/Users/travi/.pico-sdk/toolchain/14_2_Rel1/bin/../lib/gcc/arm-none-eabi/14.2.1/thumb/v6-m/nofp/crtbegin.o

.flash_end      0x1000a460        0x0
 *(.embedded_end_block*)
                0x1000a460                        PROVIDE (__flash_binary_end = .)
                0x20040000                        __StackLimit = (ORIGIN (RAM) + LENGTH (RAM))
                0x20041000                        __StackOneTop = (ORIGIN (SCRATCH_X) + LENGTH (SCRATCH_X))
                0x20042000                        __StackTop = (ORIGIN (SCRATCH_Y) + LENGTH (SCRATCH_Y))
                0x20041000                        __StackOneBottom = (__StackOneTop - SIZEOF (.stack1_dummy))
                0x20041800                        __StackBottom = (__StackTop - SIZEOF (.stack_dummy))
                0x20042000                        PROVIDE (__stack = __StackTop)
                [!provide]                        PROVIDE (__heap_start = __end__)
                [!provide]                        PROVIDE (__heap_end = __HeapLimit)
                [!provide]                        PROVIDE (__tls_align = MAX (ALIGNOF (.tdata), ALIGNOF (.tbss)))
                [!provide]                        PROVIDE (__tls_size_align = (((__tls_size + __tls_align) - 0x1) & ~ ((__tls_align - 0x1))))
                [!provide]                        PROVIDE (__arm32_tls_tcb_offset = MAX (0x8, __tls_align))
                [!provide]                        PROVIDE (_end = __end__)
                [!provide]                        PROVIDE (__llvm_libc_heap_limit = __HeapLimit)
                0x00000001                        ASSERT ((__StackLimit >= __HeapLimit), region RAM overflowed)
                0x00000001                        ASSERT (((__binary_info_header_end - __logical_binary_start) <= 0x100), Binary info must be in first 256 bytes of the binary)
LOAD CMakeFiles/Controller.dir/Controller.c.obj
LOAD CMakeFiles/Controller.dir/mfrc522.c.obj
LOAD CMakeFiles/Controller.dir/Button.c.obj
LOAD CMakeFiles/Controller.dir/C_/Users/travi/.pico-sdk/sdk/2.2.0/src/rp2_common/pico_stdlib/stdlib.c.obj
LOAD CMakeFiles/Controller.dir/C_/Users/travi/.pico-sdk/sdk/2.2.0/src/rp2_common/hardware_gpio/gpio.c.obj
LOAD CMakeFiles/Controller.dir/C_/Users/travi/.pico-sdk/sdk/2.2.0/src/rp2040/pico_platform/platform.c.obj
LOAD CMakeFiles/Controller.dir/C_/Users/travi/.pico-sdk/sdk/2.2.0/src/rp2_common/pico_platform_common/common.c.obj
LOAD CMakeFiles/Controller.dir/C_/Users/travi/.pico-sdk/sdk/2.2.0/src/rp2_common/pico_platform_panic/panic.c.obj
LOAD CMakeFiles/Controller.dir/C_/Users/travi/.pico-sdk/sdk/2.2.0/src/common/hardware_claim/claim.c.obj
LOAD CMakeFiles/Controller.dir/C_/Users/travi/.pico-sdk/sdk/2.2.0/src/rp2_common/hardware_sync/sync.c.obj
LOAD CMakeFiles/Controller.dir/C_/Users/travi/.pico-sdk/sdk/2.2.0/src/rp2_common/hardware_sync_spin_lock/sync_spin_lock.c.obj
LOAD CMakeFiles/Controller.dir/C_/Users/travi/.pico-sdk/sdk/2.2.0/src/rp2_common/hardware_irq/irq.c.obj
LOAD CMakeFiles/Controller.dir/C_/Users/travi/.pico-sdk/sdk/2.2.0/src/rp2_common/hardware_irq/irq_handler_chain.S.obj